###############################################################################
#
# IAR ELF Linker V7.20.2.7424/W32 for ARM                 19/Feb/2017  15:31:41
# Copyright 2007-2014 IAR Systems AB.
#
#    Output file  =  
#        E:\ZhiNengChe\山外资料\山外K60参考代码V5.3（支持FX、FN和DNZ）\书外的参考例程\LCD_摄像头_多功能调试上位机\Prj\IAR\FN15_Debug\Exe\vcan_Kinetis.out
#    Map file     =  
#        E:\ZhiNengChe\山外资料\山外K60参考代码V5.3（支持FX、FN和DNZ）\书外的参考例程\LCD_摄像头_多功能调试上位机\Prj\IAR\FN15_Debug\List\vcan_Kinetis.map
#    Command line =  
#        E:\ZhiNengChe\山外资料\山外K60参考代码V5.3（支持FX、FN和DNZ）\书外的参考例程\LCD_摄像头_多功能调试上位机\Prj\IAR\FN15_Debug\Obj\diskio.o
#        E:\ZhiNengChe\山外资料\山外K60参考代码V5.3（支持FX、FN和DNZ）\书外的参考例程\LCD_摄像头_多功能调试上位机\Prj\IAR\FN15_Debug\Obj\ff.o
#        E:\ZhiNengChe\山外资料\山外K60参考代码V5.3（支持FX、FN和DNZ）\书外的参考例程\LCD_摄像头_多功能调试上位机\Prj\IAR\FN15_Debug\Obj\handle.o
#        E:\ZhiNengChe\山外资料\山外K60参考代码V5.3（支持FX、FN和DNZ）\书外的参考例程\LCD_摄像头_多功能调试上位机\Prj\IAR\FN15_Debug\Obj\main.o
#        E:\ZhiNengChe\山外资料\山外K60参考代码V5.3（支持FX、FN和DNZ）\书外的参考例程\LCD_摄像头_多功能调试上位机\Prj\IAR\FN15_Debug\Obj\misc.o
#        E:\ZhiNengChe\山外资料\山外K60参考代码V5.3（支持FX、FN和DNZ）\书外的参考例程\LCD_摄像头_多功能调试上位机\Prj\IAR\FN15_Debug\Obj\MK60_adc.o
#        E:\ZhiNengChe\山外资料\山外K60参考代码V5.3（支持FX、FN和DNZ）\书外的参考例程\LCD_摄像头_多功能调试上位机\Prj\IAR\FN15_Debug\Obj\MK60_can.o
#        E:\ZhiNengChe\山外资料\山外K60参考代码V5.3（支持FX、FN和DNZ）\书外的参考例程\LCD_摄像头_多功能调试上位机\Prj\IAR\FN15_Debug\Obj\MK60_conf.o
#        E:\ZhiNengChe\山外资料\山外K60参考代码V5.3（支持FX、FN和DNZ）\书外的参考例程\LCD_摄像头_多功能调试上位机\Prj\IAR\FN15_Debug\Obj\MK60_dac.o
#        E:\ZhiNengChe\山外资料\山外K60参考代码V5.3（支持FX、FN和DNZ）\书外的参考例程\LCD_摄像头_多功能调试上位机\Prj\IAR\FN15_Debug\Obj\MK60_dma.o
#        E:\ZhiNengChe\山外资料\山外K60参考代码V5.3（支持FX、FN和DNZ）\书外的参考例程\LCD_摄像头_多功能调试上位机\Prj\IAR\FN15_Debug\Obj\MK60_DWT.o
#        E:\ZhiNengChe\山外资料\山外K60参考代码V5.3（支持FX、FN和DNZ）\书外的参考例程\LCD_摄像头_多功能调试上位机\Prj\IAR\FN15_Debug\Obj\MK60_flash.o
#        E:\ZhiNengChe\山外资料\山外K60参考代码V5.3（支持FX、FN和DNZ）\书外的参考例程\LCD_摄像头_多功能调试上位机\Prj\IAR\FN15_Debug\Obj\MK60_flexbus.o
#        E:\ZhiNengChe\山外资料\山外K60参考代码V5.3（支持FX、FN和DNZ）\书外的参考例程\LCD_摄像头_多功能调试上位机\Prj\IAR\FN15_Debug\Obj\MK60_ftm.o
#        E:\ZhiNengChe\山外资料\山外K60参考代码V5.3（支持FX、FN和DNZ）\书外的参考例程\LCD_摄像头_多功能调试上位机\Prj\IAR\FN15_Debug\Obj\MK60_gpio.o
#        E:\ZhiNengChe\山外资料\山外K60参考代码V5.3（支持FX、FN和DNZ）\书外的参考例程\LCD_摄像头_多功能调试上位机\Prj\IAR\FN15_Debug\Obj\MK60_i2c.o
#        E:\ZhiNengChe\山外资料\山外K60参考代码V5.3（支持FX、FN和DNZ）\书外的参考例程\LCD_摄像头_多功能调试上位机\Prj\IAR\FN15_Debug\Obj\MK60_it.o
#        E:\ZhiNengChe\山外资料\山外K60参考代码V5.3（支持FX、FN和DNZ）\书外的参考例程\LCD_摄像头_多功能调试上位机\Prj\IAR\FN15_Debug\Obj\MK60_lptmr.o
#        E:\ZhiNengChe\山外资料\山外K60参考代码V5.3（支持FX、FN和DNZ）\书外的参考例程\LCD_摄像头_多功能调试上位机\Prj\IAR\FN15_Debug\Obj\MK60_mcg.o
#        E:\ZhiNengChe\山外资料\山外K60参考代码V5.3（支持FX、FN和DNZ）\书外的参考例程\LCD_摄像头_多功能调试上位机\Prj\IAR\FN15_Debug\Obj\MK60_PIT.o
#        E:\ZhiNengChe\山外资料\山外K60参考代码V5.3（支持FX、FN和DNZ）\书外的参考例程\LCD_摄像头_多功能调试上位机\Prj\IAR\FN15_Debug\Obj\MK60_port.o
#        E:\ZhiNengChe\山外资料\山外K60参考代码V5.3（支持FX、FN和DNZ）\书外的参考例程\LCD_摄像头_多功能调试上位机\Prj\IAR\FN15_Debug\Obj\MK60_rtc.o
#        E:\ZhiNengChe\山外资料\山外K60参考代码V5.3（支持FX、FN和DNZ）\书外的参考例程\LCD_摄像头_多功能调试上位机\Prj\IAR\FN15_Debug\Obj\MK60_sdhc.o
#        E:\ZhiNengChe\山外资料\山外K60参考代码V5.3（支持FX、FN和DNZ）\书外的参考例程\LCD_摄像头_多功能调试上位机\Prj\IAR\FN15_Debug\Obj\MK60_spi.o
#        E:\ZhiNengChe\山外资料\山外K60参考代码V5.3（支持FX、FN和DNZ）\书外的参考例程\LCD_摄像头_多功能调试上位机\Prj\IAR\FN15_Debug\Obj\MK60_SysTick.o
#        E:\ZhiNengChe\山外资料\山外K60参考代码V5.3（支持FX、FN和DNZ）\书外的参考例程\LCD_摄像头_多功能调试上位机\Prj\IAR\FN15_Debug\Obj\MK60_uart.o
#        E:\ZhiNengChe\山外资料\山外K60参考代码V5.3（支持FX、FN和DNZ）\书外的参考例程\LCD_摄像头_多功能调试上位机\Prj\IAR\FN15_Debug\Obj\MK60_usb.o
#        E:\ZhiNengChe\山外资料\山外K60参考代码V5.3（支持FX、FN和DNZ）\书外的参考例程\LCD_摄像头_多功能调试上位机\Prj\IAR\FN15_Debug\Obj\MK60_wdog.o
#        E:\ZhiNengChe\山外资料\山外K60参考代码V5.3（支持FX、FN和DNZ）\书外的参考例程\LCD_摄像头_多功能调试上位机\Prj\IAR\FN15_Debug\Obj\oled.o
#        E:\ZhiNengChe\山外资料\山外K60参考代码V5.3（支持FX、FN和DNZ）\书外的参考例程\LCD_摄像头_多功能调试上位机\Prj\IAR\FN15_Debug\Obj\startup_MK60DZ10.o
#        E:\ZhiNengChe\山外资料\山外K60参考代码V5.3（支持FX、FN和DNZ）\书外的参考例程\LCD_摄像头_多功能调试上位机\Prj\IAR\FN15_Debug\Obj\system_MK60DZ10.o
#        E:\ZhiNengChe\山外资料\山外K60参考代码V5.3（支持FX、FN和DNZ）\书外的参考例程\LCD_摄像头_多功能调试上位机\Prj\IAR\FN15_Debug\Obj\USB.o
#        E:\ZhiNengChe\山外资料\山外K60参考代码V5.3（支持FX、FN和DNZ）\书外的参考例程\LCD_摄像头_多功能调试上位机\Prj\IAR\FN15_Debug\Obj\USB_CDC.o
#        E:\ZhiNengChe\山外资料\山外K60参考代码V5.3（支持FX、FN和DNZ）\书外的参考例程\LCD_摄像头_多功能调试上位机\Prj\IAR\FN15_Debug\Obj\VCAN_ASCII.o
#        E:\ZhiNengChe\山外资料\山外K60参考代码V5.3（支持FX、FN和DNZ）\书外的参考例程\LCD_摄像头_多功能调试上位机\Prj\IAR\FN15_Debug\Obj\VCAN_BMP.o
#        E:\ZhiNengChe\山外资料\山外K60参考代码V5.3（支持FX、FN和DNZ）\书外的参考例程\LCD_摄像头_多功能调试上位机\Prj\IAR\FN15_Debug\Obj\VCAN_camera.o
#        E:\ZhiNengChe\山外资料\山外K60参考代码V5.3（支持FX、FN和DNZ）\书外的参考例程\LCD_摄像头_多功能调试上位机\Prj\IAR\FN15_Debug\Obj\VCAN_computer.o
#        E:\ZhiNengChe\山外资料\山外K60参考代码V5.3（支持FX、FN和DNZ）\书外的参考例程\LCD_摄像头_多功能调试上位机\Prj\IAR\FN15_Debug\Obj\vcan_img2sd.o
#        E:\ZhiNengChe\山外资料\山外K60参考代码V5.3（支持FX、FN和DNZ）\书外的参考例程\LCD_摄像头_多功能调试上位机\Prj\IAR\FN15_Debug\Obj\VCAN_key.o
#        E:\ZhiNengChe\山外资料\山外K60参考代码V5.3（支持FX、FN和DNZ）\书外的参考例程\LCD_摄像头_多功能调试上位机\Prj\IAR\FN15_Debug\Obj\VCAN_key_event.o
#        E:\ZhiNengChe\山外资料\山外K60参考代码V5.3（支持FX、FN和DNZ）\书外的参考例程\LCD_摄像头_多功能调试上位机\Prj\IAR\FN15_Debug\Obj\VCAN_LCD.o
#        E:\ZhiNengChe\山外资料\山外K60参考代码V5.3（支持FX、FN和DNZ）\书外的参考例程\LCD_摄像头_多功能调试上位机\Prj\IAR\FN15_Debug\Obj\VCAN_LCD_CH.o
#        E:\ZhiNengChe\山外资料\山外K60参考代码V5.3（支持FX、FN和DNZ）\书外的参考例程\LCD_摄像头_多功能调试上位机\Prj\IAR\FN15_Debug\Obj\VCAN_LCD_ILI9341.o
#        E:\ZhiNengChe\山外资料\山外K60参考代码V5.3（支持FX、FN和DNZ）\书外的参考例程\LCD_摄像头_多功能调试上位机\Prj\IAR\FN15_Debug\Obj\VCAN_LCD_ST7735R.o
#        E:\ZhiNengChe\山外资料\山外K60参考代码V5.3（支持FX、FN和DNZ）\书外的参考例程\LCD_摄像头_多功能调试上位机\Prj\IAR\FN15_Debug\Obj\VCAN_LCD_ST7735S.o
#        E:\ZhiNengChe\山外资料\山外K60参考代码V5.3（支持FX、FN和DNZ）\书外的参考例程\LCD_摄像头_多功能调试上位机\Prj\IAR\FN15_Debug\Obj\VCAN_LED.o
#        E:\ZhiNengChe\山外资料\山外K60参考代码V5.3（支持FX、FN和DNZ）\书外的参考例程\LCD_摄像头_多功能调试上位机\Prj\IAR\FN15_Debug\Obj\VCAN_MMA7455.o
#        E:\ZhiNengChe\山外资料\山外K60参考代码V5.3（支持FX、FN和DNZ）\书外的参考例程\LCD_摄像头_多功能调试上位机\Prj\IAR\FN15_Debug\Obj\VCAN_NRF24L0.o
#        E:\ZhiNengChe\山外资料\山外K60参考代码V5.3（支持FX、FN和DNZ）\书外的参考例程\LCD_摄像头_多功能调试上位机\Prj\IAR\FN15_Debug\Obj\VCAN_NRF24L0_MSG.o
#        E:\ZhiNengChe\山外资料\山外K60参考代码V5.3（支持FX、FN和DNZ）\书外的参考例程\LCD_摄像头_多功能调试上位机\Prj\IAR\FN15_Debug\Obj\VCAN_OV7725_Eagle.o
#        E:\ZhiNengChe\山外资料\山外K60参考代码V5.3（支持FX、FN和DNZ）\书外的参考例程\LCD_摄像头_多功能调试上位机\Prj\IAR\FN15_Debug\Obj\VCAN_OV7725_Wolf.o
#        E:\ZhiNengChe\山外资料\山外K60参考代码V5.3（支持FX、FN和DNZ）\书外的参考例程\LCD_摄像头_多功能调试上位机\Prj\IAR\FN15_Debug\Obj\VCAN_RTC_count.o
#        E:\ZhiNengChe\山外资料\山外K60参考代码V5.3（支持FX、FN和DNZ）\书外的参考例程\LCD_摄像头_多功能调试上位机\Prj\IAR\FN15_Debug\Obj\VCAN_SCCB.o
#        E:\ZhiNengChe\山外资料\山外K60参考代码V5.3（支持FX、FN和DNZ）\书外的参考例程\LCD_摄像头_多功能调试上位机\Prj\IAR\FN15_Debug\Obj\vcan_sd_app.o
#        E:\ZhiNengChe\山外资料\山外K60参考代码V5.3（支持FX、FN和DNZ）\书外的参考例程\LCD_摄像头_多功能调试上位机\Prj\IAR\FN15_Debug\Obj\Vcan_touch.o
#        E:\ZhiNengChe\山外资料\山外K60参考代码V5.3（支持FX、FN和DNZ）\书外的参考例程\LCD_摄像头_多功能调试上位机\Prj\IAR\FN15_Debug\Obj\VCAN_TSL1401.o
#        E:\ZhiNengChe\山外资料\山外K60参考代码V5.3（支持FX、FN和DNZ）\书外的参考例程\LCD_摄像头_多功能调试上位机\Prj\IAR\FN15_Debug\Obj\VCAN_UI_VAR.o
#        E:\ZhiNengChe\山外资料\山外K60参考代码V5.3（支持FX、FN和DNZ）\书外的参考例程\LCD_摄像头_多功能调试上位机\Prj\IAR\FN15_Debug\Obj\vectors.o
#        --redirect _Printf=_PrintfLargeNoMb --redirect _Scanf=_ScanfLargeNoMb
#        -o
#        E:\ZhiNengChe\山外资料\山外K60参考代码V5.3（支持FX、FN和DNZ）\书外的参考例程\LCD_摄像头_多功能调试上位机\Prj\IAR\FN15_Debug\Exe\vcan_Kinetis.out
#        --map
#        E:\ZhiNengChe\山外资料\山外K60参考代码V5.3（支持FX、FN和DNZ）\书外的参考例程\LCD_摄像头_多功能调试上位机\Prj\IAR\FN15_Debug\List\vcan_Kinetis.map
#        --config
#        "E:\ZhiNengChe\山外资料\山外K60参考代码V5.3（支持FX、FN和DNZ）\书外的参考例程\LCD_摄像头_多功能调试上位机\Prj\IAR\config
#        files\vcan_ROM_K60N1M.icf"
#        E:\ZhiNengChe\山外资料\山外K60参考代码V5.3（支持FX、FN和DNZ）\书外的参考例程\LCD_摄像头_多功能调试上位机\Prj\IAR\..\..\Lib\CMSIS\iar_cortexM4l_math.a
#        --entry __iar_program_start --redirect __write=__write_buffered --vfe
#
###############################################################################

*******************************************************************************
*** RUNTIME MODEL ATTRIBUTES
***

CppFlavor       = *
__SystemLibrary = DLib


*******************************************************************************
*** PLACEMENT SUMMARY
***

"A1":  place at 0x00000000 { ro section .intvec };
"A2":  place at 0x00000410 { ro section .noinit };
"P1":  place in [from 0x00000000 to 0x00100000] { ro, block CodeRelocate };
"P2":  place in [from 0x1fff0410 to 0x20010000] {
          rw, block CodeRelocateRam, block CSTACK, block HEAP };

  Section              Kind        Address    Size  Object
  -------              ----        -------    ----  ------
"A1":                                        0x410
  .intvec              const    0x00000000   0x410  vectors.o [1]
                              - 0x00000410   0x410

"P1", part 1 of 2:                             0x0
  .rodata              const    0x00000410     0x0  zero_init3.o [5]

"A2":                                          0x8
  .noinit              ro code  0x00000410     0x8  startup_MK60DZ10.o [1]
                              - 0x00000418     0x8

"P1", part 2 of 2:                          0x59e4
  .text                ro code  0x00000418   0xbee  xprintflarge_nomb.o [3]
  .text                ro code  0x00001006    0x22  zero_init3.o [5]
  .text                ro code  0x00001028    0x16  strchr.o [5]
  .rodata              const    0x0000103e     0x2  VCAN_camera.o [1]
  .text                ro code  0x00001040    0x36  strlen.o [5]
  .rodata              const    0x00001076     0x2  VCAN_computer.o [1]
  .text                ro code  0x00001078    0x58  memchr.o [5]
  .text                ro code  0x000010d0    0xee  I64DivMod.o [5]
  .rodata              const    0x000011be     0x2  VCAN_computer.o [1]
  .text                ro code  0x000011c0    0x76  ABImemcpy_unaligned.o [5]
  .text                ro code  0x00001236    0x42  xdnorm.o [4]
  .text                ro code  0x00001278    0x2e  DblCmpLe.o [4]
  .text                ro code  0x000012a8   0x1a2  DblMul.o [4]
  .text                ro code  0x0000144c   0x246  DblDiv.o [4]
  .text                ro code  0x00001694    0x2c  DblToI32.o [4]
  .text                ro code  0x000016c0    0x1c  I32ToDbl.o [4]
  .text                ro code  0x000016dc   0x180  DblSub.o [4]
  .text                ro code  0x0000185c    0x6c  localeconv.o [3]
  .text                ro code  0x000018c8     0xe  div.o [3]
  .text                ro code  0x000018d8     0x2  I64DivZer.o [5]
  .text                ro code  0x000018dc    0xd4  DblAdd.o [4]
  .text                ro code  0x000019b0     0x2  xtls.o [3]
  .rodata              const    0x000019b4   0xbe0  oled.o [1]
  .data_init                    0x00002594   0x86c  <Block>
    Initializer bytes  ro data  0x00002594   0x86c  <for .data-1>
  .text                ro code  0x00002e00   0x7d0  oled.o [1]
  .text                ro code  0x000035d0   0x19c  MK60_gpio.o [1]
  .text                ro code  0x0000376c    0x64  MK60_SysTick.o [1]
  .text                ro code  0x000037d0    0xb0  MK60_port.o [1]
  Veneer               ro code  0x00003880     0x8  - Linker created -
  Veneer               ro code  0x00003888     0x8  - Linker created -
  .text                ro code  0x00003890   0x140  MK60_conf.o [1]
  .text                ro code  0x000039d0    0x70  VCAN_LED.o [1]
  .text                ro code  0x00003a40    0x24  printf.o [3]
  .text                ro code  0x00003a64   0x270  MK60_uart.o [1]
  .text                ro code  0x00003cd4    0x9c  VCAN_key.o [1]
  .text                ro code  0x00003d70   0x478  MK60_ftm.o [1]
  .rodata              const    0x000041e8   0x450  oled.o [1]
  Veneer               ro code  0x00004638     0x8  - Linker created -
  .text                ro code  0x00004640   0x3d4  MK60_mcg.o [1]
  .text                ro code  0x00004a14   0x362  VCAN_SCCB.o [1]
  .text                ro code  0x00004d78   0x284  MK60_dma.o [1]
  .text                ro code  0x00004ffc   0x234  VCAN_OV7725_Eagle.o [1]
  CodeRelocate                  0x00005230   0x1f0  <Block>
    Initializer bytes  ro data  0x00005230   0x1f0  <for CodeRelocateRam-1>
  .text                ro code  0x00005420   0x140  main.o [1]
  .text                ro code  0x00005560    0x50  misc.o [1]
  .text                ro code  0x000055b0    0x94  VCAN_camera.o [1]
  .text                ro code  0x00005644    0x40  VCAN_computer.o [1]
  .text                ro code  0x00005684   0x130  system_MK60DZ10.o [1]
  .text                ro code  0x000057b4    0x40  MK60_wdog.o [1]
  .rodata              const    0x000057f4    0x84  MK60_SysTick.o [1]
  .rodata              const    0x00005878    0x80  MK60_dma.o [1]
  .rodata              const    0x000058f8    0x80  MK60_flash.o [1]
  .rodata              const    0x00005978    0x80  MK60_ftm.o [1]
  .rodata              const    0x000059f8    0x80  MK60_gpio.o [1]
  .rodata              const    0x00005a78    0x80  MK60_uart.o [1]
  .rodata              const    0x00005af8    0x7c  misc.o [1]
  .rodata              const    0x00005b74    0x3c  MK60_conf.o [1]
  .text                ro code  0x00005bb0    0x28  data_init.o [5]
  .rodata              const    0x00005bd8    0x24  MK60_conf.o [1]
  .rodata              const    0x00005bfc    0x24  VCAN_OV7725_Eagle.o [1]
  .rodata              const    0x00005c20    0x24  VCAN_OV7725_Eagle.o [1]
  .iar.init_table      const    0x00005c44    0x10  - Linker created -
  .rodata              const    0x00005c54    0x20  MK60_conf.o [1]
  .rodata              const    0x00005c74    0x20  VCAN_OV7725_Eagle.o [1]
  .text                ro code  0x00005c94    0x1a  fpinit_M.o [4]
  .text                ro code  0x00005cb0    0x1a  cmain.o [5]
  .text                ro code  0x00005cca     0x4  low_level_init.o [3]
  .text                ro code  0x00005cce     0x4  exit.o [3]
  .text                ro code  0x00005cd4     0xa  cexit.o [5]
  .text                ro code  0x00005ce0     0xc  XXexit.o [5]
  .rodata              const    0x00005cec    0x18  VCAN_OV7725_Eagle.o [1]
  .rodata              const    0x00005d04    0x18  VCAN_OV7725_Eagle.o [1]
  .text                ro code  0x00005d1c    0x16  xprout.o [3]
  .text                ro code  0x00005d34     0xc  putchar.o [3]
  .rodata              const    0x00005d40    0x14  MK60_conf.o [1]
  .rodata              const    0x00005d54    0x14  VCAN_OV7725_Eagle.o [1]
  .text                ro code  0x00005d68     0xc  cstartup_M.o [5]
  Initializer bytes    ro data  0x00005d74    0x88  <for P2 s0>
                              - 0x00005dfc  0x59e4

"P2":                                       0x206c
  .data                         0x1fff0410   0x86c  <Block>
    .data-1                     0x1fff0410   0x86c  <Init block>
      .data            inited   0x1fff0410   0x708  MK60_conf.o [1]
      .data            inited   0x1fff0b18    0x10  MK60_ftm.o [1]
      .data            inited   0x1fff0b28    0x14  MK60_gpio.o [1]
      .data            inited   0x1fff0b3c    0x58  MK60_mcg.o [1]
      .data            inited   0x1fff0b94     0x4  MK60_mcg.o [1]
      .data            inited   0x1fff0b98    0x14  MK60_port.o [1]
      .data            inited   0x1fff0bac    0x18  MK60_uart.o [1]
      .data            inited   0x1fff0bc4     0x8  VCAN_key.o [1]
      .data            inited   0x1fff0bcc     0x4  VCAN_LED.o [1]
      .data            inited   0x1fff0bd0     0x1  VCAN_OV7725_Eagle.o [1]
      .data            inited   0x1fff0bd4    0x64  VCAN_OV7725_Eagle.o [1]
      .data            inited   0x1fff0c38     0x1  VCAN_OV7725_Eagle.o [1]
      .data            inited   0x1fff0c3c    0x40  xfiles.o [3]
  CodeRelocateRam               0x1fff0c7c   0x1f0  <Block>
    CodeRelocateRam-1           0x1fff0c7c   0x1f0  <Init block>
      Veneer           inited   0x1fff0c7c     0x8  - Linker created -
      Veneer           inited   0x1fff0c84     0x8  - Linker created -
      .textrw          inited   0x1fff0c8c   0x190  MK60_flash.o [1]
      .textrw          inited   0x1fff0e1c    0x50  MK60_mcg.o [1]
  .bss                          0x1fff0e6c  0x1588  <Block>
    .bss               zero     0x1fff0e6c  0x12c0  handle.o [1]
    .bss               zero     0x1fff212c   0x258  main.o [1]
    .bss               zero     0x1fff2384    0x10  MK60_ftm.o [1]
    .bss               zero     0x1fff2394     0x4  system_MK60DZ10.o [1]
    .bss               zero     0x1fff2398     0x4  system_MK60DZ10.o [1]
    .bss               zero     0x1fff239c     0x4  system_MK60DZ10.o [1]
    .bss               zero     0x1fff23a0     0x4  VCAN_OV7725_Eagle.o [1]
    .bss               zero     0x1fff23a4    0x50  xfiles.o [3]
  P2 s0                         0x1fff23f4    0x88  <Init block>
    __DLIB_PERTHREAD   inited   0x1fff23f4    0x88  localeconv.o [3]
                              - 0x1fff247c  0x206c


*******************************************************************************
*** INIT TABLE
***

          Address     Size
          -------     ----
Zero (__iar_zero_init3)
    1 destination range, total size 0x1588:
          0x1fff0e6c  0x1588



*******************************************************************************
*** MODULE SUMMARY
***

    Module                 ro code  rw code  ro data  rw data
    ------                 -------  -------  -------  -------
E:\ZhiNengChe\山外资料\山外K60参考代码V5.3（支持FX、FN和DNZ）\书外的参考例程\LCD_摄像头_多功能调试上位机\Prj\IAR\FN15_Debug\Obj: [1]
    MK60_SysTick.o             100               132
    MK60_conf.o                320             1 948    1 800
    MK60_dma.o                 644               128
    MK60_flash.o                        400      528
    MK60_ftm.o               1 144               144       32
    MK60_gpio.o                412               148       20
    MK60_mcg.o                 980       80      172       92
    MK60_port.o                176                20       20
    MK60_uart.o                624               152       24
    MK60_wdog.o                 64
    VCAN_LED.o                 112                 4        4
    VCAN_OV7725_Eagle.o        564               277      106
    VCAN_SCCB.o                866
    VCAN_camera.o              148                 2
    VCAN_computer.o             64                 4
    VCAN_key.o                 156                 8        8
    handle.o                                            4 800
    main.o                     320                        600
    misc.o                      80               124
    oled.o                   2 000             4 144
    startup_MK60DZ10.o           8
    system_MK60DZ10.o          304                         12
    vectors.o                                  1 040
    ---------------------------------------------------------
    Total:                   9 086      480    8 975    7 518

command line: [2]
    ---------------------------------------------------------
    Total:

dl7M_tlf.a: [3]
    div.o                       14
    exit.o                       4
    localeconv.o               108               136      136
    low_level_init.o             4
    printf.o                    36
    putchar.o                   12
    xfiles.o                                      67      144
    xprintflarge_nomb.o      3 054
    xprout.o                    22
    xtls.o                       2
    ---------------------------------------------------------
    Total:                   3 256               203      280

m7M_tlv.a: [4]
    DblAdd.o                   212
    DblCmpLe.o                  46
    DblDiv.o                   582
    DblMul.o                   418
    DblSub.o                   384
    DblToI32.o                  44
    I32ToDbl.o                  28
    fpinit_M.o                  26
    xdnorm.o                    66
    ---------------------------------------------------------
    Total:                   1 806

rt7M_tl.a: [5]
    ABImemcpy_unaligned.o      118
    I64DivMod.o                238
    I64DivZer.o                  2
    XXexit.o                    12
    cexit.o                     10
    cmain.o                     26
    cstartup_M.o                12
    data_init.o                 40
    memchr.o                    88
    strchr.o                    22
    strlen.o                    54
    zero_init3.o                34
    ---------------------------------------------------------
    Total:                     656

    Gaps                        20                 2        6
    Linker created              24       16       32
-------------------------------------------------------------
    Grand Total:            14 848      496    9 212    7 804


*******************************************************************************
*** ENTRY LIST
***

Entry                      Address    Size  Type      Object
-----                      -------    ----  ----      ------
.bss$$Base              0x1fff0e6c           --   Gb  - Linker created -
.bss$$Limit             0x1fff23f4           --   Gb  - Linker created -
.data$$Base             0x1fff0410           --   Gb  - Linker created -
.data$$Limit            0x1fff0c7c           --   Gb  - Linker created -
.data_init$$Base        0x00002594           --   Gb  - Linker created -
.data_init$$Limit       0x00002e00           --   Gb  - Linker created -
?main                   0x00005cb1          Code  Gb  cmain.o [5]
ASSERT_FAILED_STR       0x00005bd8    0x24  Data  Gb  MK60_conf.o [1]
CodeRelocate$$Base      0x00005230           --   Gb  - Linker created -
CodeRelocate$$Limit     0x00005420           --   Gb  - Linker created -
CodeRelocateRam$$Base   0x1fff0c7c           --   Gb  - Linker created -
CodeRelocateRam$$Limit  0x1fff0e6c           --   Gb  - Linker created -
DMA0_IRQHandler         0x00005495     0x8  Code  Gb  main.o [1]
F6x8                    0x000041e8   0x450  Data  Gb  oled.o [1]
F8X16                   0x000019b4   0xbe0  Data  Gb  oled.o [1]
FTMN                    0x1fff0b18    0x10  Data  Gb  MK60_ftm.o [1]
FTM_port_mux            0x00003d71   0x1ac  Code  Lc  MK60_ftm.o [1]
GPIOX                   0x1fff0b28    0x14  Data  Gb  MK60_gpio.o [1]
KEY_PTxn                0x1fff0bc4     0x8  Data  Gb  VCAN_key.o [1]
LED_PTxn                0x1fff0bcc     0x4  Data  Gb  VCAN_LED.o [1]
LoadInt                 0x00000995    0x6e  Code  Lc  xprintflarge_nomb.o [3]
NVIC_DisableIRQ         0x00005011    0x14  Code  Lc  VCAN_OV7725_Eagle.o [1]
NVIC_EnableIRQ          0x00004ffd    0x14  Code  Lc  VCAN_OV7725_Eagle.o [1]
NVIC_SystemReset        0x00003891    0x1a  Code  Lc  MK60_conf.o [1]
PORTA_IRQHandler        0x00005469    0x2a  Code  Gb  main.o [1]
PORTX                   0x1fff0b98    0x14  Data  Gb  MK60_port.o [1]
Region$$Table$$Base     0x00005c44           --   Gb  - Linker created -
Region$$Table$$Limit    0x00005c54           --   Gb  - Linker created -
Reset_Handler           0x00000411          Code  Gb  startup_MK60DZ10.o [1]
SCCB_Ack                0x00004ae9    0x3c  Code  Lc  VCAN_SCCB.o [1]
SCCB_GPIO_init          0x00004a2f    0x28  Code  Gb  VCAN_SCCB.o [1]
SCCB_NoAck              0x00004b25    0x3c  Code  Lc  VCAN_SCCB.o [1]
SCCB_ReadByte           0x00004cc5    0x2c  Code  Gb  VCAN_SCCB.o [1]
SCCB_ReadByte_one       0x00004cf1    0x86  Code  Lc  VCAN_SCCB.o [1]
SCCB_ReceiveByte        0x00004bf1    0x54  Code  Lc  VCAN_SCCB.o [1]
SCCB_SendByte           0x00004bad    0x44  Code  Lc  VCAN_SCCB.o [1]
SCCB_Start              0x00004a57    0x5e  Code  Lc  VCAN_SCCB.o [1]
SCCB_Stop               0x00004ab5    0x34  Code  Lc  VCAN_SCCB.o [1]
SCCB_WaitAck            0x00004b61    0x4c  Code  Lc  VCAN_SCCB.o [1]
SCCB_WriteByte          0x00004c55    0x28  Code  Gb  VCAN_SCCB.o [1]
SCCB_WriteByte_one      0x00004c7d    0x48  Code  Lc  VCAN_SCCB.o [1]
SCCB_delay              0x00004a15    0x1a  Code  Lc  VCAN_SCCB.o [1]
UARTN                   0x1fff0bac    0x18  Data  Gb  MK60_uart.o [1]
_GenldLargeNoMb         0x00000d89   0x236  Code  Lc  xprintflarge_nomb.o [3]
_LdtobLargeNoMb         0x00000b09   0x27a  Code  Lc  xprintflarge_nomb.o [3]
_LitobLargeNoMb         0x00000a03   0x106  Code  Lc  xprintflarge_nomb.o [3]
_Locale_aeabi_lconv     0x1fff2444    0x38  Data  Gb  localeconv.o [3]
_Locale_lconv           0x1fff23f4    0x50  Data  Gb  localeconv.o [3]
_PrintfLargeNoMb        0x00000419   0x576  Code  Gb  xprintflarge_nomb.o [3]
_Prout                  0x00005d1d    0x16  Code  Gb  xprout.o [3]
_PutcharsLargeNoMb      0x00000fbf    0x2e  Code  Lc  xprintflarge_nomb.o [3]
__BOOT_STACK_ADDRESS {Abs}
                        0x2000fff8           --   Gb  command line/config [2]
__VECTOR_RAM {Abs}      0x1fff0000           --   Gb  command line/config [2]
__VECTOR_TABLE {Abs}    0x00000000           --   Gb  command line/config [2]
__aeabi_cdcmple         0x00001279          Code  Gb  DblCmpLe.o [4]
__aeabi_d2uiz           0x00001695          Code  Gb  DblToI32.o [4]
__aeabi_ddiv            0x0000144d          Code  Gb  DblDiv.o [4]
__aeabi_dmul            0x000012a9          Code  Gb  DblMul.o [4]
__aeabi_dsub            0x000016dd          Code  Gb  DblSub.o [4]
__aeabi_ldiv0           0x000018d9          Code  Gb  I64DivZer.o [5]
__aeabi_ui2d            0x000016c1          Code  Gb  I32ToDbl.o [4]
__aeabi_uldivmod        0x000010d1          Code  Gb  I64DivMod.o [5]
__as_entries_start      0xffffffff           --   Gb  command line/config [2]
__as_table_start        0xffffffff           --   Gb  command line/config [2]
__cmain                 0x00005cb1          Code  Gb  cmain.o [5]
__code_start__ {Abs}    0x00000410           --   Gb  command line/config [2]
__exit                  0x00005ce1          Code  Gb  XXexit.o [5]
__iar_Dnorm             0x00001237    0x42  Code  Gb  xdnorm.o [4]
__iar_Locale_lconv_init
                        0x0000185d    0x3a  Code  Gb  localeconv.o [3]
__iar_Memchr            0x00001079          Code  Gb  memchr.o [5]
__iar_Stdout            0x1fff0c3c    0x40  Data  Gb  xfiles.o [3]
__iar_Strchr            0x00001029          Code  Gb  strchr.o [5]
__iar_d2uiz             0x000016a1          Code  Gb  DblToI32.o [4]
__iar_dadd              0x000018dd          Code  Gb  DblAdd.o [4]
__iar_data_init3        0x00005bb1    0x28  Code  Gb  data_init.o [5]
__iar_dlib_perthread_access
                        0x000019b1     0x2  Code  Gb  xtls.o [3]
__iar_dsub              0x000016f1          Code  Gb  DblSub.o [4]
__iar_dsubStart         0x00001703          Code  Gb  DblSub.o [4]
__iar_init_vfp          0x00005c95          Code  Gb  fpinit_M.o [4]
__iar_program_start     0x00005d69          Code  Gb  cstartup_M.o [5]
__iar_ui2d              0x000016c5          Code  Gb  I32ToDbl.o [4]
__iar_unaligned___aeabi_memcpy
                        0x000011c1          Code  Gb  ABImemcpy_unaligned.o [5]
__iar_unaligned___aeabi_memcpy4
                        0x000011e1          Code  Gb  ABImemcpy_unaligned.o [5]
__iar_unaligned___aeabi_memcpy8
                        0x000011e1          Code  Gb  ABImemcpy_unaligned.o [5]
__iar_zero_init3        0x00001007    0x22  Code  Gb  zero_init3.o [5]
__low_level_init        0x00005ccb     0x4  Code  Gb  low_level_init.o [3]
__vector_table          0x00000000   0x410  Data  Gb  vectors.o [1]
_call_main              0x00005cbd          Code  Gb  cmain.o [5]
_exit                   0x00005cd5          Code  Gb  cexit.o [5]
_main                   0x00005cc7          Code  Gb  cmain.o [5]
assert_failed           0x000038ab    0x26  Code  Gb  MK60_conf.o [1]
bus_clk_khz             0x1fff239c     0x4  Data  Gb  system_MK60DZ10.o [1]
common_startup          0x000056e3    0x98  Code  Gb  system_MK60DZ10.o [1]
core_clk_khz            0x1fff2394     0x4  Data  Gb  system_MK60DZ10.o [1]
core_clk_mhz            0x1fff2398     0x4  Data  Gb  system_MK60DZ10.o [1]
default_isr             0x0000397f    0x30  Code  Gb  MK60_conf.o [1]
div                     0x000018c9     0xe  Code  Gb  div.o [3]
dma_gpio_input_init     0x00004d79    0x5c  Code  Lc  MK60_dma.o [1]
dma_portx2buff_init     0x00004dd5   0x1f4  Code  Gb  MK60_dma.o [1]
exit                    0x00005ccf     0x4  Code  Gb  exit.o [3]
flash_cmd               0x1fff0c8d    0x20  Code  Gb  MK60_flash.o [1]
flash_erase_sector      0x1fff0cd1    0x5c  Code  Gb  MK60_flash.o [1]
flash_init              0x1fff0cad    0x24  Code  Gb  MK60_flash.o [1]
flash_write             0x1fff0d2d    0xb4  Code  Gb  MK60_flash.o [1]
fputc                   0x000038d1    0x14  Code  Gb  MK60_conf.o [1]
ftm_mod                 0x1fff2384    0x10  Data  Lc  MK60_ftm.o [1]
ftm_pwm_duty            0x000040c3   0x10e  Code  Gb  MK60_ftm.o [1]
ftm_pwm_init            0x00003f1d   0x1a6  Code  Gb  MK60_ftm.o [1]
gpio_get                0x00003729    0x3a  Code  Gb  MK60_gpio.o [1]
gpio_init               0x000035d1    0xae  Code  Gb  MK60_gpio.o [1]
gpio_set                0x0000367f    0x72  Code  Gb  MK60_gpio.o [1]
gpio_turn               0x000036f1    0x38  Code  Gb  MK60_gpio.o [1]
img                     0x1fff0e6c  0x12c0  Data  Gb  handle.o [1]
img_extract             0x000055b1    0x94  Code  Gb  VCAN_camera.o [1]
imgbuff                 0x1fff212c   0x258  Data  Gb  main.o [1]
key_check               0x00003d41    0x2a  Code  Gb  VCAN_key.o [1]
key_get                 0x00003d27    0x1a  Code  Gb  VCAN_key.o [1]
key_init                0x00003cd5    0x52  Code  Gb  VCAN_key.o [1]
led_init                0x000039d1    0x3a  Code  Gb  VCAN_LED.o [1]
led_turn                0x00003a0b    0x32  Code  Gb  VCAN_LED.o [1]
localeconv              0x00001897    0x16  Code  Gb  localeconv.o [3]
main                    0x00005421    0x48  Code  Gb  main.o [1]
mcg_cfg                 0x1fff0b3c    0x58  Data  Gb  MK60_mcg.o [1]
mcg_div                 0x1fff0b94     0x4  Data  Gb  MK60_mcg.o [1]
mcg_div_count           0x00004641   0x304  Code  Gb  MK60_mcg.o [1]
memchr                  0x00001079          Code  Gb  memchr.o [5]
obuf                    0x1fff23a4    0x50  Data  Lc  xfiles.o [3]
oled_clear              0x00002ec3    0x4c  Code  Gb  oled.o [1]
oled_display_on         0x00002ea1    0x22  Code  Gb  oled.o [1]
oled_init               0x00003431   0x178  Code  Gb  oled.o [1]
oled_pow                0x000030cf    0x16  Code  Gb  oled.o [1]
oled_set_pos            0x00002e67    0x3a  Code  Lc  oled.o [1]
oled_show_char          0x00002f0f   0x1c0  Code  Gb  oled.o [1]
oled_show_num           0x000030e5   0x23e  Code  Gb  oled.o [1]
oled_show_picture       0x00003323   0x10e  Code  Gb  oled.o [1]
oled_wr_byte            0x00002e01    0x66  Code  Lc  oled.o [1]
ov7725_eagle_cfgnum     0x1fff0c38     0x1  Data  Gb  VCAN_OV7725_Eagle.o [1]
ov7725_eagle_dma        0x000050dd    0x14  Code  Gb  VCAN_OV7725_Eagle.o [1]
ov7725_eagle_get_img    0x000050f1    0x42  Code  Gb  VCAN_OV7725_Eagle.o [1]
ov7725_eagle_img_buff   0x1fff23a0     0x4  Data  Gb  VCAN_OV7725_Eagle.o [1]
ov7725_eagle_img_flag   0x1fff0bd0     0x1  Data  Gb  VCAN_OV7725_Eagle.o [1]
ov7725_eagle_init       0x00005025    0x18  Code  Gb  VCAN_OV7725_Eagle.o [1]
ov7725_eagle_port_init  0x0000503d    0x54  Code  Lc  VCAN_OV7725_Eagle.o [1]
ov7725_eagle_reg        0x1fff0bd4    0x64  Data  Gb  VCAN_OV7725_Eagle.o [1]
ov7725_eagle_reg_init   0x00005133    0xb0  Code  Lc  VCAN_OV7725_Eagle.o [1]
ov7725_eagle_vsync      0x00005091    0x4c  Code  Gb  VCAN_OV7725_Eagle.o [1]
pll_init                0x00004945    0xb2  Code  Gb  MK60_mcg.o [1]
port_init               0x000037d1    0x44  Code  Gb  MK60_port.o [1]
port_init_NoALT         0x00003815    0x62  Code  Gb  MK60_port.o [1]
printf                  0x00003a41    0x24  Code  Gb  printf.o [3]
putchar                 0x00005d35     0xc  Code  Gb  putchar.o [3]
set_sys_dividers        0x1fff0e1d    0x50  Code  Gb  MK60_mcg.o [1]
set_vector_handler      0x00005583    0x22  Code  Gb  misc.o [1]
start                   0x00005685    0x22  Code  Gb  system_MK60DZ10.o [1]
start_check             0x000038e5    0x9a  Code  Gb  MK60_conf.o [1]
steer                   0x00005519    0x1e  Code  Gb  main.o [1]
strchr                  0x00001029          Code  Gb  strchr.o [5]
strlen                  0x00001041          Code  Gb  strlen.o [5]
sysinit                 0x000056a7    0x3c  Code  Gb  system_MK60DZ10.o [1]
systick_delay           0x0000376d    0x36  Code  Gb  MK60_SysTick.o [1]
systick_delay_ms        0x000037a3    0x18  Code  Gb  MK60_SysTick.o [1]
uart_init               0x00003a65   0x218  Code  Gb  MK60_uart.o [1]
uart_putbuff            0x00003c97    0x24  Code  Gb  MK60_uart.o [1]
uart_putchar            0x00003c7d    0x1a  Code  Gb  MK60_uart.o [1]
vcan_sendimg            0x00005645    0x38  Code  Gb  VCAN_computer.o [1]
vector_str              0x1fff0410   0x708  Data  Gb  MK60_conf.o [1]
wdog_disable            0x000057b5    0x16  Code  Gb  MK60_wdog.o [1]
wdog_unlock             0x000057cb    0x20  Code  Lc  MK60_wdog.o [1]
write_vtor              0x00005561    0x22  Code  Gb  misc.o [1]
zet_motor               0x0000549d    0x7c  Code  Gb  main.o [1]
zet_oled                0x00005537    0x1c  Code  Gb  main.o [1]


[1] = E:\ZhiNengChe\山外资料\山外K60参考代码V5.3（支持FX、FN和DNZ）\书外的参考例程\LCD_摄像头_多功能调试上位机\Prj\IAR\FN15_Debug\Obj
[2] = command line
[3] = dl7M_tlf.a
[4] = m7M_tlv.a
[5] = rt7M_tl.a

  14 848 bytes of readonly  code memory
     496 bytes of readwrite code memory
   9 212 bytes of readonly  data memory
   7 804 bytes of readwrite data memory

Errors: none
Warnings: none
