###############################################################################
#
# IAR ELF Linker V7.20.2.7424/W32 for ARM                 09/Feb/2017  15:05:12
# Copyright 2007-2014 IAR Systems AB.
#
#    Output file  =  
#        E:\ZhiNengChe\山外资料\山外K60参考代码V5.3（支持FX、FN和DNZ）\书外的参考例程\zet_k60_SW\Prj\IAR\DZ10_Release\Exe\vcan_Kinetis.out
#    Map file     =  
#        E:\ZhiNengChe\山外资料\山外K60参考代码V5.3（支持FX、FN和DNZ）\书外的参考例程\zet_k60_SW\Prj\IAR\DZ10_Release\List\vcan_Kinetis.map
#    Command line =  
#        E:\ZhiNengChe\山外资料\山外K60参考代码V5.3（支持FX、FN和DNZ）\书外的参考例程\zet_k60_SW\Prj\IAR\DZ10_Release\Obj\diskio.o
#        E:\ZhiNengChe\山外资料\山外K60参考代码V5.3（支持FX、FN和DNZ）\书外的参考例程\zet_k60_SW\Prj\IAR\DZ10_Release\Obj\ff.o
#        E:\ZhiNengChe\山外资料\山外K60参考代码V5.3（支持FX、FN和DNZ）\书外的参考例程\zet_k60_SW\Prj\IAR\DZ10_Release\Obj\Liuzw_camera.o
#        E:\ZhiNengChe\山外资料\山外K60参考代码V5.3（支持FX、FN和DNZ）\书外的参考例程\zet_k60_SW\Prj\IAR\DZ10_Release\Obj\Liuzw_control.o
#        E:\ZhiNengChe\山外资料\山外K60参考代码V5.3（支持FX、FN和DNZ）\书外的参考例程\zet_k60_SW\Prj\IAR\DZ10_Release\Obj\Liuzw_handle.o
#        E:\ZhiNengChe\山外资料\山外K60参考代码V5.3（支持FX、FN和DNZ）\书外的参考例程\zet_k60_SW\Prj\IAR\DZ10_Release\Obj\Liuzw_led.o
#        E:\ZhiNengChe\山外资料\山外K60参考代码V5.3（支持FX、FN和DNZ）\书外的参考例程\zet_k60_SW\Prj\IAR\DZ10_Release\Obj\main.o
#        E:\ZhiNengChe\山外资料\山外K60参考代码V5.3（支持FX、FN和DNZ）\书外的参考例程\zet_k60_SW\Prj\IAR\DZ10_Release\Obj\misc.o
#        E:\ZhiNengChe\山外资料\山外K60参考代码V5.3（支持FX、FN和DNZ）\书外的参考例程\zet_k60_SW\Prj\IAR\DZ10_Release\Obj\MK60_adc.o
#        E:\ZhiNengChe\山外资料\山外K60参考代码V5.3（支持FX、FN和DNZ）\书外的参考例程\zet_k60_SW\Prj\IAR\DZ10_Release\Obj\MK60_can.o
#        E:\ZhiNengChe\山外资料\山外K60参考代码V5.3（支持FX、FN和DNZ）\书外的参考例程\zet_k60_SW\Prj\IAR\DZ10_Release\Obj\MK60_conf.o
#        E:\ZhiNengChe\山外资料\山外K60参考代码V5.3（支持FX、FN和DNZ）\书外的参考例程\zet_k60_SW\Prj\IAR\DZ10_Release\Obj\MK60_dac.o
#        E:\ZhiNengChe\山外资料\山外K60参考代码V5.3（支持FX、FN和DNZ）\书外的参考例程\zet_k60_SW\Prj\IAR\DZ10_Release\Obj\MK60_dma.o
#        E:\ZhiNengChe\山外资料\山外K60参考代码V5.3（支持FX、FN和DNZ）\书外的参考例程\zet_k60_SW\Prj\IAR\DZ10_Release\Obj\MK60_DWT.o
#        E:\ZhiNengChe\山外资料\山外K60参考代码V5.3（支持FX、FN和DNZ）\书外的参考例程\zet_k60_SW\Prj\IAR\DZ10_Release\Obj\MK60_flash.o
#        E:\ZhiNengChe\山外资料\山外K60参考代码V5.3（支持FX、FN和DNZ）\书外的参考例程\zet_k60_SW\Prj\IAR\DZ10_Release\Obj\MK60_flexbus.o
#        E:\ZhiNengChe\山外资料\山外K60参考代码V5.3（支持FX、FN和DNZ）\书外的参考例程\zet_k60_SW\Prj\IAR\DZ10_Release\Obj\MK60_ftm.o
#        E:\ZhiNengChe\山外资料\山外K60参考代码V5.3（支持FX、FN和DNZ）\书外的参考例程\zet_k60_SW\Prj\IAR\DZ10_Release\Obj\MK60_gpio.o
#        E:\ZhiNengChe\山外资料\山外K60参考代码V5.3（支持FX、FN和DNZ）\书外的参考例程\zet_k60_SW\Prj\IAR\DZ10_Release\Obj\MK60_i2c.o
#        E:\ZhiNengChe\山外资料\山外K60参考代码V5.3（支持FX、FN和DNZ）\书外的参考例程\zet_k60_SW\Prj\IAR\DZ10_Release\Obj\MK60_it.o
#        E:\ZhiNengChe\山外资料\山外K60参考代码V5.3（支持FX、FN和DNZ）\书外的参考例程\zet_k60_SW\Prj\IAR\DZ10_Release\Obj\MK60_lptmr.o
#        E:\ZhiNengChe\山外资料\山外K60参考代码V5.3（支持FX、FN和DNZ）\书外的参考例程\zet_k60_SW\Prj\IAR\DZ10_Release\Obj\MK60_mcg.o
#        E:\ZhiNengChe\山外资料\山外K60参考代码V5.3（支持FX、FN和DNZ）\书外的参考例程\zet_k60_SW\Prj\IAR\DZ10_Release\Obj\MK60_PIT.o
#        E:\ZhiNengChe\山外资料\山外K60参考代码V5.3（支持FX、FN和DNZ）\书外的参考例程\zet_k60_SW\Prj\IAR\DZ10_Release\Obj\MK60_port.o
#        E:\ZhiNengChe\山外资料\山外K60参考代码V5.3（支持FX、FN和DNZ）\书外的参考例程\zet_k60_SW\Prj\IAR\DZ10_Release\Obj\MK60_rtc.o
#        E:\ZhiNengChe\山外资料\山外K60参考代码V5.3（支持FX、FN和DNZ）\书外的参考例程\zet_k60_SW\Prj\IAR\DZ10_Release\Obj\MK60_sdhc.o
#        E:\ZhiNengChe\山外资料\山外K60参考代码V5.3（支持FX、FN和DNZ）\书外的参考例程\zet_k60_SW\Prj\IAR\DZ10_Release\Obj\MK60_spi.o
#        E:\ZhiNengChe\山外资料\山外K60参考代码V5.3（支持FX、FN和DNZ）\书外的参考例程\zet_k60_SW\Prj\IAR\DZ10_Release\Obj\MK60_SysTick.o
#        E:\ZhiNengChe\山外资料\山外K60参考代码V5.3（支持FX、FN和DNZ）\书外的参考例程\zet_k60_SW\Prj\IAR\DZ10_Release\Obj\MK60_uart.o
#        E:\ZhiNengChe\山外资料\山外K60参考代码V5.3（支持FX、FN和DNZ）\书外的参考例程\zet_k60_SW\Prj\IAR\DZ10_Release\Obj\MK60_usb.o
#        E:\ZhiNengChe\山外资料\山外K60参考代码V5.3（支持FX、FN和DNZ）\书外的参考例程\zet_k60_SW\Prj\IAR\DZ10_Release\Obj\MK60_wdog.o
#        E:\ZhiNengChe\山外资料\山外K60参考代码V5.3（支持FX、FN和DNZ）\书外的参考例程\zet_k60_SW\Prj\IAR\DZ10_Release\Obj\PC_link.o
#        E:\ZhiNengChe\山外资料\山外K60参考代码V5.3（支持FX、FN和DNZ）\书外的参考例程\zet_k60_SW\Prj\IAR\DZ10_Release\Obj\startup_MK60DZ10.o
#        E:\ZhiNengChe\山外资料\山外K60参考代码V5.3（支持FX、FN和DNZ）\书外的参考例程\zet_k60_SW\Prj\IAR\DZ10_Release\Obj\system_MK60DZ10.o
#        E:\ZhiNengChe\山外资料\山外K60参考代码V5.3（支持FX、FN和DNZ）\书外的参考例程\zet_k60_SW\Prj\IAR\DZ10_Release\Obj\USB.o
#        E:\ZhiNengChe\山外资料\山外K60参考代码V5.3（支持FX、FN和DNZ）\书外的参考例程\zet_k60_SW\Prj\IAR\DZ10_Release\Obj\USB_CDC.o
#        E:\ZhiNengChe\山外资料\山外K60参考代码V5.3（支持FX、FN和DNZ）\书外的参考例程\zet_k60_SW\Prj\IAR\DZ10_Release\Obj\VCAN_ASCII.o
#        E:\ZhiNengChe\山外资料\山外K60参考代码V5.3（支持FX、FN和DNZ）\书外的参考例程\zet_k60_SW\Prj\IAR\DZ10_Release\Obj\VCAN_BMP.o
#        E:\ZhiNengChe\山外资料\山外K60参考代码V5.3（支持FX、FN和DNZ）\书外的参考例程\zet_k60_SW\Prj\IAR\DZ10_Release\Obj\VCAN_computer.o
#        E:\ZhiNengChe\山外资料\山外K60参考代码V5.3（支持FX、FN和DNZ）\书外的参考例程\zet_k60_SW\Prj\IAR\DZ10_Release\Obj\vcan_img2sd.o
#        E:\ZhiNengChe\山外资料\山外K60参考代码V5.3（支持FX、FN和DNZ）\书外的参考例程\zet_k60_SW\Prj\IAR\DZ10_Release\Obj\VCAN_key.o
#        E:\ZhiNengChe\山外资料\山外K60参考代码V5.3（支持FX、FN和DNZ）\书外的参考例程\zet_k60_SW\Prj\IAR\DZ10_Release\Obj\VCAN_key_event.o
#        E:\ZhiNengChe\山外资料\山外K60参考代码V5.3（支持FX、FN和DNZ）\书外的参考例程\zet_k60_SW\Prj\IAR\DZ10_Release\Obj\VCAN_LCD.o
#        E:\ZhiNengChe\山外资料\山外K60参考代码V5.3（支持FX、FN和DNZ）\书外的参考例程\zet_k60_SW\Prj\IAR\DZ10_Release\Obj\VCAN_LCD_CH.o
#        E:\ZhiNengChe\山外资料\山外K60参考代码V5.3（支持FX、FN和DNZ）\书外的参考例程\zet_k60_SW\Prj\IAR\DZ10_Release\Obj\VCAN_LCD_ILI9341.o
#        E:\ZhiNengChe\山外资料\山外K60参考代码V5.3（支持FX、FN和DNZ）\书外的参考例程\zet_k60_SW\Prj\IAR\DZ10_Release\Obj\VCAN_LCD_ST7735R.o
#        E:\ZhiNengChe\山外资料\山外K60参考代码V5.3（支持FX、FN和DNZ）\书外的参考例程\zet_k60_SW\Prj\IAR\DZ10_Release\Obj\VCAN_LCD_ST7735S.o
#        E:\ZhiNengChe\山外资料\山外K60参考代码V5.3（支持FX、FN和DNZ）\书外的参考例程\zet_k60_SW\Prj\IAR\DZ10_Release\Obj\VCAN_MMA7455.o
#        E:\ZhiNengChe\山外资料\山外K60参考代码V5.3（支持FX、FN和DNZ）\书外的参考例程\zet_k60_SW\Prj\IAR\DZ10_Release\Obj\VCAN_NRF24L0.o
#        E:\ZhiNengChe\山外资料\山外K60参考代码V5.3（支持FX、FN和DNZ）\书外的参考例程\zet_k60_SW\Prj\IAR\DZ10_Release\Obj\VCAN_NRF24L0_MSG.o
#        E:\ZhiNengChe\山外资料\山外K60参考代码V5.3（支持FX、FN和DNZ）\书外的参考例程\zet_k60_SW\Prj\IAR\DZ10_Release\Obj\VCAN_OV7725_Eagle.o
#        E:\ZhiNengChe\山外资料\山外K60参考代码V5.3（支持FX、FN和DNZ）\书外的参考例程\zet_k60_SW\Prj\IAR\DZ10_Release\Obj\VCAN_OV7725_Wolf.o
#        E:\ZhiNengChe\山外资料\山外K60参考代码V5.3（支持FX、FN和DNZ）\书外的参考例程\zet_k60_SW\Prj\IAR\DZ10_Release\Obj\VCAN_RTC_count.o
#        E:\ZhiNengChe\山外资料\山外K60参考代码V5.3（支持FX、FN和DNZ）\书外的参考例程\zet_k60_SW\Prj\IAR\DZ10_Release\Obj\VCAN_SCCB.o
#        E:\ZhiNengChe\山外资料\山外K60参考代码V5.3（支持FX、FN和DNZ）\书外的参考例程\zet_k60_SW\Prj\IAR\DZ10_Release\Obj\vcan_sd_app.o
#        E:\ZhiNengChe\山外资料\山外K60参考代码V5.3（支持FX、FN和DNZ）\书外的参考例程\zet_k60_SW\Prj\IAR\DZ10_Release\Obj\Vcan_touch.o
#        E:\ZhiNengChe\山外资料\山外K60参考代码V5.3（支持FX、FN和DNZ）\书外的参考例程\zet_k60_SW\Prj\IAR\DZ10_Release\Obj\VCAN_TSL1401.o
#        E:\ZhiNengChe\山外资料\山外K60参考代码V5.3（支持FX、FN和DNZ）\书外的参考例程\zet_k60_SW\Prj\IAR\DZ10_Release\Obj\VCAN_UI_VAR.o
#        E:\ZhiNengChe\山外资料\山外K60参考代码V5.3（支持FX、FN和DNZ）\书外的参考例程\zet_k60_SW\Prj\IAR\DZ10_Release\Obj\vectors.o
#        E:\ZhiNengChe\山外资料\山外K60参考代码V5.3（支持FX、FN和DNZ）\书外的参考例程\zet_k60_SW\Prj\IAR\DZ10_Release\Obj\zet_oled.o
#        --redirect _Printf=_PrintfLargeNoMb --redirect _Scanf=_ScanfLargeNoMb
#        -o
#        E:\ZhiNengChe\山外资料\山外K60参考代码V5.3（支持FX、FN和DNZ）\书外的参考例程\zet_k60_SW\Prj\IAR\DZ10_Release\Exe\vcan_Kinetis.out
#        --map
#        E:\ZhiNengChe\山外资料\山外K60参考代码V5.3（支持FX、FN和DNZ）\书外的参考例程\zet_k60_SW\Prj\IAR\DZ10_Release\List\vcan_Kinetis.map
#        --config
#        "E:\ZhiNengChe\山外资料\山外K60参考代码V5.3（支持FX、FN和DNZ）\书外的参考例程\zet_k60_SW\Prj\IAR\config
#        files\vcan_ROM_K60N512.icf"
#        E:\ZhiNengChe\山外资料\山外K60参考代码V5.3（支持FX、FN和DNZ）\书外的参考例程\zet_k60_SW\Prj\IAR\..\..\Lib\CMSIS\iar_cortexM4l_math.a
#        --entry __iar_program_start --redirect __write=__write_buffered
#        --inline --vfe
#
###############################################################################

*******************************************************************************
*** RUNTIME MODEL ATTRIBUTES
***

CppFlavor       = *
__SystemLibrary = DLib


*******************************************************************************
*** PLACEMENT SUMMARY
***

"A1":  place at 0x00000000 { ro section .intvec };
"A2":  place at 0x00000410 { ro section .noinit };
"P1":  place in [from 0x00000000 to 0x00080000] { ro, block CodeRelocate };
"P2":  place in [from 0x1fff0410 to 0x20010000] {
          rw, block CodeRelocateRam, block CSTACK, block HEAP };

  Section              Kind        Address    Size  Object
  -------              ----        -------    ----  ------
"A1":                                        0x410
  .intvec              const    0x00000000   0x410  vectors.o [1]
                              - 0x00000410   0x410

"P1", part 1 of 2:                             0x0
  .rodata              const    0x00000410     0x0  zero_init3.o [5]

"A2":                                          0x8
  .noinit              ro code  0x00000410     0x8  startup_MK60DZ10.o [1]
                              - 0x00000418     0x8

"P1", part 2 of 2:                          0x1e08
  .text                ro code  0x00000418   0xcb8  zet_oled.o [1]
  .text                ro code  0x000010d0    0x68  MK60_gpio.o [1]
  .text                ro code  0x00001138    0x24  FltCmpGe.o [4]
  .text                ro code  0x0000115c    0x4e  FltToDbl.o [4]
  .text                ro code  0x000011aa    0x22  zero_init3.o [5]
  .text                ro code  0x000011cc    0xe8  DblAdd.o [4]
  .text                ro code  0x000012b4    0x90  DblToFlt.o [4]
  .text                ro code  0x00001344    0x44  FltToS32.o [4]
  .text                ro code  0x00001388    0x2e  I32ToFlt.o [4]
  .text                ro code  0x000013b8    0xe6  FltSub.o [4]
  .text                ro code  0x000014a0    0xd8  FltMul.o [4]
  .text                ro code  0x00001578    0x24  FltCmpLe.o [4]
  .text                ro code  0x0000159c    0x3c  MK60_port.o [1]
  .text                ro code  0x000015d8   0x16c  DblSub.o [4]
  .text                ro code  0x00001744    0x74  FltAdd.o [4]
  Veneer               ro code  0x000017b8     0x8  - Linker created -
  .text                ro code  0x000017c0   0x1c4  MK60_mcg.o [1]
  .text                ro code  0x00001984   0x194  main.o [1]
  .text                ro code  0x00001b18    0x1c  Liuzw_led.o [1]
  .text                ro code  0x00001b34   0x180  MK60_ftm.o [1]
  .text                ro code  0x00001cb4    0x34  MK60_SysTick.o [1]
  .text                ro code  0x00001ce8   0x158  MK60_uart.o [1]
  .data_init                    0x00001e40   0x140  <Block>
    Initializer bytes  ro data  0x00001e40   0x140  <for .data-1>
  .text                ro code  0x00001f80    0xcc  system_MK60DZ10.o [1]
  .text                ro code  0x0000204c    0x2c  MK60_wdog.o [1]
  .text                ro code  0x00002078    0x76  ABImemcpy_unaligned.o [5]
  .text                ro code  0x000020f0     0xc  misc.o [1]
  .text                ro code  0x000020fc     0x6  ABImemclr.o [5]
  .text                ro code  0x00002104    0x5e  ABImemset.o [5]
  CodeRelocate                  0x00002164    0x3c  <Block>
    Initializer bytes  ro data  0x00002164    0x3c  <for CodeRelocateRam-1>
  .text                ro code  0x000021a0    0x28  data_init.o [5]
  .iar.init_table      const    0x000021c8    0x10  - Linker created -
  .text                ro code  0x000021d8    0x1a  cmain.o [5]
  .text                ro code  0x000021f2     0x4  exit.o [3]
  .text                ro code  0x000021f8     0xa  cexit.o [5]
  .text                ro code  0x00002204     0xc  XXexit.o [5]
  .text                ro code  0x00002210     0xc  cstartup_M.o [5]
  .text                ro code  0x0000221c     0x4  MK60_conf.o [1]
                              - 0x00002220  0x1e08

"P2":                                        0x18c
  .data                         0x1fff0410   0x140  <Block>
    .data-1                     0x1fff0410   0x140  <Init block>
      .data            inited   0x1fff0410     0x1  Liuzw_led.o [1]
      .data            inited   0x1fff0414    0x98  main.o [1]
      .data            inited   0x1fff04ac     0x1  main.o [1]
      .data            inited   0x1fff04b0    0x18  MK60_ftm.o [1]
      .data            inited   0x1fff04c8    0x14  MK60_gpio.o [1]
      .data            inited   0x1fff04dc    0x44  MK60_mcg.o [1]
      .data            inited   0x1fff0520     0x4  MK60_mcg.o [1]
      .data            inited   0x1fff0524    0x14  MK60_port.o [1]
      .data            inited   0x1fff0538    0x18  MK60_uart.o [1]
  CodeRelocateRam               0x1fff0550    0x3c  <Block>
    CodeRelocateRam-1           0x1fff0550    0x3c  <Init block>
      .textrw          inited   0x1fff0550    0x3c  MK60_mcg.o [1]
  .bss                          0x1fff058c    0x10  <Block>
    .bss               zero     0x1fff058c     0xc  system_MK60DZ10.o [1]
    .bss               zero     0x1fff0598     0x1  zet_oled.o [1]
                              - 0x1fff059c   0x18c


*******************************************************************************
*** INIT TABLE
***

          Address     Size
          -------     ----
Zero (__iar_zero_init3)
    1 destination range, total size 0xd:
          0x1fff058c   0xd



*******************************************************************************
*** MODULE SUMMARY
***

    Module                 ro code  rw code  ro data  rw data
    ------                 -------  -------  -------  -------
E:\ZhiNengChe\山外资料\山外K60参考代码V5.3（支持FX、FN和DNZ）\书外的参考例程\zet_k60_SW\Prj\IAR\DZ10_Release\Obj: [1]
    Liuzw_led.o                 28                 1        1
    MK60_SysTick.o              52
    MK60_conf.o                  4
    MK60_ftm.o                 384                27       24
    MK60_gpio.o                104                20       20
    MK60_mcg.o                 452       60      132       72
    MK60_port.o                 60                20       20
    MK60_uart.o                344                24       24
    MK60_wdog.o                 44
    main.o                     404               156      153
    misc.o                      12
    startup_MK60DZ10.o           8
    system_MK60DZ10.o          204                         12
    vectors.o                                  1 040
    zet_oled.o               3 256                          1
    ---------------------------------------------------------
    Total:                   5 356       60    1 420      327

command line: [2]
    ---------------------------------------------------------
    Total:

dl7M_tlf.a: [3]
    exit.o                       4
    ---------------------------------------------------------
    Total:                       4

m7M_tl.a: [4]
    DblAdd.o                   232
    DblSub.o                   364
    DblToFlt.o                 144
    FltAdd.o                   116
    FltCmpGe.o                  36
    FltCmpLe.o                  36
    FltMul.o                   216
    FltSub.o                   230
    FltToDbl.o                  78
    FltToS32.o                  68
    I32ToFlt.o                  46
    ---------------------------------------------------------
    Total:                   1 566

rt7M_tl.a: [5]
    ABImemclr.o                  6
    ABImemcpy_unaligned.o      118
    ABImemset.o                 94
    XXexit.o                    12
    cexit.o                     10
    cmain.o                     26
    cstartup_M.o                12
    data_init.o                 40
    zero_init3.o                34
    ---------------------------------------------------------
    Total:                     352

    Gaps                        12                          6
    Linker created               8                16
-------------------------------------------------------------
    Grand Total:             7 298       60    1 436      333


*******************************************************************************
*** ENTRY LIST
***

Entry                      Address   Size  Type      Object
-----                      -------   ----  ----      ------
.bss$$Base              0x1fff058c          --   Gb  - Linker created -
.bss$$Limit             0x1fff059c          --   Gb  - Linker created -
.data$$Base             0x1fff0410          --   Gb  - Linker created -
.data$$Limit            0x1fff0550          --   Gb  - Linker created -
.data_init$$Base        0x00001e40          --   Gb  - Linker created -
.data_init$$Limit       0x00001f80          --   Gb  - Linker created -
?main                   0x000021d9         Code  Gb  cmain.o [5]
CodeRelocate$$Base      0x00002164          --   Gb  - Linker created -
CodeRelocate$$Limit     0x000021a0          --   Gb  - Linker created -
CodeRelocateRam$$Base   0x1fff0550          --   Gb  - Linker created -
CodeRelocateRam$$Limit  0x1fff058c          --   Gb  - Linker created -
Control_Para            0x1fff0418   0x1c  Data  Gb  main.o [1]
F6x8                    0x00000ea0  0x230  Data  Gb  zet_oled.o [1]
FTMN                    0x1fff04b0    0xc  Data  Gb  MK60_ftm.o [1]
FTM_port_mux            0x00001b35   0xac  Code  Lc  MK60_ftm.o [1]
GPIOX                   0x1fff04c8   0x14  Data  Gb  MK60_gpio.o [1]
LED_PTxn                0x1fff0410    0x1  Data  Gb  Liuzw_led.o [1]
OLED_CLS                0x00000595   0x30  Code  Gb  zet_oled.o [1]
OLED_Draw_Logo          0x00000525   0x3e  Code  Gb  zet_oled.o [1]
OLED_Draw_UI            0x00001985   0xb4  Code  Gb  main.o [1]
OLED_Fill               0x00000563   0x32  Code  Gb  zet_oled.o [1]
OLED_Init               0x000005c5  0x10a  Code  Gb  zet_oled.o [1]
OLED_P6x8Char           0x00000771   0x54  Code  Gb  zet_oled.o [1]
OLED_P6x8Str            0x000006cf   0xa2  Code  Gb  zet_oled.o [1]
OLED_PrintValueF        0x000008a1  0x1ec  Code  Gb  zet_oled.o [1]
OLED_PrintValueFP       0x000007c5   0xd6  Code  Gb  zet_oled.o [1]
OLED_Set_Pos            0x00000503   0x22  Code  Gb  zet_oled.o [1]
OLED_WrCmd              0x000004b9   0x4a  Code  Gb  zet_oled.o [1]
OLED_WrDat              0x00000465   0x54  Code  Gb  zet_oled.o [1]
OLED_WrLogo             0x00000419   0x4a  Code  Gb  zet_oled.o [1]
Oled_Show               0x1fff04ac    0x1  Data  Gb  main.o [1]
PORTX                   0x1fff0524   0x14  Data  Gb  MK60_port.o [1]
Para_Checked            0x1fff0415    0x1  Data  Gb  main.o [1]
Para_Index              0x1fff0414    0x1  Data  Gb  main.o [1]
Para_Name               0x1fff0458   0x54  Data  Gb  main.o [1]
Region$$Table$$Base     0x000021c8          --   Gb  - Linker created -
Region$$Table$$Limit    0x000021d8          --   Gb  - Linker created -
Reset_Handler           0x00000411         Code  Gb  startup_MK60DZ10.o [1]
Step                    0x1fff0438   0x20  Data  Gb  main.o [1]
Step_Index              0x1fff0416    0x1  Data  Gb  main.o [1]
UARTN                   0x1fff0538   0x18  Data  Gb  MK60_uart.o [1]
Voltage                 0x1fff0434    0x4  Data  Gb  main.o [1]
__BOOT_STACK_ADDRESS {Abs}
                        0x2000fff8          --   Gb  command line/config [2]
__VECTOR_RAM {Abs}      0x1fff0000          --   Gb  command line/config [2]
__VECTOR_TABLE {Abs}    0x00000000          --   Gb  command line/config [2]
__aeabi_cfcmple         0x00001579         Code  Gb  FltCmpLe.o [4]
__aeabi_cfrcmple        0x00001139         Code  Gb  FltCmpGe.o [4]
__aeabi_d2f             0x000012b5         Code  Gb  DblToFlt.o [4]
__aeabi_dadd            0x000011cd         Code  Gb  DblAdd.o [4]
__aeabi_f2d             0x0000115d         Code  Gb  FltToDbl.o [4]
__aeabi_f2iz            0x00001345         Code  Gb  FltToS32.o [4]
__aeabi_fmul            0x000014a1         Code  Gb  FltMul.o [4]
__aeabi_fsub            0x000013b9         Code  Gb  FltSub.o [4]
__aeabi_i2f             0x00001389         Code  Gb  I32ToFlt.o [4]
__aeabi_memclr          0x000020fd         Code  Gb  ABImemclr.o [5]
__as_entries_start      0xffffffff          --   Gb  command line/config [2]
__as_table_start        0xffffffff          --   Gb  command line/config [2]
__cmain                 0x000021d9         Code  Gb  cmain.o [5]
__code_start__ {Abs}    0x00000410          --   Gb  command line/config [2]
__exit                  0x00002205         Code  Gb  XXexit.o [5]
__iar_Memset_word       0x00002105         Code  Gb  ABImemset.o [5]
__iar_dadd              0x000011e1         Code  Gb  DblAdd.o [4]
__iar_data_init3        0x000021a1   0x28  Code  Gb  data_init.o [5]
__iar_dsub              0x000015d9         Code  Gb  DblSub.o [4]
__iar_dsubStart         0x000015eb         Code  Gb  DblSub.o [4]
__iar_fadd              0x00001745         Code  Gb  FltAdd.o [4]
__iar_fsub              0x000013c9         Code  Gb  FltSub.o [4]
__iar_fsubStart         0x000013d9         Code  Gb  FltSub.o [4]
__iar_program_start     0x00002211         Code  Gb  cstartup_M.o [5]
__iar_ui2f              0x0000139d         Code  Gb  I32ToFlt.o [4]
__iar_unaligned___aeabi_memcpy
                        0x00002079         Code  Gb  ABImemcpy_unaligned.o [5]
__iar_unaligned___aeabi_memcpy4
                        0x00002099         Code  Gb  ABImemcpy_unaligned.o [5]
__iar_unaligned___aeabi_memcpy8
                        0x00002099         Code  Gb  ABImemcpy_unaligned.o [5]
__iar_zero_init3        0x000011ab   0x22  Code  Gb  zero_init3.o [5]
__vector_table          0x00000000  0x410  Data  Gb  vectors.o [1]
_call_main              0x000021e5         Code  Gb  cmain.o [5]
_exit                   0x000021f9         Code  Gb  cexit.o [5]
_main                   0x000021ef         Code  Gb  cmain.o [5]
bus_clk_khz             0x1fff0594    0x4  Data  Gb  system_MK60DZ10.o [1]
common_startup          0x00001fd3   0x48  Code  Gb  system_MK60DZ10.o [1]
core_clk_khz            0x1fff058c    0x4  Data  Gb  system_MK60DZ10.o [1]
core_clk_mhz            0x1fff0590    0x4  Data  Gb  system_MK60DZ10.o [1]
default_isr             0x0000221d    0x2  Code  Gb  MK60_conf.o [1]
exit                    0x000021f3    0x4  Code  Gb  exit.o [3]
ftm_mod                 0x1fff04bc    0xc  Data  Lc  MK60_ftm.o [1]
ftm_pwm_duty            0x00001c6f   0x38  Code  Gb  MK60_ftm.o [1]
ftm_pwm_init            0x00001be1   0x8e  Code  Gb  MK60_ftm.o [1]
gpio_init               0x000010d1   0x42  Code  Gb  MK60_gpio.o [1]
gpio_set                0x00001113   0x22  Code  Gb  MK60_gpio.o [1]
led_init                0x00001b19   0x18  Code  Gb  Liuzw_led.o [1]
main                    0x00001a39   0x48  Code  Gb  main.o [1]
mcg_cfg                 0x1fff04dc   0x44  Data  Gb  MK60_mcg.o [1]
mcg_div                 0x1fff0520    0x4  Data  Gb  MK60_mcg.o [1]
mcg_div_count           0x000017c1  0x13a  Code  Gb  MK60_mcg.o [1]
mykc_logo               0x00000aa0  0x400  Data  Gb  zet_oled.o [1]
pll_init                0x000018fb   0x7c  Code  Gb  MK60_mcg.o [1]
port_init               0x0000159d   0x2c  Code  Gb  MK60_port.o [1]
reverse                 0x1fff0598    0x1  Data  Gb  zet_oled.o [1]
set_sys_dividers        0x1fff0551   0x3c  Code  Gb  MK60_mcg.o [1]
start                   0x00001f81   0x1e  Code  Gb  system_MK60DZ10.o [1]
sysinit                 0x00001f9f   0x34  Code  Gb  system_MK60DZ10.o [1]
systick_delay_ms        0x00001cb5   0x2a  Code  Gb  MK60_SysTick.o [1]
uart_init               0x00001ce9  0x148  Code  Gb  MK60_uart.o [1]
wdog_disable            0x0000204d   0x26  Code  Gb  MK60_wdog.o [1]
write_vtor              0x000020f1    0x6  Code  Gb  misc.o [1]
zet_motor               0x00001a81   0x7e  Code  Gb  main.o [1]


[1] = E:\ZhiNengChe\山外资料\山外K60参考代码V5.3（支持FX、FN和DNZ）\书外的参考例程\zet_k60_SW\Prj\IAR\DZ10_Release\Obj
[2] = command line
[3] = dl7M_tlf.a
[4] = m7M_tl.a
[5] = rt7M_tl.a

  7 298 bytes of readonly  code memory
     60 bytes of readwrite code memory
  1 436 bytes of readonly  data memory
    333 bytes of readwrite data memory

Errors: none
Warnings: none
