<html>
<body>
<pre>
<h1>µVision Build Log</h1>
<h2>Tool Versions:</h2>
IDE-Version: ¦ÌVision V5.22.0.0
Copyright (C) 2016 ARM Ltd and ARM Germany GmbH. All rights reserved.
License Information: zet Microsoft, Microsoft, LIC=----
 
Tool Versions:
Toolchain:       MDK-Lite  Version: 5.22
Toolchain Path:  D:\xuexi2\SmartCar\MDKforARM\ARM\ARMCC\Bin
C Compiler:      Armcc.exe V5.06 update 4 (build 422)
Assembler:       Armasm.exe V5.06 update 4 (build 422)
Linker/Locator:  ArmLink.exe V5.06 update 4 (build 422)
Library Manager: ArmAr.exe V5.06 update 4 (build 422)
Hex Converter:   FromElf.exe V5.06 update 4 (build 422)
CPU DLL:         SARMCM3.DLL V5.22
Dialog DLL:      DCM.DLL V1.13.9.0
Target DLL:      Segger\JL2CM3.dll V2.99.23.0
Dialog DLL:      TCM.DLL V1.21.0.0
 
<h2>Project:</h2>
E:\ZhiNengChe\yandld-CH-K-Lib-rel_raven_ks22\CH-K-Lib\Project\RavenKS22¶ÉÑ»_»ù´¡Àý³Ì\wzt\mdk\templete.uvprojx
Project File Date:  12/10/2016

<h2>Output:</h2>
*** Using Compiler 'V5.06 update 4 (build 422)', folder: 'D:\xuexi2\SmartCar\MDKforARM\ARM\ARMCC\Bin'
Rebuild target 'mks22fn25612'
assembling startup_MKS22F25612.s...
compiling main.c...
compiling system_MKS22F25612.c...
compiling adc.c...
compiling crc.c...
compiling common.c...
compiling dma.c...
compiling flexio.c...
compiling flash.c...
compiling flexcan.c...
compiling gpio.c...
compiling i2c.c...
compiling lptmr.c...
compiling lpuart.c...
compiling pit.c...
compiling mcg.c...
compiling tpm.c...
compiling spi.c...
compiling rtc.c...
compiling wdog.c...
compiling uart.c...
linking...
Program Size: Code=3724 RO-data=1224 RW-data=48 ZI-data=1024  
FromELF: creating hex file...
After Build - User command #1: fromelf --bin -o "E:\ZhiNengChe\yandld-CH-K-Lib-rel_raven_ks22\CH-K-Lib\Project\RavenKS22¶ÉÑ»_»ù´¡Àý³Ì\wzt\mdk\mks22\flash\templete.bin" "E:\ZhiNengChe\yandld-CH-K-Lib-rel_raven_ks22\CH-K-Lib\Project\RavenKS22¶ÉÑ»_»ù´¡Àý³Ì\wzt\mdk\mks22\flash\templete.axf"
".\mks22\flash\templete.axf" - 0 Error(s), 0 Warning(s).

<h2>Collection of Component include folders:</h2>
  E:\ZhiNengChe\yandld-CH-K-Lib-rel_raven_ks22\CH-K-Lib\Project\RavenKS22¶ÉÑ»_»ù´¡Àý³Ì\wzt\mdk\RTE\_mks22fn25612
  D:\xuexi2\SmartCar\MDKforARM\ARM\PACK\Keil\Kinetis_KSxx_DFP\1.1.0\Device\Include

<h2>Collection of Component Files used:</h2>
Build Time Elapsed:  00:00:25
</pre>
</body>
</html>
