<!doctype html public "-//w3c//dtd html 4.0 transitional//en">
<html><head>
<title>Static Call Graph - [.\mks22\flash\templete.axf]</title></head>
<body><HR>
<H1>Static Call Graph for image .\mks22\flash\templete.axf</H1><HR>
<BR><P>#&#060CALLGRAPH&#062# ARM Linker, 5060422: Last Updated: Wed Jan 11 23:12:11 2017
<BR><P>
<H3>Maximum Stack Usage =         88 bytes + Unknown(Cycles, Untraceable Function Pointers)</H3><H3>
Call chain for Maximum Stack Depth:</H3>
main &rArr; UART_Init &rArr; UART_SetBaudRate &rArr; UART_SetClock
<P>
<H3>
Mutually Recursive functions
</H3> <LI><a href="#[2]">HardFault_Handler</a>&nbsp;&nbsp;&nbsp;&rArr;&nbsp;&nbsp;&nbsp;<a href="#[2]">HardFault_Handler</a><BR>
 <LI><a href="#[3]">MemManage_Handler</a>&nbsp;&nbsp;&nbsp;&rArr;&nbsp;&nbsp;&nbsp;<a href="#[3]">MemManage_Handler</a><BR>
 <LI><a href="#[4]">BusFault_Handler</a>&nbsp;&nbsp;&nbsp;&rArr;&nbsp;&nbsp;&nbsp;<a href="#[4]">BusFault_Handler</a><BR>
 <LI><a href="#[5]">UsageFault_Handler</a>&nbsp;&nbsp;&nbsp;&rArr;&nbsp;&nbsp;&nbsp;<a href="#[5]">UsageFault_Handler</a><BR>
 <LI><a href="#[6]">SVC_Handler</a>&nbsp;&nbsp;&nbsp;&rArr;&nbsp;&nbsp;&nbsp;<a href="#[6]">SVC_Handler</a><BR>
 <LI><a href="#[7]">DebugMon_Handler</a>&nbsp;&nbsp;&nbsp;&rArr;&nbsp;&nbsp;&nbsp;<a href="#[7]">DebugMon_Handler</a><BR>
 <LI><a href="#[8]">PendSV_Handler</a>&nbsp;&nbsp;&nbsp;&rArr;&nbsp;&nbsp;&nbsp;<a href="#[8]">PendSV_Handler</a><BR>
 <LI><a href="#[9]">SysTick_Handler</a>&nbsp;&nbsp;&nbsp;&rArr;&nbsp;&nbsp;&nbsp;<a href="#[9]">SysTick_Handler</a><BR>
</UL>
<P>
<H3>
Function Pointers
</H3><UL>
 <LI><a href="#[31]">ADC0_IRQHandler</a> from startup_mks22f25612.o(.text) referenced from startup_mks22f25612.o(RESET)
 <LI><a href="#[4]">BusFault_Handler</a> from startup_mks22f25612.o(.text) referenced from startup_mks22f25612.o(RESET)
 <LI><a href="#[56]">CAN0_Bus_Off_IRQHandler</a> from startup_mks22f25612.o(.text) referenced from startup_mks22f25612.o(RESET)
 <LI><a href="#[57]">CAN0_Error_IRQHandler</a> from startup_mks22f25612.o(.text) referenced from startup_mks22f25612.o(RESET)
 <LI><a href="#[55]">CAN0_ORed_Message_buffer_IRQHandler</a> from startup_mks22f25612.o(.text) referenced from startup_mks22f25612.o(RESET)
 <LI><a href="#[59]">CAN0_Rx_Warning_IRQHandler</a> from startup_mks22f25612.o(.text) referenced from startup_mks22f25612.o(RESET)
 <LI><a href="#[58]">CAN0_Tx_Warning_IRQHandler</a> from startup_mks22f25612.o(.text) referenced from startup_mks22f25612.o(RESET)
 <LI><a href="#[5a]">CAN0_Wake_Up_IRQHandler</a> from startup_mks22f25612.o(.text) referenced from startup_mks22f25612.o(RESET)
 <LI><a href="#[69]">CAN1_Bus_Off_IRQHandler</a> from startup_mks22f25612.o(.text) referenced from startup_mks22f25612.o(RESET)
 <LI><a href="#[6a]">CAN1_Error_IRQHandler</a> from startup_mks22f25612.o(.text) referenced from startup_mks22f25612.o(RESET)
 <LI><a href="#[68]">CAN1_ORed_Message_buffer_IRQHandler</a> from startup_mks22f25612.o(.text) referenced from startup_mks22f25612.o(RESET)
 <LI><a href="#[6c]">CAN1_Rx_Warning_IRQHandler</a> from startup_mks22f25612.o(.text) referenced from startup_mks22f25612.o(RESET)
 <LI><a href="#[6b]">CAN1_Tx_Warning_IRQHandler</a> from startup_mks22f25612.o(.text) referenced from startup_mks22f25612.o(RESET)
 <LI><a href="#[6d]">CAN1_Wake_Up_IRQHandler</a> from startup_mks22f25612.o(.text) referenced from startup_mks22f25612.o(RESET)
 <LI><a href="#[32]">CMP0_IRQHandler</a> from startup_mks22f25612.o(.text) referenced from startup_mks22f25612.o(RESET)
 <LI><a href="#[42]">DAC0_IRQHandler</a> from startup_mks22f25612.o(.text) referenced from startup_mks22f25612.o(RESET)
 <LI><a href="#[a]">DMA0_IRQHandler</a> from startup_mks22f25612.o(.text) referenced from startup_mks22f25612.o(RESET)
 <LI><a href="#[14]">DMA10_IRQHandler</a> from startup_mks22f25612.o(.text) referenced from startup_mks22f25612.o(RESET)
 <LI><a href="#[15]">DMA11_IRQHandler</a> from startup_mks22f25612.o(.text) referenced from startup_mks22f25612.o(RESET)
 <LI><a href="#[16]">DMA12_IRQHandler</a> from startup_mks22f25612.o(.text) referenced from startup_mks22f25612.o(RESET)
 <LI><a href="#[17]">DMA13_IRQHandler</a> from startup_mks22f25612.o(.text) referenced from startup_mks22f25612.o(RESET)
 <LI><a href="#[18]">DMA14_IRQHandler</a> from startup_mks22f25612.o(.text) referenced from startup_mks22f25612.o(RESET)
 <LI><a href="#[19]">DMA15_IRQHandler</a> from startup_mks22f25612.o(.text) referenced from startup_mks22f25612.o(RESET)
 <LI><a href="#[b]">DMA1_IRQHandler</a> from startup_mks22f25612.o(.text) referenced from startup_mks22f25612.o(RESET)
 <LI><a href="#[c]">DMA2_IRQHandler</a> from startup_mks22f25612.o(.text) referenced from startup_mks22f25612.o(RESET)
 <LI><a href="#[d]">DMA3_IRQHandler</a> from startup_mks22f25612.o(.text) referenced from startup_mks22f25612.o(RESET)
 <LI><a href="#[e]">DMA4_IRQHandler</a> from startup_mks22f25612.o(.text) referenced from startup_mks22f25612.o(RESET)
 <LI><a href="#[f]">DMA5_IRQHandler</a> from startup_mks22f25612.o(.text) referenced from startup_mks22f25612.o(RESET)
 <LI><a href="#[10]">DMA6_IRQHandler</a> from startup_mks22f25612.o(.text) referenced from startup_mks22f25612.o(RESET)
 <LI><a href="#[11]">DMA7_IRQHandler</a> from startup_mks22f25612.o(.text) referenced from startup_mks22f25612.o(RESET)
 <LI><a href="#[12]">DMA8_IRQHandler</a> from startup_mks22f25612.o(.text) referenced from startup_mks22f25612.o(RESET)
 <LI><a href="#[13]">DMA9_IRQHandler</a> from startup_mks22f25612.o(.text) referenced from startup_mks22f25612.o(RESET)
 <LI><a href="#[1a]">DMA_Error_IRQHandler</a> from startup_mks22f25612.o(.text) referenced from startup_mks22f25612.o(RESET)
 <LI><a href="#[7]">DebugMon_Handler</a> from startup_mks22f25612.o(.text) referenced from startup_mks22f25612.o(RESET)
 <LI><a href="#[6e]">DefaultISR</a> from startup_mks22f25612.o(.text) referenced 139 times from startup_mks22f25612.o(RESET)
 <LI><a href="#[50]">FLEXIO_IRQHandler</a> from startup_mks22f25612.o(.text) referenced from startup_mks22f25612.o(RESET)
 <LI><a href="#[1c]">FTF_IRQHandler</a> from startup_mks22f25612.o(.text) referenced from startup_mks22f25612.o(RESET)
 <LI><a href="#[72]">Getc</a> from uart.o(.text) referenced from uart.o(.text)
 <LI><a href="#[2]">HardFault_Handler</a> from startup_mks22f25612.o(.text) referenced from startup_mks22f25612.o(RESET)
 <LI><a href="#[27]">I2S0_Rx_IRQHandler</a> from startup_mks22f25612.o(.text) referenced from startup_mks22f25612.o(RESET)
 <LI><a href="#[26]">I2S0_Tx_IRQHandler</a> from startup_mks22f25612.o(.text) referenced from startup_mks22f25612.o(RESET)
 <LI><a href="#[63]">I2S1_Rx_IRQHandler</a> from startup_mks22f25612.o(.text) referenced from startup_mks22f25612.o(RESET)
 <LI><a href="#[62]">I2S1_Tx_IRQHandler</a> from startup_mks22f25612.o(.text) referenced from startup_mks22f25612.o(RESET)
 <LI><a href="#[1f]">LLWU_IRQHandler</a> from startup_mks22f25612.o(.text) referenced from startup_mks22f25612.o(RESET)
 <LI><a href="#[22]">LPI2C0_IRQHandler</a> from startup_mks22f25612.o(.text) referenced from startup_mks22f25612.o(RESET)
 <LI><a href="#[23]">LPI2C1_IRQHandler</a> from startup_mks22f25612.o(.text) referenced from startup_mks22f25612.o(RESET)
 <LI><a href="#[44]">LPTMR0_IRQHandler</a> from startup_mks22f25612.o(.text) referenced from startup_mks22f25612.o(RESET)
 <LI><a href="#[28]">LPUART0_IRQHandler</a> from startup_mks22f25612.o(.text) referenced from startup_mks22f25612.o(RESET)
 <LI><a href="#[1e]">LVD_LVW_IRQHandler</a> from startup_mks22f25612.o(.text) referenced from startup_mks22f25612.o(RESET)
 <LI><a href="#[43]">MCG_IRQHandler</a> from startup_mks22f25612.o(.text) referenced from startup_mks22f25612.o(RESET)
 <LI><a href="#[1b]">MCM_IRQHandler</a> from startup_mks22f25612.o(.text) referenced from startup_mks22f25612.o(RESET)
 <LI><a href="#[3]">MemManage_Handler</a> from startup_mks22f25612.o(.text) referenced from startup_mks22f25612.o(RESET)
 <LI><a href="#[1]">NMI_Handler</a> from common.o(.text) referenced from startup_mks22f25612.o(RESET)
 <LI><a href="#[3e]">PDB0_IRQHandler</a> from startup_mks22f25612.o(.text) referenced from startup_mks22f25612.o(RESET)
 <LI><a href="#[3a]">PIT0_IRQHandler</a> from startup_mks22f25612.o(.text) referenced from startup_mks22f25612.o(RESET)
 <LI><a href="#[3b]">PIT1_IRQHandler</a> from startup_mks22f25612.o(.text) referenced from startup_mks22f25612.o(RESET)
 <LI><a href="#[3c]">PIT2_IRQHandler</a> from startup_mks22f25612.o(.text) referenced from startup_mks22f25612.o(RESET)
 <LI><a href="#[3d]">PIT3_IRQHandler</a> from startup_mks22f25612.o(.text) referenced from startup_mks22f25612.o(RESET)
 <LI><a href="#[45]">PORTA_IRQHandler</a> from startup_mks22f25612.o(.text) referenced from startup_mks22f25612.o(RESET)
 <LI><a href="#[46]">PORTB_IRQHandler</a> from startup_mks22f25612.o(.text) referenced from startup_mks22f25612.o(RESET)
 <LI><a href="#[47]">PORTC_IRQHandler</a> from main.o(.text) referenced from startup_mks22f25612.o(RESET)
 <LI><a href="#[48]">PORTD_IRQHandler</a> from startup_mks22f25612.o(.text) referenced from startup_mks22f25612.o(RESET)
 <LI><a href="#[49]">PORTE_IRQHandler</a> from startup_mks22f25612.o(.text) referenced from startup_mks22f25612.o(RESET)
 <LI><a href="#[8]">PendSV_Handler</a> from startup_mks22f25612.o(.text) referenced from startup_mks22f25612.o(RESET)
 <LI><a href="#[73]">Putc</a> from uart.o(.text) referenced from uart.o(.text)
 <LI><a href="#[21]">RNG_IRQHandler</a> from startup_mks22f25612.o(.text) referenced from startup_mks22f25612.o(RESET)
 <LI><a href="#[38]">RTC_IRQHandler</a> from startup_mks22f25612.o(.text) referenced from startup_mks22f25612.o(RESET)
 <LI><a href="#[39]">RTC_Seconds_IRQHandler</a> from startup_mks22f25612.o(.text) referenced from startup_mks22f25612.o(RESET)
 <LI><a href="#[1d]">Read_Collision_IRQHandler</a> from startup_mks22f25612.o(.text) referenced from startup_mks22f25612.o(RESET)
 <LI><a href="#[5e]">Reserved100_IRQHandler</a> from startup_mks22f25612.o(.text) referenced from startup_mks22f25612.o(RESET)
 <LI><a href="#[5f]">Reserved101_IRQHandler</a> from startup_mks22f25612.o(.text) referenced from startup_mks22f25612.o(RESET)
 <LI><a href="#[60]">Reserved102_IRQHandler</a> from startup_mks22f25612.o(.text) referenced from startup_mks22f25612.o(RESET)
 <LI><a href="#[61]">Reserved103_IRQHandler</a> from startup_mks22f25612.o(.text) referenced from startup_mks22f25612.o(RESET)
 <LI><a href="#[64]">Reserved106_IRQHandler</a> from startup_mks22f25612.o(.text) referenced from startup_mks22f25612.o(RESET)
 <LI><a href="#[65]">Reserved107_IRQHandler</a> from startup_mks22f25612.o(.text) referenced from startup_mks22f25612.o(RESET)
 <LI><a href="#[66]">Reserved108_IRQHandler</a> from startup_mks22f25612.o(.text) referenced from startup_mks22f25612.o(RESET)
 <LI><a href="#[67]">Reserved109_IRQHandler</a> from startup_mks22f25612.o(.text) referenced from startup_mks22f25612.o(RESET)
 <LI><a href="#[2f]">Reserved53_IRQHandler</a> from startup_mks22f25612.o(.text) referenced from startup_mks22f25612.o(RESET)
 <LI><a href="#[30]">Reserved54_IRQHandler</a> from startup_mks22f25612.o(.text) referenced from startup_mks22f25612.o(RESET)
 <LI><a href="#[33]">Reserved57_IRQHandler</a> from startup_mks22f25612.o(.text) referenced from startup_mks22f25612.o(RESET)
 <LI><a href="#[37]">Reserved61_IRQHandler</a> from startup_mks22f25612.o(.text) referenced from startup_mks22f25612.o(RESET)
 <LI><a href="#[40]">Reserved70_IRQHandler</a> from startup_mks22f25612.o(.text) referenced from startup_mks22f25612.o(RESET)
 <LI><a href="#[41]">Reserved71_IRQHandler</a> from startup_mks22f25612.o(.text) referenced from startup_mks22f25612.o(RESET)
 <LI><a href="#[4b]">Reserved81_IRQHandler</a> from startup_mks22f25612.o(.text) referenced from startup_mks22f25612.o(RESET)
 <LI><a href="#[4c]">Reserved82_IRQHandler</a> from startup_mks22f25612.o(.text) referenced from startup_mks22f25612.o(RESET)
 <LI><a href="#[4d]">Reserved83_IRQHandler</a> from startup_mks22f25612.o(.text) referenced from startup_mks22f25612.o(RESET)
 <LI><a href="#[4e]">Reserved84_IRQHandler</a> from startup_mks22f25612.o(.text) referenced from startup_mks22f25612.o(RESET)
 <LI><a href="#[4f]">Reserved85_IRQHandler</a> from startup_mks22f25612.o(.text) referenced from startup_mks22f25612.o(RESET)
 <LI><a href="#[51]">Reserved87_IRQHandler</a> from startup_mks22f25612.o(.text) referenced from startup_mks22f25612.o(RESET)
 <LI><a href="#[52]">Reserved88_IRQHandler</a> from startup_mks22f25612.o(.text) referenced from startup_mks22f25612.o(RESET)
 <LI><a href="#[53]">Reserved89_IRQHandler</a> from startup_mks22f25612.o(.text) referenced from startup_mks22f25612.o(RESET)
 <LI><a href="#[54]">Reserved90_IRQHandler</a> from startup_mks22f25612.o(.text) referenced from startup_mks22f25612.o(RESET)
 <LI><a href="#[5b]">Reserved97_IRQHandler</a> from startup_mks22f25612.o(.text) referenced from startup_mks22f25612.o(RESET)
 <LI><a href="#[5c]">Reserved98_IRQHandler</a> from startup_mks22f25612.o(.text) referenced from startup_mks22f25612.o(RESET)
 <LI><a href="#[5d]">Reserved99_IRQHandler</a> from startup_mks22f25612.o(.text) referenced from startup_mks22f25612.o(RESET)
 <LI><a href="#[0]">Reset_Handler</a> from startup_mks22f25612.o(.text) referenced from startup_mks22f25612.o(RESET)
 <LI><a href="#[24]">SPI0_IRQHandler</a> from startup_mks22f25612.o(.text) referenced from startup_mks22f25612.o(RESET)
 <LI><a href="#[25]">SPI1_IRQHandler</a> from startup_mks22f25612.o(.text) referenced from startup_mks22f25612.o(RESET)
 <LI><a href="#[6]">SVC_Handler</a> from startup_mks22f25612.o(.text) referenced from startup_mks22f25612.o(RESET)
 <LI><a href="#[4a]">SWI_IRQHandler</a> from startup_mks22f25612.o(.text) referenced from startup_mks22f25612.o(RESET)
 <LI><a href="#[9]">SysTick_Handler</a> from startup_mks22f25612.o(.text) referenced from startup_mks22f25612.o(RESET)
 <LI><a href="#[70]">SystemInit</a> from system_mks22f25612.o(.text) referenced from startup_mks22f25612.o(.text)
 <LI><a href="#[34]">TPM0_IRQHandler</a> from startup_mks22f25612.o(.text) referenced from startup_mks22f25612.o(RESET)
 <LI><a href="#[35]">TPM1_IRQHandler</a> from startup_mks22f25612.o(.text) referenced from startup_mks22f25612.o(RESET)
 <LI><a href="#[36]">TPM2_IRQHandler</a> from startup_mks22f25612.o(.text) referenced from startup_mks22f25612.o(RESET)
 <LI><a href="#[2a]">UART0_ERR_IRQHandler</a> from startup_mks22f25612.o(.text) referenced from startup_mks22f25612.o(RESET)
 <LI><a href="#[29]">UART0_RX_TX_IRQHandler</a> from startup_mks22f25612.o(.text) referenced from startup_mks22f25612.o(RESET)
 <LI><a href="#[2c]">UART1_ERR_IRQHandler</a> from startup_mks22f25612.o(.text) referenced from startup_mks22f25612.o(RESET)
 <LI><a href="#[2b]">UART1_RX_TX_IRQHandler</a> from startup_mks22f25612.o(.text) referenced from startup_mks22f25612.o(RESET)
 <LI><a href="#[2e]">UART2_ERR_IRQHandler</a> from startup_mks22f25612.o(.text) referenced from startup_mks22f25612.o(RESET)
 <LI><a href="#[2d]">UART2_RX_TX_IRQHandler</a> from startup_mks22f25612.o(.text) referenced from startup_mks22f25612.o(RESET)
 <LI><a href="#[3f]">USB0_IRQHandler</a> from startup_mks22f25612.o(.text) referenced from startup_mks22f25612.o(RESET)
 <LI><a href="#[5]">UsageFault_Handler</a> from startup_mks22f25612.o(.text) referenced from startup_mks22f25612.o(RESET)
 <LI><a href="#[20]">WDOG_EWM_IRQHandler</a> from startup_mks22f25612.o(.text) referenced from startup_mks22f25612.o(RESET)
 <LI><a href="#[71]">__main</a> from entry.o(.ARM.Collect$$$$00000000) referenced from startup_mks22f25612.o(.text)
 <LI><a href="#[74]">fputc</a> from common.o(.text) referenced from printfb.o(i.__0printf$bare)
 <LI><a href="#[6f]">main</a> from main.o(.text) referenced from entry9a.o(.ARM.Collect$$$$0000000B)
</UL>
<P>
<H3>
Global Symbols
</H3>
<P><STRONG><a name="[71]"></a>__main</STRONG> (Thumb, 0 bytes, Stack size unknown bytes, entry.o(.ARM.Collect$$$$00000000))
<BR>[Address Reference Count : 1]<UL><LI> startup_mks22f25612.o(.text)
</UL>
<P><STRONG><a name="[90]"></a>_main_stk</STRONG> (Thumb, 0 bytes, Stack size unknown bytes, entry2.o(.ARM.Collect$$$$00000001))

<P><STRONG><a name="[75]"></a>_main_scatterload</STRONG> (Thumb, 0 bytes, Stack size unknown bytes, entry5.o(.ARM.Collect$$$$00000004))
<BR><BR>[Calls]<UL><LI><a href="#[76]">&gt;&gt;</a>&nbsp;&nbsp;&nbsp;__scatterload
</UL>

<P><STRONG><a name="[8d]"></a>__main_after_scatterload</STRONG> (Thumb, 0 bytes, Stack size unknown bytes, entry5.o(.ARM.Collect$$$$00000004))
<BR><BR>[Called By]<UL><LI><a href="#[76]">&gt;&gt;</a>&nbsp;&nbsp;&nbsp;__scatterload
</UL>

<P><STRONG><a name="[91]"></a>_main_clock</STRONG> (Thumb, 0 bytes, Stack size unknown bytes, entry7b.o(.ARM.Collect$$$$00000008))

<P><STRONG><a name="[92]"></a>_main_cpp_init</STRONG> (Thumb, 0 bytes, Stack size unknown bytes, entry8b.o(.ARM.Collect$$$$0000000A))

<P><STRONG><a name="[93]"></a>_main_init</STRONG> (Thumb, 0 bytes, Stack size unknown bytes, entry9a.o(.ARM.Collect$$$$0000000B))

<P><STRONG><a name="[94]"></a>__rt_final_cpp</STRONG> (Thumb, 0 bytes, Stack size unknown bytes, entry10a.o(.ARM.Collect$$$$0000000D))

<P><STRONG><a name="[95]"></a>__rt_final_exit</STRONG> (Thumb, 0 bytes, Stack size unknown bytes, entry11a.o(.ARM.Collect$$$$0000000F))

<P><STRONG><a name="[70]"></a>SystemInit</STRONG> (Thumb, 136 bytes, Stack size 0 bytes, system_mks22f25612.o(.text))
<BR>[Address Reference Count : 1]<UL><LI> startup_mks22f25612.o(.text)
</UL>
<P><STRONG><a name="[96]"></a>SystemCoreClockUpdate</STRONG> (Thumb, 426 bytes, Stack size 0 bytes, system_mks22f25612.o(.text), UNUSED)

<P><STRONG><a name="[0]"></a>Reset_Handler</STRONG> (Thumb, 12 bytes, Stack size 0 bytes, startup_mks22f25612.o(.text))
<BR>[Address Reference Count : 1]<UL><LI> startup_mks22f25612.o(RESET)
</UL>
<P><STRONG><a name="[2]"></a>HardFault_Handler</STRONG> (Thumb, 2 bytes, Stack size 0 bytes, startup_mks22f25612.o(.text))
<BR><BR>[Calls]<UL><LI><a href="#[2]">&gt;&gt;</a>&nbsp;&nbsp;&nbsp;HardFault_Handler
</UL>
<BR>[Called By]<UL><LI><a href="#[2]">&gt;&gt;</a>&nbsp;&nbsp;&nbsp;HardFault_Handler
</UL>
<BR>[Address Reference Count : 1]<UL><LI> startup_mks22f25612.o(RESET)
</UL>
<P><STRONG><a name="[3]"></a>MemManage_Handler</STRONG> (Thumb, 2 bytes, Stack size 0 bytes, startup_mks22f25612.o(.text))
<BR><BR>[Calls]<UL><LI><a href="#[3]">&gt;&gt;</a>&nbsp;&nbsp;&nbsp;MemManage_Handler
</UL>
<BR>[Called By]<UL><LI><a href="#[3]">&gt;&gt;</a>&nbsp;&nbsp;&nbsp;MemManage_Handler
</UL>
<BR>[Address Reference Count : 1]<UL><LI> startup_mks22f25612.o(RESET)
</UL>
<P><STRONG><a name="[4]"></a>BusFault_Handler</STRONG> (Thumb, 2 bytes, Stack size 0 bytes, startup_mks22f25612.o(.text))
<BR><BR>[Calls]<UL><LI><a href="#[4]">&gt;&gt;</a>&nbsp;&nbsp;&nbsp;BusFault_Handler
</UL>
<BR>[Called By]<UL><LI><a href="#[4]">&gt;&gt;</a>&nbsp;&nbsp;&nbsp;BusFault_Handler
</UL>
<BR>[Address Reference Count : 1]<UL><LI> startup_mks22f25612.o(RESET)
</UL>
<P><STRONG><a name="[5]"></a>UsageFault_Handler</STRONG> (Thumb, 2 bytes, Stack size 0 bytes, startup_mks22f25612.o(.text))
<BR><BR>[Calls]<UL><LI><a href="#[5]">&gt;&gt;</a>&nbsp;&nbsp;&nbsp;UsageFault_Handler
</UL>
<BR>[Called By]<UL><LI><a href="#[5]">&gt;&gt;</a>&nbsp;&nbsp;&nbsp;UsageFault_Handler
</UL>
<BR>[Address Reference Count : 1]<UL><LI> startup_mks22f25612.o(RESET)
</UL>
<P><STRONG><a name="[6]"></a>SVC_Handler</STRONG> (Thumb, 2 bytes, Stack size 0 bytes, startup_mks22f25612.o(.text))
<BR><BR>[Calls]<UL><LI><a href="#[6]">&gt;&gt;</a>&nbsp;&nbsp;&nbsp;SVC_Handler
</UL>
<BR>[Called By]<UL><LI><a href="#[6]">&gt;&gt;</a>&nbsp;&nbsp;&nbsp;SVC_Handler
</UL>
<BR>[Address Reference Count : 1]<UL><LI> startup_mks22f25612.o(RESET)
</UL>
<P><STRONG><a name="[7]"></a>DebugMon_Handler</STRONG> (Thumb, 2 bytes, Stack size 0 bytes, startup_mks22f25612.o(.text))
<BR><BR>[Calls]<UL><LI><a href="#[7]">&gt;&gt;</a>&nbsp;&nbsp;&nbsp;DebugMon_Handler
</UL>
<BR>[Called By]<UL><LI><a href="#[7]">&gt;&gt;</a>&nbsp;&nbsp;&nbsp;DebugMon_Handler
</UL>
<BR>[Address Reference Count : 1]<UL><LI> startup_mks22f25612.o(RESET)
</UL>
<P><STRONG><a name="[8]"></a>PendSV_Handler</STRONG> (Thumb, 2 bytes, Stack size 0 bytes, startup_mks22f25612.o(.text))
<BR><BR>[Calls]<UL><LI><a href="#[8]">&gt;&gt;</a>&nbsp;&nbsp;&nbsp;PendSV_Handler
</UL>
<BR>[Called By]<UL><LI><a href="#[8]">&gt;&gt;</a>&nbsp;&nbsp;&nbsp;PendSV_Handler
</UL>
<BR>[Address Reference Count : 1]<UL><LI> startup_mks22f25612.o(RESET)
</UL>
<P><STRONG><a name="[9]"></a>SysTick_Handler</STRONG> (Thumb, 2 bytes, Stack size 0 bytes, startup_mks22f25612.o(.text))
<BR><BR>[Calls]<UL><LI><a href="#[9]">&gt;&gt;</a>&nbsp;&nbsp;&nbsp;SysTick_Handler
</UL>
<BR>[Called By]<UL><LI><a href="#[9]">&gt;&gt;</a>&nbsp;&nbsp;&nbsp;SysTick_Handler
</UL>
<BR>[Address Reference Count : 1]<UL><LI> startup_mks22f25612.o(RESET)
</UL>
<P><STRONG><a name="[31]"></a>ADC0_IRQHandler</STRONG> (Thumb, 0 bytes, Stack size 0 bytes, startup_mks22f25612.o(.text))
<BR><BR>[Calls]<UL><LI><a href="#[6e]">&gt;&gt;</a>&nbsp;&nbsp;&nbsp;DefaultISR
</UL>
<BR>[Address Reference Count : 1]<UL><LI> startup_mks22f25612.o(RESET)
</UL>
<P><STRONG><a name="[56]"></a>CAN0_Bus_Off_IRQHandler</STRONG> (Thumb, 0 bytes, Stack size 0 bytes, startup_mks22f25612.o(.text))
<BR>[Address Reference Count : 1]<UL><LI> startup_mks22f25612.o(RESET)
</UL>
<P><STRONG><a name="[57]"></a>CAN0_Error_IRQHandler</STRONG> (Thumb, 0 bytes, Stack size 0 bytes, startup_mks22f25612.o(.text))
<BR>[Address Reference Count : 1]<UL><LI> startup_mks22f25612.o(RESET)
</UL>
<P><STRONG><a name="[55]"></a>CAN0_ORed_Message_buffer_IRQHandler</STRONG> (Thumb, 0 bytes, Stack size 0 bytes, startup_mks22f25612.o(.text))
<BR>[Address Reference Count : 1]<UL><LI> startup_mks22f25612.o(RESET)
</UL>
<P><STRONG><a name="[59]"></a>CAN0_Rx_Warning_IRQHandler</STRONG> (Thumb, 0 bytes, Stack size 0 bytes, startup_mks22f25612.o(.text))
<BR>[Address Reference Count : 1]<UL><LI> startup_mks22f25612.o(RESET)
</UL>
<P><STRONG><a name="[58]"></a>CAN0_Tx_Warning_IRQHandler</STRONG> (Thumb, 0 bytes, Stack size 0 bytes, startup_mks22f25612.o(.text))
<BR>[Address Reference Count : 1]<UL><LI> startup_mks22f25612.o(RESET)
</UL>
<P><STRONG><a name="[5a]"></a>CAN0_Wake_Up_IRQHandler</STRONG> (Thumb, 0 bytes, Stack size 0 bytes, startup_mks22f25612.o(.text))
<BR>[Address Reference Count : 1]<UL><LI> startup_mks22f25612.o(RESET)
</UL>
<P><STRONG><a name="[69]"></a>CAN1_Bus_Off_IRQHandler</STRONG> (Thumb, 0 bytes, Stack size 0 bytes, startup_mks22f25612.o(.text))
<BR>[Address Reference Count : 1]<UL><LI> startup_mks22f25612.o(RESET)
</UL>
<P><STRONG><a name="[6a]"></a>CAN1_Error_IRQHandler</STRONG> (Thumb, 0 bytes, Stack size 0 bytes, startup_mks22f25612.o(.text))
<BR>[Address Reference Count : 1]<UL><LI> startup_mks22f25612.o(RESET)
</UL>
<P><STRONG><a name="[68]"></a>CAN1_ORed_Message_buffer_IRQHandler</STRONG> (Thumb, 0 bytes, Stack size 0 bytes, startup_mks22f25612.o(.text))
<BR>[Address Reference Count : 1]<UL><LI> startup_mks22f25612.o(RESET)
</UL>
<P><STRONG><a name="[6c]"></a>CAN1_Rx_Warning_IRQHandler</STRONG> (Thumb, 0 bytes, Stack size 0 bytes, startup_mks22f25612.o(.text))
<BR>[Address Reference Count : 1]<UL><LI> startup_mks22f25612.o(RESET)
</UL>
<P><STRONG><a name="[6b]"></a>CAN1_Tx_Warning_IRQHandler</STRONG> (Thumb, 0 bytes, Stack size 0 bytes, startup_mks22f25612.o(.text))
<BR>[Address Reference Count : 1]<UL><LI> startup_mks22f25612.o(RESET)
</UL>
<P><STRONG><a name="[6d]"></a>CAN1_Wake_Up_IRQHandler</STRONG> (Thumb, 0 bytes, Stack size 0 bytes, startup_mks22f25612.o(.text))
<BR>[Address Reference Count : 1]<UL><LI> startup_mks22f25612.o(RESET)
</UL>
<P><STRONG><a name="[32]"></a>CMP0_IRQHandler</STRONG> (Thumb, 0 bytes, Stack size 0 bytes, startup_mks22f25612.o(.text))
<BR>[Address Reference Count : 1]<UL><LI> startup_mks22f25612.o(RESET)
</UL>
<P><STRONG><a name="[42]"></a>DAC0_IRQHandler</STRONG> (Thumb, 0 bytes, Stack size 0 bytes, startup_mks22f25612.o(.text))
<BR>[Address Reference Count : 1]<UL><LI> startup_mks22f25612.o(RESET)
</UL>
<P><STRONG><a name="[a]"></a>DMA0_IRQHandler</STRONG> (Thumb, 0 bytes, Stack size 0 bytes, startup_mks22f25612.o(.text))
<BR>[Address Reference Count : 1]<UL><LI> startup_mks22f25612.o(RESET)
</UL>
<P><STRONG><a name="[14]"></a>DMA10_IRQHandler</STRONG> (Thumb, 0 bytes, Stack size 0 bytes, startup_mks22f25612.o(.text))
<BR>[Address Reference Count : 1]<UL><LI> startup_mks22f25612.o(RESET)
</UL>
<P><STRONG><a name="[15]"></a>DMA11_IRQHandler</STRONG> (Thumb, 0 bytes, Stack size 0 bytes, startup_mks22f25612.o(.text))
<BR>[Address Reference Count : 1]<UL><LI> startup_mks22f25612.o(RESET)
</UL>
<P><STRONG><a name="[16]"></a>DMA12_IRQHandler</STRONG> (Thumb, 0 bytes, Stack size 0 bytes, startup_mks22f25612.o(.text))
<BR>[Address Reference Count : 1]<UL><LI> startup_mks22f25612.o(RESET)
</UL>
<P><STRONG><a name="[17]"></a>DMA13_IRQHandler</STRONG> (Thumb, 0 bytes, Stack size 0 bytes, startup_mks22f25612.o(.text))
<BR>[Address Reference Count : 1]<UL><LI> startup_mks22f25612.o(RESET)
</UL>
<P><STRONG><a name="[18]"></a>DMA14_IRQHandler</STRONG> (Thumb, 0 bytes, Stack size 0 bytes, startup_mks22f25612.o(.text))
<BR>[Address Reference Count : 1]<UL><LI> startup_mks22f25612.o(RESET)
</UL>
<P><STRONG><a name="[19]"></a>DMA15_IRQHandler</STRONG> (Thumb, 0 bytes, Stack size 0 bytes, startup_mks22f25612.o(.text))
<BR>[Address Reference Count : 1]<UL><LI> startup_mks22f25612.o(RESET)
</UL>
<P><STRONG><a name="[b]"></a>DMA1_IRQHandler</STRONG> (Thumb, 0 bytes, Stack size 0 bytes, startup_mks22f25612.o(.text))
<BR>[Address Reference Count : 1]<UL><LI> startup_mks22f25612.o(RESET)
</UL>
<P><STRONG><a name="[c]"></a>DMA2_IRQHandler</STRONG> (Thumb, 0 bytes, Stack size 0 bytes, startup_mks22f25612.o(.text))
<BR>[Address Reference Count : 1]<UL><LI> startup_mks22f25612.o(RESET)
</UL>
<P><STRONG><a name="[d]"></a>DMA3_IRQHandler</STRONG> (Thumb, 0 bytes, Stack size 0 bytes, startup_mks22f25612.o(.text))
<BR>[Address Reference Count : 1]<UL><LI> startup_mks22f25612.o(RESET)
</UL>
<P><STRONG><a name="[e]"></a>DMA4_IRQHandler</STRONG> (Thumb, 0 bytes, Stack size 0 bytes, startup_mks22f25612.o(.text))
<BR>[Address Reference Count : 1]<UL><LI> startup_mks22f25612.o(RESET)
</UL>
<P><STRONG><a name="[f]"></a>DMA5_IRQHandler</STRONG> (Thumb, 0 bytes, Stack size 0 bytes, startup_mks22f25612.o(.text))
<BR>[Address Reference Count : 1]<UL><LI> startup_mks22f25612.o(RESET)
</UL>
<P><STRONG><a name="[10]"></a>DMA6_IRQHandler</STRONG> (Thumb, 0 bytes, Stack size 0 bytes, startup_mks22f25612.o(.text))
<BR>[Address Reference Count : 1]<UL><LI> startup_mks22f25612.o(RESET)
</UL>
<P><STRONG><a name="[11]"></a>DMA7_IRQHandler</STRONG> (Thumb, 0 bytes, Stack size 0 bytes, startup_mks22f25612.o(.text))
<BR>[Address Reference Count : 1]<UL><LI> startup_mks22f25612.o(RESET)
</UL>
<P><STRONG><a name="[12]"></a>DMA8_IRQHandler</STRONG> (Thumb, 0 bytes, Stack size 0 bytes, startup_mks22f25612.o(.text))
<BR>[Address Reference Count : 1]<UL><LI> startup_mks22f25612.o(RESET)
</UL>
<P><STRONG><a name="[13]"></a>DMA9_IRQHandler</STRONG> (Thumb, 0 bytes, Stack size 0 bytes, startup_mks22f25612.o(.text))
<BR>[Address Reference Count : 1]<UL><LI> startup_mks22f25612.o(RESET)
</UL>
<P><STRONG><a name="[1a]"></a>DMA_Error_IRQHandler</STRONG> (Thumb, 0 bytes, Stack size 0 bytes, startup_mks22f25612.o(.text))
<BR>[Address Reference Count : 1]<UL><LI> startup_mks22f25612.o(RESET)
</UL>
<P><STRONG><a name="[6e]"></a>DefaultISR</STRONG> (Thumb, 0 bytes, Stack size 0 bytes, startup_mks22f25612.o(.text))
<BR><BR>[Called By]<UL><LI><a href="#[31]">&gt;&gt;</a>&nbsp;&nbsp;&nbsp;ADC0_IRQHandler
</UL>
<BR>[Address Reference Count : 1]<UL><LI> startup_mks22f25612.o(RESET)
</UL>
<P><STRONG><a name="[50]"></a>FLEXIO_IRQHandler</STRONG> (Thumb, 0 bytes, Stack size 0 bytes, startup_mks22f25612.o(.text))
<BR>[Address Reference Count : 1]<UL><LI> startup_mks22f25612.o(RESET)
</UL>
<P><STRONG><a name="[1c]"></a>FTF_IRQHandler</STRONG> (Thumb, 0 bytes, Stack size 0 bytes, startup_mks22f25612.o(.text))
<BR>[Address Reference Count : 1]<UL><LI> startup_mks22f25612.o(RESET)
</UL>
<P><STRONG><a name="[27]"></a>I2S0_Rx_IRQHandler</STRONG> (Thumb, 0 bytes, Stack size 0 bytes, startup_mks22f25612.o(.text))
<BR>[Address Reference Count : 1]<UL><LI> startup_mks22f25612.o(RESET)
</UL>
<P><STRONG><a name="[26]"></a>I2S0_Tx_IRQHandler</STRONG> (Thumb, 0 bytes, Stack size 0 bytes, startup_mks22f25612.o(.text))
<BR>[Address Reference Count : 1]<UL><LI> startup_mks22f25612.o(RESET)
</UL>
<P><STRONG><a name="[63]"></a>I2S1_Rx_IRQHandler</STRONG> (Thumb, 0 bytes, Stack size 0 bytes, startup_mks22f25612.o(.text))
<BR>[Address Reference Count : 1]<UL><LI> startup_mks22f25612.o(RESET)
</UL>
<P><STRONG><a name="[62]"></a>I2S1_Tx_IRQHandler</STRONG> (Thumb, 0 bytes, Stack size 0 bytes, startup_mks22f25612.o(.text))
<BR>[Address Reference Count : 1]<UL><LI> startup_mks22f25612.o(RESET)
</UL>
<P><STRONG><a name="[1f]"></a>LLWU_IRQHandler</STRONG> (Thumb, 0 bytes, Stack size 0 bytes, startup_mks22f25612.o(.text))
<BR>[Address Reference Count : 1]<UL><LI> startup_mks22f25612.o(RESET)
</UL>
<P><STRONG><a name="[22]"></a>LPI2C0_IRQHandler</STRONG> (Thumb, 0 bytes, Stack size 0 bytes, startup_mks22f25612.o(.text))
<BR>[Address Reference Count : 1]<UL><LI> startup_mks22f25612.o(RESET)
</UL>
<P><STRONG><a name="[23]"></a>LPI2C1_IRQHandler</STRONG> (Thumb, 0 bytes, Stack size 0 bytes, startup_mks22f25612.o(.text))
<BR>[Address Reference Count : 1]<UL><LI> startup_mks22f25612.o(RESET)
</UL>
<P><STRONG><a name="[44]"></a>LPTMR0_IRQHandler</STRONG> (Thumb, 0 bytes, Stack size 0 bytes, startup_mks22f25612.o(.text))
<BR>[Address Reference Count : 1]<UL><LI> startup_mks22f25612.o(RESET)
</UL>
<P><STRONG><a name="[28]"></a>LPUART0_IRQHandler</STRONG> (Thumb, 0 bytes, Stack size 0 bytes, startup_mks22f25612.o(.text))
<BR>[Address Reference Count : 1]<UL><LI> startup_mks22f25612.o(RESET)
</UL>
<P><STRONG><a name="[1e]"></a>LVD_LVW_IRQHandler</STRONG> (Thumb, 0 bytes, Stack size 0 bytes, startup_mks22f25612.o(.text))
<BR>[Address Reference Count : 1]<UL><LI> startup_mks22f25612.o(RESET)
</UL>
<P><STRONG><a name="[43]"></a>MCG_IRQHandler</STRONG> (Thumb, 0 bytes, Stack size 0 bytes, startup_mks22f25612.o(.text))
<BR>[Address Reference Count : 1]<UL><LI> startup_mks22f25612.o(RESET)
</UL>
<P><STRONG><a name="[1b]"></a>MCM_IRQHandler</STRONG> (Thumb, 0 bytes, Stack size 0 bytes, startup_mks22f25612.o(.text))
<BR>[Address Reference Count : 1]<UL><LI> startup_mks22f25612.o(RESET)
</UL>
<P><STRONG><a name="[3e]"></a>PDB0_IRQHandler</STRONG> (Thumb, 0 bytes, Stack size 0 bytes, startup_mks22f25612.o(.text))
<BR>[Address Reference Count : 1]<UL><LI> startup_mks22f25612.o(RESET)
</UL>
<P><STRONG><a name="[3a]"></a>PIT0_IRQHandler</STRONG> (Thumb, 0 bytes, Stack size 0 bytes, startup_mks22f25612.o(.text))
<BR>[Address Reference Count : 1]<UL><LI> startup_mks22f25612.o(RESET)
</UL>
<P><STRONG><a name="[3b]"></a>PIT1_IRQHandler</STRONG> (Thumb, 0 bytes, Stack size 0 bytes, startup_mks22f25612.o(.text))
<BR>[Address Reference Count : 1]<UL><LI> startup_mks22f25612.o(RESET)
</UL>
<P><STRONG><a name="[3c]"></a>PIT2_IRQHandler</STRONG> (Thumb, 0 bytes, Stack size 0 bytes, startup_mks22f25612.o(.text))
<BR>[Address Reference Count : 1]<UL><LI> startup_mks22f25612.o(RESET)
</UL>
<P><STRONG><a name="[3d]"></a>PIT3_IRQHandler</STRONG> (Thumb, 0 bytes, Stack size 0 bytes, startup_mks22f25612.o(.text))
<BR>[Address Reference Count : 1]<UL><LI> startup_mks22f25612.o(RESET)
</UL>
<P><STRONG><a name="[45]"></a>PORTA_IRQHandler</STRONG> (Thumb, 0 bytes, Stack size 0 bytes, startup_mks22f25612.o(.text))
<BR>[Address Reference Count : 1]<UL><LI> startup_mks22f25612.o(RESET)
</UL>
<P><STRONG><a name="[46]"></a>PORTB_IRQHandler</STRONG> (Thumb, 0 bytes, Stack size 0 bytes, startup_mks22f25612.o(.text))
<BR>[Address Reference Count : 1]<UL><LI> startup_mks22f25612.o(RESET)
</UL>
<P><STRONG><a name="[48]"></a>PORTD_IRQHandler</STRONG> (Thumb, 0 bytes, Stack size 0 bytes, startup_mks22f25612.o(.text))
<BR>[Address Reference Count : 1]<UL><LI> startup_mks22f25612.o(RESET)
</UL>
<P><STRONG><a name="[49]"></a>PORTE_IRQHandler</STRONG> (Thumb, 0 bytes, Stack size 0 bytes, startup_mks22f25612.o(.text))
<BR>[Address Reference Count : 1]<UL><LI> startup_mks22f25612.o(RESET)
</UL>
<P><STRONG><a name="[21]"></a>RNG_IRQHandler</STRONG> (Thumb, 0 bytes, Stack size 0 bytes, startup_mks22f25612.o(.text))
<BR>[Address Reference Count : 1]<UL><LI> startup_mks22f25612.o(RESET)
</UL>
<P><STRONG><a name="[38]"></a>RTC_IRQHandler</STRONG> (Thumb, 0 bytes, Stack size 0 bytes, startup_mks22f25612.o(.text))
<BR>[Address Reference Count : 1]<UL><LI> startup_mks22f25612.o(RESET)
</UL>
<P><STRONG><a name="[39]"></a>RTC_Seconds_IRQHandler</STRONG> (Thumb, 0 bytes, Stack size 0 bytes, startup_mks22f25612.o(.text))
<BR>[Address Reference Count : 1]<UL><LI> startup_mks22f25612.o(RESET)
</UL>
<P><STRONG><a name="[1d]"></a>Read_Collision_IRQHandler</STRONG> (Thumb, 0 bytes, Stack size 0 bytes, startup_mks22f25612.o(.text))
<BR>[Address Reference Count : 1]<UL><LI> startup_mks22f25612.o(RESET)
</UL>
<P><STRONG><a name="[5e]"></a>Reserved100_IRQHandler</STRONG> (Thumb, 0 bytes, Stack size 0 bytes, startup_mks22f25612.o(.text))
<BR>[Address Reference Count : 1]<UL><LI> startup_mks22f25612.o(RESET)
</UL>
<P><STRONG><a name="[5f]"></a>Reserved101_IRQHandler</STRONG> (Thumb, 0 bytes, Stack size 0 bytes, startup_mks22f25612.o(.text))
<BR>[Address Reference Count : 1]<UL><LI> startup_mks22f25612.o(RESET)
</UL>
<P><STRONG><a name="[60]"></a>Reserved102_IRQHandler</STRONG> (Thumb, 0 bytes, Stack size 0 bytes, startup_mks22f25612.o(.text))
<BR>[Address Reference Count : 1]<UL><LI> startup_mks22f25612.o(RESET)
</UL>
<P><STRONG><a name="[61]"></a>Reserved103_IRQHandler</STRONG> (Thumb, 0 bytes, Stack size 0 bytes, startup_mks22f25612.o(.text))
<BR>[Address Reference Count : 1]<UL><LI> startup_mks22f25612.o(RESET)
</UL>
<P><STRONG><a name="[64]"></a>Reserved106_IRQHandler</STRONG> (Thumb, 0 bytes, Stack size 0 bytes, startup_mks22f25612.o(.text))
<BR>[Address Reference Count : 1]<UL><LI> startup_mks22f25612.o(RESET)
</UL>
<P><STRONG><a name="[65]"></a>Reserved107_IRQHandler</STRONG> (Thumb, 0 bytes, Stack size 0 bytes, startup_mks22f25612.o(.text))
<BR>[Address Reference Count : 1]<UL><LI> startup_mks22f25612.o(RESET)
</UL>
<P><STRONG><a name="[66]"></a>Reserved108_IRQHandler</STRONG> (Thumb, 0 bytes, Stack size 0 bytes, startup_mks22f25612.o(.text))
<BR>[Address Reference Count : 1]<UL><LI> startup_mks22f25612.o(RESET)
</UL>
<P><STRONG><a name="[67]"></a>Reserved109_IRQHandler</STRONG> (Thumb, 0 bytes, Stack size 0 bytes, startup_mks22f25612.o(.text))
<BR>[Address Reference Count : 1]<UL><LI> startup_mks22f25612.o(RESET)
</UL>
<P><STRONG><a name="[2f]"></a>Reserved53_IRQHandler</STRONG> (Thumb, 0 bytes, Stack size 0 bytes, startup_mks22f25612.o(.text))
<BR>[Address Reference Count : 1]<UL><LI> startup_mks22f25612.o(RESET)
</UL>
<P><STRONG><a name="[30]"></a>Reserved54_IRQHandler</STRONG> (Thumb, 0 bytes, Stack size 0 bytes, startup_mks22f25612.o(.text))
<BR>[Address Reference Count : 1]<UL><LI> startup_mks22f25612.o(RESET)
</UL>
<P><STRONG><a name="[33]"></a>Reserved57_IRQHandler</STRONG> (Thumb, 0 bytes, Stack size 0 bytes, startup_mks22f25612.o(.text))
<BR>[Address Reference Count : 1]<UL><LI> startup_mks22f25612.o(RESET)
</UL>
<P><STRONG><a name="[37]"></a>Reserved61_IRQHandler</STRONG> (Thumb, 0 bytes, Stack size 0 bytes, startup_mks22f25612.o(.text))
<BR>[Address Reference Count : 1]<UL><LI> startup_mks22f25612.o(RESET)
</UL>
<P><STRONG><a name="[40]"></a>Reserved70_IRQHandler</STRONG> (Thumb, 0 bytes, Stack size 0 bytes, startup_mks22f25612.o(.text))
<BR>[Address Reference Count : 1]<UL><LI> startup_mks22f25612.o(RESET)
</UL>
<P><STRONG><a name="[41]"></a>Reserved71_IRQHandler</STRONG> (Thumb, 0 bytes, Stack size 0 bytes, startup_mks22f25612.o(.text))
<BR>[Address Reference Count : 1]<UL><LI> startup_mks22f25612.o(RESET)
</UL>
<P><STRONG><a name="[4b]"></a>Reserved81_IRQHandler</STRONG> (Thumb, 0 bytes, Stack size 0 bytes, startup_mks22f25612.o(.text))
<BR>[Address Reference Count : 1]<UL><LI> startup_mks22f25612.o(RESET)
</UL>
<P><STRONG><a name="[4c]"></a>Reserved82_IRQHandler</STRONG> (Thumb, 0 bytes, Stack size 0 bytes, startup_mks22f25612.o(.text))
<BR>[Address Reference Count : 1]<UL><LI> startup_mks22f25612.o(RESET)
</UL>
<P><STRONG><a name="[4d]"></a>Reserved83_IRQHandler</STRONG> (Thumb, 0 bytes, Stack size 0 bytes, startup_mks22f25612.o(.text))
<BR>[Address Reference Count : 1]<UL><LI> startup_mks22f25612.o(RESET)
</UL>
<P><STRONG><a name="[4e]"></a>Reserved84_IRQHandler</STRONG> (Thumb, 0 bytes, Stack size 0 bytes, startup_mks22f25612.o(.text))
<BR>[Address Reference Count : 1]<UL><LI> startup_mks22f25612.o(RESET)
</UL>
<P><STRONG><a name="[4f]"></a>Reserved85_IRQHandler</STRONG> (Thumb, 0 bytes, Stack size 0 bytes, startup_mks22f25612.o(.text))
<BR>[Address Reference Count : 1]<UL><LI> startup_mks22f25612.o(RESET)
</UL>
<P><STRONG><a name="[51]"></a>Reserved87_IRQHandler</STRONG> (Thumb, 0 bytes, Stack size 0 bytes, startup_mks22f25612.o(.text))
<BR>[Address Reference Count : 1]<UL><LI> startup_mks22f25612.o(RESET)
</UL>
<P><STRONG><a name="[52]"></a>Reserved88_IRQHandler</STRONG> (Thumb, 0 bytes, Stack size 0 bytes, startup_mks22f25612.o(.text))
<BR>[Address Reference Count : 1]<UL><LI> startup_mks22f25612.o(RESET)
</UL>
<P><STRONG><a name="[53]"></a>Reserved89_IRQHandler</STRONG> (Thumb, 0 bytes, Stack size 0 bytes, startup_mks22f25612.o(.text))
<BR>[Address Reference Count : 1]<UL><LI> startup_mks22f25612.o(RESET)
</UL>
<P><STRONG><a name="[54]"></a>Reserved90_IRQHandler</STRONG> (Thumb, 0 bytes, Stack size 0 bytes, startup_mks22f25612.o(.text))
<BR>[Address Reference Count : 1]<UL><LI> startup_mks22f25612.o(RESET)
</UL>
<P><STRONG><a name="[5b]"></a>Reserved97_IRQHandler</STRONG> (Thumb, 0 bytes, Stack size 0 bytes, startup_mks22f25612.o(.text))
<BR>[Address Reference Count : 1]<UL><LI> startup_mks22f25612.o(RESET)
</UL>
<P><STRONG><a name="[5c]"></a>Reserved98_IRQHandler</STRONG> (Thumb, 0 bytes, Stack size 0 bytes, startup_mks22f25612.o(.text))
<BR>[Address Reference Count : 1]<UL><LI> startup_mks22f25612.o(RESET)
</UL>
<P><STRONG><a name="[5d]"></a>Reserved99_IRQHandler</STRONG> (Thumb, 0 bytes, Stack size 0 bytes, startup_mks22f25612.o(.text))
<BR>[Address Reference Count : 1]<UL><LI> startup_mks22f25612.o(RESET)
</UL>
<P><STRONG><a name="[24]"></a>SPI0_IRQHandler</STRONG> (Thumb, 0 bytes, Stack size 0 bytes, startup_mks22f25612.o(.text))
<BR>[Address Reference Count : 1]<UL><LI> startup_mks22f25612.o(RESET)
</UL>
<P><STRONG><a name="[25]"></a>SPI1_IRQHandler</STRONG> (Thumb, 0 bytes, Stack size 0 bytes, startup_mks22f25612.o(.text))
<BR>[Address Reference Count : 1]<UL><LI> startup_mks22f25612.o(RESET)
</UL>
<P><STRONG><a name="[4a]"></a>SWI_IRQHandler</STRONG> (Thumb, 0 bytes, Stack size 0 bytes, startup_mks22f25612.o(.text))
<BR>[Address Reference Count : 1]<UL><LI> startup_mks22f25612.o(RESET)
</UL>
<P><STRONG><a name="[34]"></a>TPM0_IRQHandler</STRONG> (Thumb, 0 bytes, Stack size 0 bytes, startup_mks22f25612.o(.text))
<BR>[Address Reference Count : 1]<UL><LI> startup_mks22f25612.o(RESET)
</UL>
<P><STRONG><a name="[35]"></a>TPM1_IRQHandler</STRONG> (Thumb, 0 bytes, Stack size 0 bytes, startup_mks22f25612.o(.text))
<BR>[Address Reference Count : 1]<UL><LI> startup_mks22f25612.o(RESET)
</UL>
<P><STRONG><a name="[36]"></a>TPM2_IRQHandler</STRONG> (Thumb, 0 bytes, Stack size 0 bytes, startup_mks22f25612.o(.text))
<BR>[Address Reference Count : 1]<UL><LI> startup_mks22f25612.o(RESET)
</UL>
<P><STRONG><a name="[2a]"></a>UART0_ERR_IRQHandler</STRONG> (Thumb, 0 bytes, Stack size 0 bytes, startup_mks22f25612.o(.text))
<BR>[Address Reference Count : 1]<UL><LI> startup_mks22f25612.o(RESET)
</UL>
<P><STRONG><a name="[29]"></a>UART0_RX_TX_IRQHandler</STRONG> (Thumb, 0 bytes, Stack size 0 bytes, startup_mks22f25612.o(.text))
<BR>[Address Reference Count : 1]<UL><LI> startup_mks22f25612.o(RESET)
</UL>
<P><STRONG><a name="[2c]"></a>UART1_ERR_IRQHandler</STRONG> (Thumb, 0 bytes, Stack size 0 bytes, startup_mks22f25612.o(.text))
<BR>[Address Reference Count : 1]<UL><LI> startup_mks22f25612.o(RESET)
</UL>
<P><STRONG><a name="[2b]"></a>UART1_RX_TX_IRQHandler</STRONG> (Thumb, 0 bytes, Stack size 0 bytes, startup_mks22f25612.o(.text))
<BR>[Address Reference Count : 1]<UL><LI> startup_mks22f25612.o(RESET)
</UL>
<P><STRONG><a name="[2e]"></a>UART2_ERR_IRQHandler</STRONG> (Thumb, 0 bytes, Stack size 0 bytes, startup_mks22f25612.o(.text))
<BR>[Address Reference Count : 1]<UL><LI> startup_mks22f25612.o(RESET)
</UL>
<P><STRONG><a name="[2d]"></a>UART2_RX_TX_IRQHandler</STRONG> (Thumb, 0 bytes, Stack size 0 bytes, startup_mks22f25612.o(.text))
<BR>[Address Reference Count : 1]<UL><LI> startup_mks22f25612.o(RESET)
</UL>
<P><STRONG><a name="[3f]"></a>USB0_IRQHandler</STRONG> (Thumb, 0 bytes, Stack size 0 bytes, startup_mks22f25612.o(.text))
<BR>[Address Reference Count : 1]<UL><LI> startup_mks22f25612.o(RESET)
</UL>
<P><STRONG><a name="[20]"></a>WDOG_EWM_IRQHandler</STRONG> (Thumb, 0 bytes, Stack size 0 bytes, startup_mks22f25612.o(.text))
<BR>[Address Reference Count : 1]<UL><LI> startup_mks22f25612.o(RESET)
</UL>
<P><STRONG><a name="[6f]"></a>main</STRONG> (Thumb, 80 bytes, Stack size 8 bytes, main.o(.text))
<BR><BR>[Stack]<UL><LI>Max Depth = 88<LI>Call Chain = main &rArr; UART_Init &rArr; UART_SetBaudRate &rArr; UART_SetClock
</UL>
<BR>[Calls]<UL><LI><a href="#[79]">&gt;&gt;</a>&nbsp;&nbsp;&nbsp;UART_Init
<LI><a href="#[7b]">&gt;&gt;</a>&nbsp;&nbsp;&nbsp;GPIO_SetIntMode
<LI><a href="#[7a]">&gt;&gt;</a>&nbsp;&nbsp;&nbsp;GPIO_PinToggle
<LI><a href="#[78]">&gt;&gt;</a>&nbsp;&nbsp;&nbsp;GPIO_Init
<LI><a href="#[7c]">&gt;&gt;</a>&nbsp;&nbsp;&nbsp;DelayMs
<LI><a href="#[77]">&gt;&gt;</a>&nbsp;&nbsp;&nbsp;DelayInit
</UL>
<BR>[Address Reference Count : 1]<UL><LI> entry9a.o(.ARM.Collect$$$$0000000B)
</UL>
<P><STRONG><a name="[47]"></a>PORTC_IRQHandler</STRONG> (Thumb, 44 bytes, Stack size 8 bytes, main.o(.text))
<BR><BR>[Stack]<UL><LI>Max Depth = 16<LI>Call Chain = PORTC_IRQHandler &rArr; DelayMs
</UL>
<BR>[Calls]<UL><LI><a href="#[7a]">&gt;&gt;</a>&nbsp;&nbsp;&nbsp;GPIO_PinToggle
<LI><a href="#[7c]">&gt;&gt;</a>&nbsp;&nbsp;&nbsp;DelayMs
<LI><a href="#[7d]">&gt;&gt;</a>&nbsp;&nbsp;&nbsp;__2printf
</UL>
<BR>[Address Reference Count : 1]<UL><LI> startup_mks22f25612.o(RESET)
</UL>
<P><STRONG><a name="[7f]"></a>GetClock</STRONG> (Thumb, 60 bytes, Stack size 0 bytes, common.o(.text))
<BR><BR>[Called By]<UL><LI><a href="#[7e]">&gt;&gt;</a>&nbsp;&nbsp;&nbsp;SysTick_Init
<LI><a href="#[86]">&gt;&gt;</a>&nbsp;&nbsp;&nbsp;UART_SetClock
</UL>

<P><STRONG><a name="[85]"></a>SetPinMux</STRONG> (Thumb, 94 bytes, Stack size 12 bytes, common.o(.text))
<BR><BR>[Stack]<UL><LI>Max Depth = 12<LI>Call Chain = SetPinMux
</UL>
<BR>[Called By]<UL><LI><a href="#[79]">&gt;&gt;</a>&nbsp;&nbsp;&nbsp;UART_Init
<LI><a href="#[78]">&gt;&gt;</a>&nbsp;&nbsp;&nbsp;GPIO_Init
</UL>

<P><STRONG><a name="[97]"></a>SetPinOpenDrain</STRONG> (Thumb, 92 bytes, Stack size 12 bytes, common.o(.text), UNUSED)

<P><STRONG><a name="[98]"></a>SetPinFilter</STRONG> (Thumb, 56 bytes, Stack size 8 bytes, common.o(.text), UNUSED)

<P><STRONG><a name="[99]"></a>SetPinHighDrive</STRONG> (Thumb, 56 bytes, Stack size 8 bytes, common.o(.text), UNUSED)

<P><STRONG><a name="[82]"></a>SetPinPull</STRONG> (Thumb, 176 bytes, Stack size 12 bytes, common.o(.text))
<BR><BR>[Stack]<UL><LI>Max Depth = 12<LI>Call Chain = SetPinPull
</UL>
<BR>[Called By]<UL><LI><a href="#[78]">&gt;&gt;</a>&nbsp;&nbsp;&nbsp;GPIO_Init
</UL>

<P><STRONG><a name="[9a]"></a>EncodeMAP</STRONG> (Thumb, 6 bytes, Stack size 0 bytes, common.o(.text), UNUSED)

<P><STRONG><a name="[9b]"></a>DecodeMAP</STRONG> (Thumb, 10 bytes, Stack size 12 bytes, common.o(.text), UNUSED)

<P><STRONG><a name="[7e]"></a>SysTick_Init</STRONG> (Thumb, 64 bytes, Stack size 4 bytes, common.o(.text))
<BR><BR>[Stack]<UL><LI>Max Depth = 4<LI>Call Chain = SysTick_Init
</UL>
<BR>[Calls]<UL><LI><a href="#[7f]">&gt;&gt;</a>&nbsp;&nbsp;&nbsp;GetClock
</UL>
<BR>[Called By]<UL><LI><a href="#[77]">&gt;&gt;</a>&nbsp;&nbsp;&nbsp;DelayInit
</UL>

<P><STRONG><a name="[77]"></a>DelayInit</STRONG> (Thumb, 8 bytes, Stack size 4 bytes, common.o(.text))
<BR><BR>[Stack]<UL><LI>Max Depth = 8<LI>Call Chain = DelayInit &rArr; SysTick_Init
</UL>
<BR>[Calls]<UL><LI><a href="#[7e]">&gt;&gt;</a>&nbsp;&nbsp;&nbsp;SysTick_Init
</UL>
<BR>[Called By]<UL><LI><a href="#[6f]">&gt;&gt;</a>&nbsp;&nbsp;&nbsp;main
</UL>

<P><STRONG><a name="[7c]"></a>DelayMs</STRONG> (Thumb, 66 bytes, Stack size 8 bytes, common.o(.text))
<BR><BR>[Stack]<UL><LI>Max Depth = 8<LI>Call Chain = DelayMs
</UL>
<BR>[Called By]<UL><LI><a href="#[80]">&gt;&gt;</a>&nbsp;&nbsp;&nbsp;SetPowerMode
<LI><a href="#[47]">&gt;&gt;</a>&nbsp;&nbsp;&nbsp;PORTC_IRQHandler
<LI><a href="#[6f]">&gt;&gt;</a>&nbsp;&nbsp;&nbsp;main
</UL>

<P><STRONG><a name="[9c]"></a>SysTick_SetTime</STRONG> (Thumb, 56 bytes, Stack size 0 bytes, common.o(.text), UNUSED)

<P><STRONG><a name="[9d]"></a>SysTick_SetIntMode</STRONG> (Thumb, 40 bytes, Stack size 0 bytes, common.o(.text), UNUSED)

<P><STRONG><a name="[88]"></a>SetConsole</STRONG> (Thumb, 8 bytes, Stack size 0 bytes, common.o(.text))
<BR><BR>[Called By]<UL><LI><a href="#[79]">&gt;&gt;</a>&nbsp;&nbsp;&nbsp;UART_Init
</UL>

<P><STRONG><a name="[74]"></a>fputc</STRONG> (Thumb, 24 bytes, Stack size 16 bytes, common.o(.text))
<BR><BR>[Stack]<UL><LI>Max Depth = 16<LI>Call Chain = fputc
</UL>
<BR>[Address Reference Count : 1]<UL><LI> printfb.o(i.__0printf$bare)
</UL>
<P><STRONG><a name="[9e]"></a>fgetc</STRONG> (Thumb, 24 bytes, Stack size 8 bytes, common.o(.text), UNUSED)

<P><STRONG><a name="[9f]"></a>SystemSoftReset</STRONG> (Thumb, 34 bytes, Stack size 0 bytes, common.o(.text), UNUSED)

<P><STRONG><a name="[a0]"></a>GetResetCause</STRONG> (Thumb, 6 bytes, Stack size 0 bytes, common.o(.text), UNUSED)

<P><STRONG><a name="[80]"></a>SetPowerMode</STRONG> (Thumb, 246 bytes, Stack size 16 bytes, common.o(.text), UNUSED)
<BR><BR>[Calls]<UL><LI><a href="#[7c]">&gt;&gt;</a>&nbsp;&nbsp;&nbsp;DelayMs
</UL>

<P><STRONG><a name="[a1]"></a>GetUID</STRONG> (Thumb, 18 bytes, Stack size 0 bytes, common.o(.text), UNUSED)

<P><STRONG><a name="[a2]"></a>ShowMemory</STRONG> (Thumb, 38 bytes, Stack size 8 bytes, common.o(.text), UNUSED)

<P><STRONG><a name="[a3]"></a>RAMTest</STRONG> (Thumb, 184 bytes, Stack size 12 bytes, common.o(.text), UNUSED)

<P><STRONG><a name="[81]"></a>NMI_isr</STRONG> (Thumb, 2 bytes, Stack size 0 bytes, common.o(.text))
<BR><BR>[Called By]<UL><LI><a href="#[1]">&gt;&gt;</a>&nbsp;&nbsp;&nbsp;NMI_Handler
</UL>

<P><STRONG><a name="[1]"></a>NMI_Handler</STRONG> (Thumb, 8 bytes, Stack size 8 bytes, common.o(.text))
<BR><BR>[Stack]<UL><LI>Max Depth = 8<LI>Call Chain = NMI_Handler
</UL>
<BR>[Calls]<UL><LI><a href="#[81]">&gt;&gt;</a>&nbsp;&nbsp;&nbsp;NMI_isr
</UL>
<BR>[Address Reference Count : 1]<UL><LI> startup_mks22f25612.o(RESET)
</UL>
<P><STRONG><a name="[83]"></a>GPIO_SetPinDir</STRONG> (Thumb, 54 bytes, Stack size 8 bytes, gpio.o(.text))
<BR><BR>[Stack]<UL><LI>Max Depth = 8<LI>Call Chain = GPIO_SetPinDir
</UL>
<BR>[Called By]<UL><LI><a href="#[78]">&gt;&gt;</a>&nbsp;&nbsp;&nbsp;GPIO_Init
</UL>

<P><STRONG><a name="[84]"></a>GPIO_PinWrite</STRONG> (Thumb, 52 bytes, Stack size 8 bytes, gpio.o(.text))
<BR><BR>[Stack]<UL><LI>Max Depth = 8<LI>Call Chain = GPIO_PinWrite
</UL>
<BR>[Called By]<UL><LI><a href="#[78]">&gt;&gt;</a>&nbsp;&nbsp;&nbsp;GPIO_Init
</UL>

<P><STRONG><a name="[78]"></a>GPIO_Init</STRONG> (Thumb, 160 bytes, Stack size 16 bytes, gpio.o(.text))
<BR><BR>[Stack]<UL><LI>Max Depth = 28<LI>Call Chain = GPIO_Init &rArr; SetPinPull
</UL>
<BR>[Calls]<UL><LI><a href="#[84]">&gt;&gt;</a>&nbsp;&nbsp;&nbsp;GPIO_PinWrite
<LI><a href="#[83]">&gt;&gt;</a>&nbsp;&nbsp;&nbsp;GPIO_SetPinDir
<LI><a href="#[82]">&gt;&gt;</a>&nbsp;&nbsp;&nbsp;SetPinPull
<LI><a href="#[85]">&gt;&gt;</a>&nbsp;&nbsp;&nbsp;SetPinMux
</UL>
<BR>[Called By]<UL><LI><a href="#[6f]">&gt;&gt;</a>&nbsp;&nbsp;&nbsp;main
</UL>

<P><STRONG><a name="[a4]"></a>GPIO_PinRead</STRONG> (Thumb, 18 bytes, Stack size 0 bytes, gpio.o(.text), UNUSED)

<P><STRONG><a name="[7a]"></a>GPIO_PinToggle</STRONG> (Thumb, 24 bytes, Stack size 0 bytes, gpio.o(.text))
<BR><BR>[Called By]<UL><LI><a href="#[47]">&gt;&gt;</a>&nbsp;&nbsp;&nbsp;PORTC_IRQHandler
<LI><a href="#[6f]">&gt;&gt;</a>&nbsp;&nbsp;&nbsp;main
</UL>

<P><STRONG><a name="[a5]"></a>GPIO_ReadPort</STRONG> (Thumb, 12 bytes, Stack size 0 bytes, gpio.o(.text), UNUSED)

<P><STRONG><a name="[a6]"></a>GPIO_WritePort</STRONG> (Thumb, 10 bytes, Stack size 0 bytes, gpio.o(.text), UNUSED)

<P><STRONG><a name="[7b]"></a>GPIO_SetIntMode</STRONG> (Thumb, 156 bytes, Stack size 16 bytes, gpio.o(.text))
<BR><BR>[Stack]<UL><LI>Max Depth = 16<LI>Call Chain = GPIO_SetIntMode
</UL>
<BR>[Called By]<UL><LI><a href="#[6f]">&gt;&gt;</a>&nbsp;&nbsp;&nbsp;main
</UL>

<P><STRONG><a name="[a7]"></a>GPIO_SetDMAMode</STRONG> (Thumb, 154 bytes, Stack size 12 bytes, gpio.o(.text), UNUSED)

<P><STRONG><a name="[a8]"></a>PORT_IRQHandler</STRONG> (Thumb, 16 bytes, Stack size 0 bytes, gpio.o(.text), UNUSED)

<P><STRONG><a name="[8b]"></a>UART_GetChar</STRONG> (Thumb, 52 bytes, Stack size 8 bytes, uart.o(.text))
<BR><BR>[Stack]<UL><LI>Max Depth = 8<LI>Call Chain = UART_GetChar
</UL>
<BR>[Called By]<UL><LI><a href="#[72]">&gt;&gt;</a>&nbsp;&nbsp;&nbsp;Getc
</UL>

<P><STRONG><a name="[8c]"></a>UART_PutChar</STRONG> (Thumb, 22 bytes, Stack size 0 bytes, uart.o(.text))
<BR><BR>[Called By]<UL><LI><a href="#[73]">&gt;&gt;</a>&nbsp;&nbsp;&nbsp;Putc
</UL>

<P><STRONG><a name="[86]"></a>UART_SetClock</STRONG> (Thumb, 32 bytes, Stack size 16 bytes, uart.o(.text))
<BR><BR>[Stack]<UL><LI>Max Depth = 16<LI>Call Chain = UART_SetClock
</UL>
<BR>[Calls]<UL><LI><a href="#[7f]">&gt;&gt;</a>&nbsp;&nbsp;&nbsp;GetClock
</UL>
<BR>[Called By]<UL><LI><a href="#[87]">&gt;&gt;</a>&nbsp;&nbsp;&nbsp;UART_SetBaudRate
</UL>

<P><STRONG><a name="[87]"></a>UART_SetBaudRate</STRONG> (Thumb, 100 bytes, Stack size 32 bytes, uart.o(.text))
<BR><BR>[Stack]<UL><LI>Max Depth = 48<LI>Call Chain = UART_SetBaudRate &rArr; UART_SetClock
</UL>
<BR>[Calls]<UL><LI><a href="#[86]">&gt;&gt;</a>&nbsp;&nbsp;&nbsp;UART_SetClock
</UL>
<BR>[Called By]<UL><LI><a href="#[79]">&gt;&gt;</a>&nbsp;&nbsp;&nbsp;UART_Init
</UL>

<P><STRONG><a name="[79]"></a>UART_Init</STRONG> (Thumb, 138 bytes, Stack size 32 bytes, uart.o(.text))
<BR><BR>[Stack]<UL><LI>Max Depth = 80<LI>Call Chain = UART_Init &rArr; UART_SetBaudRate &rArr; UART_SetClock
</UL>
<BR>[Calls]<UL><LI><a href="#[88]">&gt;&gt;</a>&nbsp;&nbsp;&nbsp;SetConsole
<LI><a href="#[85]">&gt;&gt;</a>&nbsp;&nbsp;&nbsp;SetPinMux
<LI><a href="#[87]">&gt;&gt;</a>&nbsp;&nbsp;&nbsp;UART_SetBaudRate
</UL>
<BR>[Called By]<UL><LI><a href="#[6f]">&gt;&gt;</a>&nbsp;&nbsp;&nbsp;main
</UL>

<P><STRONG><a name="[a9]"></a>UART_DeInit</STRONG> (Thumb, 32 bytes, Stack size 8 bytes, uart.o(.text), UNUSED)

<P><STRONG><a name="[8a]"></a>UART_SetIntMode</STRONG> (Thumb, 160 bytes, Stack size 16 bytes, uart.o(.text), UNUSED)
<BR><BR>[Called By]<UL><LI><a href="#[89]">&gt;&gt;</a>&nbsp;&nbsp;&nbsp;UART_SetDMAMode
</UL>

<P><STRONG><a name="[89]"></a>UART_SetDMAMode</STRONG> (Thumb, 98 bytes, Stack size 20 bytes, uart.o(.text), UNUSED)
<BR><BR>[Calls]<UL><LI><a href="#[8a]">&gt;&gt;</a>&nbsp;&nbsp;&nbsp;UART_SetIntMode
</UL>

<P><STRONG><a name="[aa]"></a>UART_EnableTxFIFO</STRONG> (Thumb, 30 bytes, Stack size 0 bytes, uart.o(.text), UNUSED)

<P><STRONG><a name="[76]"></a>__scatterload</STRONG> (Thumb, 28 bytes, Stack size 0 bytes, init.o(.text))
<BR><BR>[Calls]<UL><LI><a href="#[8d]">&gt;&gt;</a>&nbsp;&nbsp;&nbsp;__main_after_scatterload
</UL>
<BR>[Called By]<UL><LI><a href="#[75]">&gt;&gt;</a>&nbsp;&nbsp;&nbsp;_main_scatterload
</UL>

<P><STRONG><a name="[ab]"></a>__scatterload_rt2</STRONG> (Thumb, 0 bytes, Stack size 0 bytes, init.o(.text), UNUSED)

<P><STRONG><a name="[8e]"></a>__0printf$bare</STRONG> (Thumb, 8 bytes, Stack size 0 bytes, printfb.o(i.__0printf$bare), UNUSED)
<BR><BR>[Calls]<UL><LI><a href="#[8f]">&gt;&gt;</a>&nbsp;&nbsp;&nbsp;_printf_core
</UL>

<P><STRONG><a name="[ac]"></a>__1printf$bare</STRONG> (Thumb, 0 bytes, Stack size 0 bytes, printfb.o(i.__0printf$bare), UNUSED)

<P><STRONG><a name="[7d]"></a>__2printf</STRONG> (Thumb, 0 bytes, Stack size 0 bytes, printfb.o(i.__0printf$bare))
<BR><BR>[Called By]<UL><LI><a href="#[47]">&gt;&gt;</a>&nbsp;&nbsp;&nbsp;PORTC_IRQHandler
</UL>

<P><STRONG><a name="[ad]"></a>__scatterload_copy</STRONG> (Thumb, 14 bytes, Stack size unknown bytes, handlers.o(i.__scatterload_copy), UNUSED)

<P><STRONG><a name="[ae]"></a>__scatterload_null</STRONG> (Thumb, 2 bytes, Stack size unknown bytes, handlers.o(i.__scatterload_null), UNUSED)

<P><STRONG><a name="[af]"></a>__scatterload_zeroinit</STRONG> (Thumb, 14 bytes, Stack size unknown bytes, handlers.o(i.__scatterload_zeroinit), UNUSED)
<P>
<H3>
Local Symbols
</H3>
<P><STRONG><a name="[72]"></a>Getc</STRONG> (Thumb, 24 bytes, Stack size 8 bytes, uart.o(.text))
<BR><BR>[Stack]<UL><LI>Max Depth = 16<LI>Call Chain = Getc &rArr; UART_GetChar
</UL>
<BR>[Calls]<UL><LI><a href="#[8b]">&gt;&gt;</a>&nbsp;&nbsp;&nbsp;UART_GetChar
</UL>
<BR>[Address Reference Count : 1]<UL><LI> uart.o(.text)
</UL>
<P><STRONG><a name="[73]"></a>Putc</STRONG> (Thumb, 18 bytes, Stack size 8 bytes, uart.o(.text))
<BR><BR>[Stack]<UL><LI>Max Depth = 8<LI>Call Chain = Putc
</UL>
<BR>[Calls]<UL><LI><a href="#[8c]">&gt;&gt;</a>&nbsp;&nbsp;&nbsp;UART_PutChar
</UL>
<BR>[Address Reference Count : 1]<UL><LI> uart.o(.text)
</UL>
<P><STRONG><a name="[8f]"></a>_printf_core</STRONG> (Thumb, 34 bytes, Stack size 24 bytes, printfb.o(i._printf_core), UNUSED)
<BR><BR>[Called By]<UL><LI><a href="#[8e]">&gt;&gt;</a>&nbsp;&nbsp;&nbsp;__0printf$bare
</UL>
<P>
<H3>
Undefined Global Symbols
</H3><HR></body></html>
