Component: ARM Compiler 5.06 update 4 (build 422) Tool: armlink [4d35d2]

==============================================================================

Section Cross References

    system_mk60d10.o(.text) refers to system_mk60d10.o(.data) for SystemCoreClock
    startup_mk60d10.o(STACK) refers (Special) to heapauxi.o(.text) for __use_two_region_memory
    startup_mk60d10.o(HEAP) refers (Special) to heapauxi.o(.text) for __use_two_region_memory
    startup_mk60d10.o(RESET) refers (Special) to heapauxi.o(.text) for __use_two_region_memory
    startup_mk60d10.o(RESET) refers to startup_mk60d10.o(STACK) for __initial_sp
    startup_mk60d10.o(RESET) refers to startup_mk60d10.o(.text) for Reset_Handler
    startup_mk60d10.o(RESET) refers to common.o(.text) for NMI_Handler
    startup_mk60d10.o(RESET) refers to dma.o(.text) for DMA0_IRQHandler
    startup_mk60d10.o(RESET) refers to wdog.o(.text) for Watchdog_IRQHandler
    startup_mk60d10.o(RESET) refers to spi.o(.text) for SPI0_IRQHandler
    startup_mk60d10.o(RESET) refers to can.o(.text) for CAN0_ORed_Message_buffer_IRQHandler
    startup_mk60d10.o(RESET) refers to uart.o(.text) for UART0_RX_TX_IRQHandler
    startup_mk60d10.o(RESET) refers to adc.o(.text) for ADC0_IRQHandler
    startup_mk60d10.o(RESET) refers to ftm.o(.text) for FTM0_IRQHandler
    startup_mk60d10.o(RESET) refers to rtc.o(.text) for RTC_IRQHandler
    startup_mk60d10.o(RESET) refers to pit.o(.text) for PIT0_IRQHandler
    startup_mk60d10.o(RESET) refers to pdb.o(.text) for PDB0_IRQHandler
    startup_mk60d10.o(RESET) refers to enet.o(.text) for ENET_Transmit_IRQHandler
    startup_mk60d10.o(RESET) refers to dac.o(.text) for DAC0_IRQHandler
    startup_mk60d10.o(RESET) refers to tsi.o(.text) for TSI0_IRQHandler
    startup_mk60d10.o(RESET) refers to lptmr.o(.text) for LPTimer_IRQHandler
    startup_mk60d10.o(RESET) refers to gpio.o(.text) for PORTA_IRQHandler
    startup_mk60d10.o(.ARM.__at_0x400) refers (Special) to heapauxi.o(.text) for __use_two_region_memory
    startup_mk60d10.o(.text) refers (Special) to heapauxi.o(.text) for __use_two_region_memory
    startup_mk60d10.o(.text) refers to system_mk60d10.o(.text) for SystemInit
    startup_mk60d10.o(.text) refers to __main.o(!!!main) for __main
    startup_mk60d10.o(.text) refers to startup_mk60d10.o(HEAP) for Heap_Mem
    startup_mk60d10.o(.text) refers to startup_mk60d10.o(STACK) for Stack_Mem
    main.o(.text) refers to pit.o(.text) for PIT_Init
    main.o(.text) refers to ftm.o(.text) for FTM_PWM_QuickInit
    main.o(.text) refers to gpio.o(.text) for GPIO_QuickInit
    main.o(.text) refers to common.o(.text) for DelayInit
    ccd.o(.text) refers to gpio.o(.text) for GPIO_QuickInit
    ccd.o(.text) refers to adc.o(.text) for ADC_Init
    ccd.o(.text) refers to common.o(.text) for DelayUs
    ccd.o(.text) refers to rt_memclr_w.o(.text) for __aeabi_memclr4
    ccd.o(.text) refers to main.o(.bss) for ADC_Value
    ccd.o(.text) refers to ccd.o(.bss) for ADC2_Value
    ccd.o(.text) refers to ccd.o(.data) for CCD1_Left
    steer.o(.text) refers to uart.o(.text) for UART_QuickInit
    steer.o(.text) refers to ftm.o(.text) for FTM_PWM_QuickInit
    steer.o(.text) refers to steer.o(.bss) for pid
    steer.o(.text) refers to ccd.o(.data) for CCD_Middle
    motor.o(.text) refers to _printf_percent.o(.ARM.Collect$$_printf_percent$$00000000) for _printf_percent
    motor.o(.text) refers to _printf_f.o(.ARM.Collect$$_printf_percent$$00000003) for _printf_f
    motor.o(.text) refers to printf1.o(x$fpl$printf1) for _printf_fp_dec
    motor.o(.text) refers to _printf_d.o(.ARM.Collect$$_printf_percent$$00000009) for _printf_d
    motor.o(.text) refers to _printf_dec.o(.text) for _printf_int_dec
    motor.o(.text) refers to uart.o(.text) for UART_QuickInit
    motor.o(.text) refers to ftm.o(.text) for FTM_PWM_QuickInit
    motor.o(.text) refers to gpio.o(.text) for GPIO_QuickInit
    motor.o(.text) refers to fflt_clz.o(x$fpl$ffltu) for __aeabi_ui2f
    motor.o(.text) refers to faddsub_clz.o(x$fpl$fsub) for __aeabi_fsub
    motor.o(.text) refers to fmul.o(x$fpl$fmul) for __aeabi_fmul
    motor.o(.text) refers to faddsub_clz.o(x$fpl$frsb) for __aeabi_frsub
    motor.o(.text) refers to faddsub_clz.o(x$fpl$fadd) for __aeabi_fadd
    motor.o(.text) refers to fflt_clz.o(x$fpl$fflt) for __aeabi_i2f
    motor.o(.text) refers to ffix.o(x$fpl$ffix) for __aeabi_f2iz
    motor.o(.text) refers to noretval__2printf.o(.text) for __2printf
    motor.o(.text) refers to f2d.o(x$fpl$f2d) for __aeabi_f2d
    motor.o(.text) refers to motor.o(.bss) for motor_Pid
    motor.o(.text) refers to getspeed.o(.data) for L_speedValue
    motor.o(.text) refers to motor.o(.data) for l_motor_pwm
    motor.o(.text) refers to ccd.o(.data) for CCD_Middle
    oled.o(.text) refers to gpio.o(.text) for GPIO_QuickInit
    oled.o(.text) refers to common.o(.text) for DelayMs
    oled.o(.text) refers to oled.o(.constdata) for F6x8
    oled.o(.text) refers to oled.o(.bss) for OLED_GRAM
[...]
    Removing i2c.o(.rev16_text), (4 bytes).
    Removing i2c.o(.revsh_text), (4 bytes).
    Removing i2c.o(.text), (1632 bytes).
    Removing i2c.o(.bss), (12 bytes).
    Removing spi.o(.rev16_text), (4 bytes).
    Removing spi.o(.revsh_text), (4 bytes).
    Removing lptmr.o(.rev16_text), (4 bytes).
    Removing lptmr.o(.revsh_text), (4 bytes).
    Removing dma.o(.rev16_text), (4 bytes).
    Removing dma.o(.revsh_text), (4 bytes).
    Removing flexbus.o(.rev16_text), (4 bytes).
    Removing flexbus.o(.revsh_text), (4 bytes).
    Removing flexbus.o(.text), (1028 bytes).
    Removing systick.o(.rev16_text), (4 bytes).
    Removing systick.o(.revsh_text), (4 bytes).
    Removing systick.o(.text), (316 bytes).
    Removing systick.o(.data), (8 bytes).
    Removing rtc.o(.rev16_text), (4 bytes).
    Removing rtc.o(.revsh_text), (4 bytes).
    Removing enet.o(.rev16_text), (4 bytes).
    Removing tsi.o(.rev16_text), (4 bytes).
    Removing tsi.o(.revsh_text), (4 bytes).
    Removing common.o(.rev16_text), (4 bytes).
    Removing common.o(.revsh_text), (4 bytes).
    Removing sd.o(.rev16_text), (4 bytes).
    Removing sd.o(.revsh_text), (4 bytes).
    Removing sd.o(.text), (1832 bytes).
    Removing sd.o(.bss), (52 bytes).
    Removing sd.o(.constdata), (12 bytes).
    Removing can.o(.rev16_text), (4 bytes).
    Removing can.o(.revsh_text), (4 bytes).
    Removing cmp.o(.text), (2 bytes).
    Removing crc.o(.rev16_text), (4 bytes).
    Removing crc.o(.revsh_text), (4 bytes).
    Removing crc.o(.text), (504 bytes).
    Removing crc.o(.data), (176 bytes).
    Removing dac.o(.rev16_text), (4 bytes).
    Removing dac.o(.revsh_text), (4 bytes).
    Removing pdb.o(.rev16_text), (4 bytes).
    Removing pdb.o(.revsh_text), (4 bytes).
    Removing vref.o(.rev16_text), (4 bytes).
    Removing vref.o(.revsh_text), (4 bytes).
    Removing vref.o(.text), (116 bytes).

96 unused section(s) (total 16993 bytes) removed from the image.

==============================================================================

Image Symbol Table

    Local Symbols

    Symbol Name                              Value     Ov Type        Size  Object(Section)

    RESET                                    0x00000000   Section     1024  startup_mk60d10.o(RESET)
    ../clib/angel/boardlib.s                 0x00000000   Number         0  boardinit1.o ABSOLUTE
    ../clib/angel/boardlib.s                 0x00000000   Number         0  boardshut.o ABSOLUTE
    ../clib/angel/boardlib.s                 0x00000000   Number         0  boardinit3.o ABSOLUTE
    ../clib/angel/boardlib.s                 0x00000000   Number         0  boardinit2.o ABSOLUTE
    ../clib/angel/handlers.s                 0x00000000   Number         0  __scatter_copy.o ABSOLUTE
    ../clib/angel/handlers.s                 0x00000000   Number         0  __scatter_zi.o ABSOLUTE
    ../clib/angel/kernel.s                   0x00000000   Number         0  __rtentry2.o ABSOLUTE
    ../clib/angel/kernel.s                   0x00000000   Number         0  rtexit2.o ABSOLUTE
    ../clib/angel/kernel.s                   0x00000000   Number         0  rtexit.o ABSOLUTE
    ../clib/angel/kernel.s                   0x00000000   Number         0  __rtentry4.o ABSOLUTE
    ../clib/angel/kernel.s                   0x00000000   Number         0  __rtentry.o ABSOLUTE
    ../clib/angel/rt.s                       0x00000000   Number         0  rt_locale_intlibspace.o ABSOLUTE
    ../clib/angel/rt.s                       0x00000000   Number         0  rt_locale.o ABSOLUTE
    ../clib/angel/rt.s                       0x00000000   Number         0  rt_raise.o ABSOLUTE
    ../clib/angel/scatter.s                  0x00000000   Number         0  __scatter.o ABSOLUTE
    ../clib/angel/startup.s                  0x00000000   Number         0  __main.o ABSOLUTE
    ../clib/angel/sys.s                      0x00000000   Number         0  libspace.o ABSOLUTE
    ../clib/angel/sys.s                      0x00000000   Number         0  use_no_semi.o ABSOLUTE
    ../clib/angel/sys.s                      0x00000000   Number         0  indicate_semi.o ABSOLUTE
    ../clib/angel/sys.s                      0x00000000   Number         0  sys_stackheap_outer.o ABSOLUTE
    ../clib/angel/sysapp.c                   0x00000000   Number         0  sys_wrch.o ABSOLUTE
    ../clib/angel/sysapp.c                   0x00000000   Number         0  sys_exit.o ABSOLUTE
    ../clib/angel/sysapp.c                   0x00000000   Number         0  sys_command.o ABSOLUTE
    ../clib/armsys.c                         0x00000000   Number         0  _get_argv_nomalloc.o ABSOLUTE
    ../clib/armsys.c                         0x00000000   Number         0  argv_veneer.o ABSOLUTE
    ../clib/armsys.c                         0x00000000   Number         0  argv_veneer.o ABSOLUTE
    ../clib/armsys.c                         0x00000000   Number         0  no_argv.o ABSOLUTE
    ../clib/bigflt.c                         0x00000000   Number         0  bigflt0.o ABSOLUTE
    ../clib/btod.s                           0x00000000   Number         0  btod.o ABSOLUTE
    ../clib/heapalloc.c                      0x00000000   Number         0  hrguard.o ABSOLUTE
    ../clib/heapaux.c                        0x00000000   Number         0  heapauxi.o ABSOLUTE
    ../clib/libinit.s                        0x00000000   Number         0  libshutdown2.o ABSOLUTE
    ../clib/libinit.s                        0x00000000   Number         0  libshutdown.o ABSOLUTE
    ../clib/libinit.s                        0x00000000   Number         0  libinit2.o ABSOLUTE
    ../clib/libinit.s                        0x00000000   Number         0  libinit.o ABSOLUTE
    ../clib/locale.s                         0x00000000   Number         0  lc_numeric_c.o ABSOLUTE
    ../clib/longlong.s                       0x00000000   Number         0  lludiv10.o ABSOLUTE
    ../clib/memcpset.s                       0x00000000   Number         0  rt_memcpy_w.o ABSOLUTE
    ../clib/memcpset.s                       0x00000000   Number         0  strcmpv7m.o ABSOLUTE
    ../clib/memcpset.s                       0x00000000   Number         0  rt_memclr_w.o ABSOLUTE
    ../clib/memcpset.s                       0x00000000   Number         0  rt_memcpy_v6.o ABSOLUTE
    ../clib/misc.s                           0x00000000   Number         0  printf_stubs.o ABSOLUTE
    ../clib/printf.c                         0x00000000   Number         0  _printf_char_common.o ABSOLUTE
    ../clib/printf.c                         0x00000000   Number         0  _printf_fp_infnan.o ABSOLUTE
    ../clib/printf.c                         0x00000000   Number         0  _printf_intcommon.o ABSOLUTE
    ../clib/printf.c                         0x00000000   Number         0  _printf_fp_dec.o ABSOLUTE
    ../clib/printf.c                         0x00000000   Number         0  _printf_char_file.o ABSOLUTE
    ../clib/printf.c                         0x00000000   Number         0  __printf_nopercent.o ABSOLUTE
    ../clib/printf.c                         0x00000000   Number         0  __2printf.o ABSOLUTE
    ../clib/printf.c                         0x00000000   Number         0  noretval__2printf.o ABSOLUTE
    ../clib/printf.c                         0x00000000   Number         0  __printf_flags_ss_wp.o ABSOLUTE
    ../clib/printf.c                         0x00000000   Number         0  __printf_ss_wp.o ABSOLUTE
    ../clib/printf.c                         0x00000000   Number         0  __printf_flags_wp.o ABSOLUTE
    ../clib/printf.c                         0x00000000   Number         0  __printf_wp.o ABSOLUTE
    ../clib/printf.c                         0x00000000   Number         0  __printf_flags_ss.o ABSOLUTE
    ../clib/printf.c                         0x00000000   Number         0  __printf_ss.o ABSOLUTE
    ../clib/printf.c                         0x00000000   Number         0  __printf_flags.o ABSOLUTE
    ../clib/printf.c                         0x00000000   Number         0  _printf_dec.o ABSOLUTE
    ../clib/printf.c                         0x00000000   Number         0  _printf_pad.o ABSOLUTE
    ../clib/printf.c                         0x00000000   Number         0  __printf.o ABSOLUTE
    ../clib/printf_percent.s                 0x00000000   Number         0  _printf_percent_end.o ABSOLUTE
    ../clib/printf_percent.s                 0x00000000   Number         0  _printf_f.o ABSOLUTE
    ../clib/printf_percent.s                 0x00000000   Number         0  _printf_percent.o ABSOLUTE
    ../clib/printf_percent.s                 0x00000000   Number         0  _printf_d.o ABSOLUTE
    ../clib/signal.c                         0x00000000   Number         0  defsig_rtred_inner.o ABSOLUTE
    ../clib/signal.c                         0x00000000   Number         0  defsig_stak_inner.o ABSOLUTE
    ../clib/signal.c                         0x00000000   Number         0  defsig_rtmem_formal.o ABSOLUTE
    ../clib/signal.c                         0x00000000   Number         0  defsig_rtmem_outer.o ABSOLUTE
    ../clib/signal.c                         0x00000000   Number         0  defsig_rtmem_inner.o ABSOLUTE
    ../clib/signal.c                         0x00000000   Number         0  defsig_pvfn_inner.o ABSOLUTE
    ../clib/signal.c                         0x00000000   Number         0  defsig_fpe_inner.o ABSOLUTE
    ../clib/signal.c                         0x00000000   Number         0  defsig_abrt_inner.o ABSOLUTE
    ../clib/signal.c                         0x00000000   Number         0  defsig_cppl_inner.o ABSOLUTE
    ../clib/signal.c                         0x00000000   Number         0  defsig_general.o ABSOLUTE
    ../clib/signal.c                         0x00000000   Number         0  __raise.o ABSOLUTE
    ../clib/signal.c                         0x00000000   Number         0  defsig_segv_inner.o ABSOLUTE
    ../clib/signal.c                         0x00000000   Number         0  defsig_other.o ABSOLUTE
    ../clib/signal.c                         0x00000000   Number         0  defsig_exit.o ABSOLUTE
    ../clib/signal.s                         0x00000000   Number         0  defsig.o ABSOLUTE
    ../clib/stdio.c                          0x00000000   Number         0  ferror_locked.o ABSOLUTE
    ../clib/stdio.c                          0x00000000   Number         0  ferror.o ABSOLUTE
    ../clib/stdlib.c                         0x00000000   Number         0  exit.o ABSOLUTE
    ../fplib/dretinf.s                       0x00000000   Number         0  dretinf.o ABSOLUTE
    ../fplib/f2d.s                           0x00000000   Number         0  f2d.o ABSOLUTE
    ../fplib/faddsub.s                       0x00000000   Number         0  faddsub_clz.o ABSOLUTE
    ../fplib/ffix.s                          0x00000000   Number         0  ffix.o ABSOLUTE
    ../fplib/fflt.s                          0x00000000   Number         0  fflt_clz.o ABSOLUTE
    ../fplib/fmul.s                          0x00000000   Number         0  fmul.o ABSOLUTE
    ../fplib/fnaninf.s                       0x00000000   Number         0  fnaninf.o ABSOLUTE
    ../fplib/fpinit.s                        0x00000000   Number         0  fpinit.o ABSOLUTE
    ../fplib/fretinf.s                       0x00000000   Number         0  fretinf.o ABSOLUTE
    ../fplib/istatus.s                       0x00000000   Number         0  istatus.o ABSOLUTE
    ../fplib/printf1.s                       0x00000000   Number         0  printf1.o ABSOLUTE
    ../fplib/usenofp.s                       0x00000000   Number         0  usenofp.o ABSOLUTE
    ../mathlib/fpclassify.c                  0x00000000   Number         0  fpclassify.o ABSOLUTE
    ..\..\..\..\Libraries\drivers\K\src\adc.c 0x00000000   Number         0  adc.o ABSOLUTE
    ..\..\..\..\Libraries\drivers\K\src\can.c 0x00000000   Number         0  can.o ABSOLUTE
    ..\..\..\..\Libraries\drivers\K\src\cmp.c 0x00000000   Number         0  cmp.o ABSOLUTE
    ..\..\..\..\Libraries\drivers\K\src\common.c 0x00000000   Number         0  common.o ABSOLUTE
    ..\..\..\..\Libraries\drivers\K\src\cpuidy.c 0x00000000   Number         0  cpuidy.o ABSOLUTE
    ..\..\..\..\Libraries\drivers\K\src\crc.c 0x00000000   Number         0  crc.o ABSOLUTE
    ..\..\..\..\Libraries\drivers\K\src\dac.c 0x00000000   Number         0  dac.o ABSOLUTE
    ..\..\..\..\Libraries\drivers\K\src\dma.c 0x00000000   Number         0  dma.o ABSOLUTE
    ..\..\..\..\Libraries\drivers\K\src\enet.c 0x00000000   Number         0  enet.o ABSOLUTE
    ..\..\..\..\Libraries\drivers\K\src\flexbus.c 0x00000000   Number         0  flexbus.o ABSOLUTE
    ..\..\..\..\Libraries\drivers\K\src\ftm.c 0x00000000   Number         0  ftm.o ABSOLUTE
    ..\..\..\..\Libraries\drivers\K\src\gpio.c 0x00000000   Number         0  gpio.o ABSOLUTE
    ..\..\..\..\Libraries\drivers\K\src\i2c.c 0x00000000   Number         0  i2c.o ABSOLUTE
    ..\..\..\..\Libraries\drivers\K\src\lptmr.c 0x00000000   Number         0  lptmr.o ABSOLUTE
    ..\..\..\..\Libraries\drivers\K\src\pdb.c 0x00000000   Number         0  pdb.o ABSOLUTE
    ..\..\..\..\Libraries\drivers\K\src\pit.c 0x00000000   Number         0  pit.o ABSOLUTE
    ..\..\..\..\Libraries\drivers\K\src\rtc.c 0x00000000   Number         0  rtc.o ABSOLUTE
    ..\..\..\..\Libraries\drivers\K\src\sd.c 0x00000000   Number         0  sd.o ABSOLUTE
    ..\..\..\..\Libraries\drivers\K\src\spi.c 0x00000000   Number         0  spi.o ABSOLUTE
    ..\..\..\..\Libraries\drivers\K\src\systick.c 0x00000000   Number         0  systick.o ABSOLUTE
    ..\..\..\..\Libraries\drivers\K\src\tsi.c 0x00000000   Number         0  tsi.o ABSOLUTE
    ..\..\..\..\Libraries\drivers\K\src\uart.c 0x00000000   Number         0  uart.o ABSOLUTE
    ..\..\..\..\Libraries\drivers\K\src\vref.c 0x00000000   Number         0  vref.o ABSOLUTE
    ..\..\..\..\Libraries\drivers\K\src\wdog.c 0x00000000   Number         0  wdog.o ABSOLUTE
    ..\..\..\..\Libraries\startup\DeviceSupport\MDK-ARM\startup_MK60D10.s 0x00000000   Number         0  startup_mk60d10.o ABSOLUTE
    ..\..\..\..\Libraries\startup\DeviceSupport\system_MK60D10.c 0x00000000   Number         0  system_mk60d10.o ABSOLUTE
    ..\\..\\..\\..\\Libraries\\drivers\\K\\src\\adc.c 0x00000000   Number         0  adc.o ABSOLUTE
    ..\\..\\..\\..\\Libraries\\drivers\\K\\src\\can.c 0x00000000   Number         0  can.o ABSOLUTE
    ..\\..\\..\\..\\Libraries\\drivers\\K\\src\\common.c 0x00000000   Number         0  common.o ABSOLUTE
    ..\\..\\..\\..\\Libraries\\drivers\\K\\src\\cpuidy.c 0x00000000   Number         0  cpuidy.o ABSOLUTE
    ..\\..\\..\\..\\Libraries\\drivers\\K\\src\\crc.c 0x00000000   Number         0  crc.o ABSOLUTE
    ..\\..\\..\\..\\Libraries\\drivers\\K\\src\\dac.c 0x00000000   Number         0  dac.o ABSOLUTE
    ..\\..\\..\\..\\Libraries\\drivers\\K\\src\\dma.c 0x00000000   Number         0  dma.o ABSOLUTE
    ..\\..\\..\\..\\Libraries\\drivers\\K\\src\\enet.c 0x00000000   Number         0  enet.o ABSOLUTE
    ..\\..\\..\\..\\Libraries\\drivers\\K\\src\\flexbus.c 0x00000000   Number         0  flexbus.o ABSOLUTE
    ..\\..\\..\\..\\Libraries\\drivers\\K\\src\\ftm.c 0x00000000   Number         0  ftm.o ABSOLUTE
    ..\\..\\..\\..\\Libraries\\drivers\\K\\src\\gpio.c 0x00000000   Number         0  gpio.o ABSOLUTE
    ..\\..\\..\\..\\Libraries\\drivers\\K\\src\\i2c.c 0x00000000   Number         0  i2c.o ABSOLUTE
    ..\\..\\..\\..\\Libraries\\drivers\\K\\src\\lptmr.c 0x00000000   Number         0  lptmr.o ABSOLUTE
    ..\\..\\..\\..\\Libraries\\drivers\\K\\src\\pdb.c 0x00000000   Number         0  pdb.o ABSOLUTE
    ..\\..\\..\\..\\Libraries\\drivers\\K\\src\\pit.c 0x00000000   Number         0  pit.o ABSOLUTE
    ..\\..\\..\\..\\Libraries\\drivers\\K\\src\\rtc.c 0x00000000   Number         0  rtc.o ABSOLUTE
    ..\\..\\..\\..\\Libraries\\drivers\\K\\src\\sd.c 0x00000000   Number         0  sd.o ABSOLUTE
    ..\\..\\..\\..\\Libraries\\drivers\\K\\src\\spi.c 0x00000000   Number         0  spi.o ABSOLUTE
    ..\\..\\..\\..\\Libraries\\drivers\\K\\src\\systick.c 0x00000000   Number         0  systick.o ABSOLUTE
    ..\\..\\..\\..\\Libraries\\drivers\\K\\src\\tsi.c 0x00000000   Number         0  tsi.o ABSOLUTE
    ..\\..\\..\\..\\Libraries\\drivers\\K\\src\\uart.c 0x00000000   Number         0  uart.o ABSOLUTE
    ..\\..\\..\\..\\Libraries\\drivers\\K\\src\\vref.c 0x00000000   Number         0  vref.o ABSOLUTE
    ..\\..\\..\\..\\Libraries\\drivers\\K\\src\\wdog.c 0x00000000   Number         0  wdog.o ABSOLUTE
    ..\\..\\..\\..\\Libraries\\startup\\DeviceSupport\\system_MK60D10.c 0x00000000   Number         0  system_mk60d10.o ABSOLUTE
    ..\\src\\ccd.c                           0x00000000   Number         0  ccd.o ABSOLUTE
    ..\\src\\getspeed.c                      0x00000000   Number         0  getspeed.o ABSOLUTE
    ..\\src\\interupt.c                      0x00000000   Number         0  interupt.o ABSOLUTE
    ..\\src\\main.c                          0x00000000   Number         0  main.o ABSOLUTE
    ..\\src\\motor.c                         0x00000000   Number         0  motor.o ABSOLUTE
    ..\\src\\oled.c                          0x00000000   Number         0  oled.o ABSOLUTE
    ..\\src\\steer.c                         0x00000000   Number         0  steer.o ABSOLUTE
    ..\src\buletooth.c                       0x00000000   Number         0  buletooth.o ABSOLUTE
    ..\src\ccd.c                             0x00000000   Number         0  ccd.o ABSOLUTE
    ..\src\getspeed.c                        0x00000000   Number         0  getspeed.o ABSOLUTE
    ..\src\interupt.c                        0x00000000   Number         0  interupt.o ABSOLUTE
    ..\src\main.c                            0x00000000   Number         0  main.o ABSOLUTE
    ..\src\motor.c                           0x00000000   Number         0  motor.o ABSOLUTE
    ..\src\oled.c                            0x00000000   Number         0  oled.o ABSOLUTE
    ..\src\steer.c                           0x00000000   Number         0  steer.o ABSOLUTE
    dc.s                                     0x00000000   Number         0  dc.o ABSOLUTE
    .ARM.__at_0x400                          0x00000400   Section       16  startup_mk60d10.o(.ARM.__at_0x400)
    !!!main                                  0x00000410   Section        8  __main.o(!!!main)
    !!!scatter                               0x00000418   Section       52  __scatter.o(!!!scatter)
    !!handler_copy                           0x0000044c   Section       26  __scatter_copy.o(!!handler_copy)
    !!handler_zi                             0x00000468   Section       28  __scatter_zi.o(!!handler_zi)
    .ARM.Collect$$libinit$$00000000          0x00000484   Section        2  libinit.o(.ARM.Collect$$libinit$$00000000)
    .ARM.Collect$$libinit$$00000002          0x00000486   Section        0  libinit2.o(.ARM.Collect$$libinit$$00000002)
    .ARM.Collect$$libinit$$00000004          0x00000486   Section        0  libinit2.o(.ARM.Collect$$libinit$$00000004)
    .ARM.Collect$$libinit$$0000000A          0x00000486   Section        0  libinit2.o(.ARM.Collect$$libinit$$0000000A)
    .ARM.Collect$$libinit$$0000000C          0x00000486   Section        0  libinit2.o(.ARM.Collect$$libinit$$0000000C)
    .ARM.Collect$$libinit$$0000000E          0x00000486   Section        0  libinit2.o(.ARM.Collect$$libinit$$0000000E)
    .ARM.Collect$$libinit$$00000011          0x00000486   Section        0  libinit2.o(.ARM.Collect$$libinit$$00000011)
    .ARM.Collect$$libinit$$00000013          0x00000486   Section        0  libinit2.o(.ARM.Collect$$libinit$$00000013)
    .ARM.Collect$$libinit$$00000015          0x00000486   Section        0  libinit2.o(.ARM.Collect$$libinit$$00000015)
    .ARM.Collect$$libinit$$00000017          0x00000486   Section        0  libinit2.o(.ARM.Collect$$libinit$$00000017)
    .ARM.Collect$$libinit$$00000019          0x00000486   Section        0  libinit2.o(.ARM.Collect$$libinit$$00000019)
    .ARM.Collect$$libinit$$0000001B          0x00000486   Section        0  libinit2.o(.ARM.Collect$$libinit$$0000001B)
    .ARM.Collect$$libinit$$0000001D          0x00000486   Section        0  libinit2.o(.ARM.Collect$$libinit$$0000001D)
    .ARM.Collect$$libinit$$0000001F          0x00000486   Section        0  libinit2.o(.ARM.Collect$$libinit$$0000001F)
    .ARM.Collect$$libinit$$00000021          0x00000486   Section        0  libinit2.o(.ARM.Collect$$libinit$$00000021)
    .ARM.Collect$$libinit$$00000023          0x00000486   Section        0  libinit2.o(.ARM.Collect$$libinit$$00000023)
    .ARM.Collect$$libinit$$00000025          0x00000486   Section        0  libinit2.o(.ARM.Collect$$libinit$$00000025)
    .ARM.Collect$$libinit$$0000002C          0x00000486   Section        0  libinit2.o(.ARM.Collect$$libinit$$0000002C)
    .ARM.Collect$$libinit$$0000002E          0x00000486   Section        0  libinit2.o(.ARM.Collect$$libinit$$0000002E)
    .ARM.Collect$$libinit$$00000030          0x00000486   Section        0  libinit2.o(.ARM.Collect$$libinit$$00000030)
    .ARM.Collect$$libinit$$00000032          0x00000486   Section        0  libinit2.o(.ARM.Collect$$libinit$$00000032)
    .ARM.Collect$$libinit$$00000033          0x00000486   Section        2  libinit2.o(.ARM.Collect$$libinit$$00000033)
    .ARM.Collect$$libshutdown$$00000000      0x00000488   Section        2  libshutdown.o(.ARM.Collect$$libshutdown$$00000000)
    .ARM.Collect$$libshutdown$$00000002      0x0000048a   Section        0  libshutdown2.o(.ARM.Collect$$libshutdown$$00000002)
    .ARM.Collect$$libshutdown$$00000004      0x0000048a   Section        0  libshutdown2.o(.ARM.Collect$$libshutdown$$00000004)
    .ARM.Collect$$libshutdown$$00000007      0x0000048a   Section        0  libshutdown2.o(.ARM.Collect$$libshutdown$$00000007)
    .ARM.Collect$$libshutdown$$0000000A      0x0000048a   Section        0  libshutdown2.o(.ARM.Collect$$libshutdown$$0000000A)
    .ARM.Collect$$libshutdown$$0000000C      0x0000048a   Section        0  libshutdown2.o(.ARM.Collect$$libshutdown$$0000000C)
    .ARM.Collect$$libshutdown$$0000000F      0x0000048a   Section        0  libshutdown2.o(.ARM.Collect$$libshutdown$$0000000F)
    .ARM.Collect$$libshutdown$$00000010      0x0000048a   Section        2  libshutdown2.o(.ARM.Collect$$libshutdown$$00000010)
    .ARM.Collect$$rtentry$$00000000          0x0000048c   Section        0  __rtentry.o(.ARM.Collect$$rtentry$$00000000)
    .ARM.Collect$$rtentry$$00000002          0x0000048c   Section        0  __rtentry2.o(.ARM.Collect$$rtentry$$00000002)
    .ARM.Collect$$rtentry$$00000004          0x0000048c   Section        6  __rtentry4.o(.ARM.Collect$$rtentry$$00000004)
    .ARM.Collect$$rtentry$$00000009          0x00000492   Section        0  __rtentry2.o(.ARM.Collect$$rtentry$$00000009)
    .ARM.Collect$$rtentry$$0000000A          0x00000492   Section        4  __rtentry2.o(.ARM.Collect$$rtentry$$0000000A)
    .ARM.Collect$$rtentry$$0000000C          0x00000496   Section        0  __rtentry2.o(.ARM.Collect$$rtentry$$0000000C)
    .ARM.Collect$$rtentry$$0000000D          0x00000496   Section        8  __rtentry2.o(.ARM.Collect$$rtentry$$0000000D)
    .ARM.Collect$$rtexit$$00000000           0x0000049e   Section        2  rtexit.o(.ARM.Collect$$rtexit$$00000000)
    .ARM.Collect$$rtexit$$00000002           0x000004a0   Section        0  rtexit2.o(.ARM.Collect$$rtexit$$00000002)
    .ARM.Collect$$rtexit$$00000003           0x000004a0   Section        4  rtexit2.o(.ARM.Collect$$rtexit$$00000003)
    .ARM.Collect$$rtexit$$00000004           0x000004a4   Section        6  rtexit2.o(.ARM.Collect$$rtexit$$00000004)
    .revsh_text                              0x000004ac   Section        4  enet.o(.revsh_text)
    .text                                    0x000004b0   Section        0  system_mk60d10.o(.text)
    .text                                    0x0000066c   Section       64  startup_mk60d10.o(.text)
    .text                                    0x000006ac   Section        0  main.o(.text)
    .text                                    0x000008e4   Section        0  gpio.o(.text)
    PORT_IRQHandler                          0x00000df3   Thumb Code    48  gpio.o(.text)
    NVIC_EnableIRQ                           0x00000e55   Thumb Code    22  gpio.o(.text)
    .text                                    0x00000e80   Section        0  uart.o(.text)
    UART_putstr                              0x00000f75   Thumb Code    26  uart.o(.text)
    printn                                   0x00000f8f   Thumb Code    48  uart.o(.text)
    UART_IRQ_Handler                         0x000016c5   Thumb Code   190  uart.o(.text)
    NVIC_EnableIRQ                           0x000017bf   Thumb Code    22  uart.o(.text)
    .text                                    0x000017e0   Section        0  wdog.o(.text)
    WDOG_Unlock                              0x000017e1   Thumb Code    20  wdog.o(.text)
    .text                                    0x00001940   Section        0  pit.o(.text)
    PIT_IRQHandler                           0x00001a71   Thumb Code    42  pit.o(.text)
    .text                                    0x00001ae0   Section        0  adc.o(.text)
    .text                                    0x000020ec   Section        0  ftm.o(.text)
    _FTM_InitBasic                           0x000020ed   Thumb Code   110  ftm.o(.text)
    get_chl_pair_index                       0x0000215b   Thumb Code    40  ftm.o(.text)
    FTM_DualChlConfig                        0x00002183   Thumb Code   180  ftm.o(.text)
    FTM_SetMode                              0x000022bb   Thumb Code  1140  ftm.o(.text)
    .text                                    0x00002f0c   Section        0  spi.o(.text)
    dspi_hal_set_baud                        0x00002f0d   Thumb Code   226  spi.o(.text)
    SPI_IRQHandler                           0x00003403   Thumb Code    42  spi.o(.text)
    .text                                    0x00003454   Section        0  lptmr.o(.text)
    .text                                    0x00003690   Section        0  dma.o(.text)
    DMA_IRQHandler                           0x00003a27   Thumb Code    30  dma.o(.text)
    .text                                    0x00003b04   Section        0  rtc.o(.text)
    RTC_DateTimeToSecond                     0x00003b71   Thumb Code   122  rtc.o(.text)
    RTC_SecondToDateTime                     0x00003beb   Thumb Code   148  rtc.o(.text)
    NVIC_EnableIRQ                           0x00003ecd   Thumb Code    22  rtc.o(.text)
    .text                                    0x00003f04   Section        0  enet.o(.text)
    ENET_BDInit                              0x00003f05   Thumb Code   204  enet.o(.text)
    ENET_HashAddress                         0x00003fd1   Thumb Code    58  enet.o(.text)
    ENET_SetAddress                          0x0000400b   Thumb Code   106  enet.o(.text)
    NVIC_EnableIRQ                           0x00004493   Thumb Code    22  enet.o(.text)
    .text                                    0x000044bc   Section        0  tsi.o(.text)
    TSI_Calibration                          0x000044c9   Thumb Code    86  tsi.o(.text)
    NVIC_EnableIRQ                           0x000046fd   Thumb Code    22  tsi.o(.text)
    .text                                    0x00004728   Section        0  common.o(.text)
    .text                                    0x00004898   Section        0  can.o(.text)
    CAN_SetBaudrate                          0x00004899   Thumb Code   200  can.o(.text)
    set_id                                   0x00004961   Thumb Code   118  can.o(.text)
    is_mb_idle                               0x00004be7   Thumb Code    40  can.o(.text)
    NVIC_EnableIRQ                           0x0000505d   Thumb Code    22  can.o(.text)
    .text                                    0x00005080   Section        0  dac.o(.text)
    DAC_IRQHandler                           0x00005585   Thumb Code   122  dac.o(.text)
    NVIC_EnableIRQ                           0x00005613   Thumb Code    22  dac.o(.text)
    .text                                    0x00005630   Section        0  pdb.o(.text)
    _PDB_SetCounterPeriod                    0x0000563f   Thumb Code   188  pdb.o(.text)
    .text                                    0x00005950   Section      138  rt_memcpy_v6.o(.text)
    .text                                    0x000059da   Section        0  heapauxi.o(.text)
    .text                                    0x000059e0   Section      100  rt_memcpy_w.o(.text)
    .text                                    0x00005a44   Section        8  libspace.o(.text)
    .text                                    0x00005a4c   Section       74  sys_stackheap_outer.o(.text)
    .text                                    0x00005a96   Section        0  exit.o(.text)
    .text                                    0x00005aa8   Section        0  sys_exit.o(.text)
    .text                                    0x00005ab4   Section        2  use_no_semi.o(.text)
    .text                                    0x00005ab6   Section        0  indicate_semi.o(.text)
    .constdata                               0x00005ab8   Section       65  gpio.o(.constdata)
    GPIO_InstanceTable                       0x00005ab8   Data          20  gpio.o(.constdata)
    PORT_InstanceTable                       0x00005acc   Data          20  gpio.o(.constdata)
    SIM_GPIOClockGateTable                   0x00005ae0   Data          20  gpio.o(.constdata)
    GPIO_IRQnTable                           0x00005af4   Data           5  gpio.o(.constdata)
    .constdata                               0x00005afc   Section      132  uart.o(.constdata)
    UARTBase                                 0x00005afc   Data          24  uart.o(.constdata)
    ClkTbl                                   0x00005b14   Data          72  uart.o(.constdata)
    UART_IRQnTable                           0x00005b5c   Data           6  uart.o(.constdata)
    UART_TIFOSizeTable                       0x00005b64   Data          28  uart.o(.constdata)
    .constdata                               0x00005b80   Section        4  pit.o(.constdata)
    PIT_IRQnTable                            0x00005b80   Data           4  pit.o(.constdata)
    .constdata                               0x00005b84   Section       34  adc.o(.constdata)
    ADC_InstanceTable                        0x00005b84   Data           8  adc.o(.constdata)
    SIM_ADCClockGateTable                    0x00005b8c   Data          24  adc.o(.constdata)
    ADC_IRQnTable                            0x00005ba4   Data           2  adc.o(.constdata)
    .constdata                               0x00005ba8   Section       63  ftm.o(.constdata)
    FTM_InstanceTable                        0x00005ba8   Data          12  ftm.o(.constdata)
    FTM_ChlMaxTable                          0x00005bb4   Data          12  ftm.o(.constdata)
    SIM_FTMClockGateTable                    0x00005bc0   Data          36  ftm.o(.constdata)
    FTM_IRQnTable                            0x00005be4   Data           3  ftm.o(.constdata)
    .constdata                               0x00005be8   Section      132  spi.o(.constdata)
    SIM_SPIClockGateTable                    0x00005bf4   Data          36  spi.o(.constdata)
    SPI_IRQnTable                            0x00005c18   Data           3  spi.o(.constdata)
    s_baudratePrescaler                      0x00005c1c   Data          16  spi.o(.constdata)
    s_baudrateScaler                         0x00005c2c   Data          64  spi.o(.constdata)
    .constdata                               0x00005c6c   Section       16  lptmr.o(.constdata)
    LPTMR_IRQnTable                          0x00005c6c   Data           1  lptmr.o(.constdata)
    SIM_LPTMRClockGateTable                  0x00005c70   Data          12  lptmr.o(.constdata)
    .constdata                               0x00005c7c   Section       20  dma.o(.constdata)
    DMAMUX_InstanceTable                     0x00005c7c   Data           4  dma.o(.constdata)
    DMA_IRQnTable                            0x00005c80   Data          16  dma.o(.constdata)
    .constdata                               0x00005c90   Section       52  rtc.o(.constdata)
    ULY                                      0x00005c90   Data          13  rtc.o(.constdata)
    LY                                       0x00005c9d   Data          13  rtc.o(.constdata)
    MONTH_DAYS                               0x00005caa   Data          26  rtc.o(.constdata)
    .constdata                               0x00005cc4   Section       34  can.o(.constdata)
    ClkTbl                                   0x00005ccc   Data          24  can.o(.constdata)
    CAN_IRQnTable                            0x00005ce4   Data           2  can.o(.constdata)
    .constdata                               0x00005ce8   Section       10  dac.o(.constdata)
    DAC_InstanceTable                        0x00005ce8   Data           8  dac.o(.constdata)
    DAC_IRQnTable                            0x00005cf0   Data           2  dac.o(.constdata)
    .constdata                               0x00005cf2   Section        4  pdb.o(.constdata)
    MULT                                     0x00005cf2   Data           4  pdb.o(.constdata)
    .conststring                             0x00005cf8   Section       17  uart.o(.conststring)
    .data                                    0x20000000   Section        4  system_mk60d10.o(.data)
    .data                                    0x20000004   Section       17  uart.o(.data)
    UART_DebugInstance                       0x20000004   Data           1  uart.o(.data)
    ntab                                     0x20000010   Data           4  uart.o(.data)
    is_fitst_init                            0x20000014   Data           1  uart.o(.data)
    .data                                    0x20000018   Section        4  wdog.o(.data)
    WDOG_CallBackTable                       0x20000018   Data           4  wdog.o(.data)
    .data                                    0x2000001c   Section        4  pit.o(.data)
    fac_us                                   0x2000001c   Data           4  pit.o(.data)
    .data                                    0x20000020   Section        8  adc.o(.data)
    ADC_CallBackTable                        0x20000020   Data           8  adc.o(.data)
    .data                                    0x20000028   Section        4  lptmr.o(.data)
    LPTMR_CallBackTable                      0x20000028   Data           4  lptmr.o(.data)
    .data                                    0x2000002c   Section        4  dma.o(.data)
    DMAChlMAP                                0x2000002c   Data           4  dma.o(.data)
    .data                                    0x20000030   Section       52  rtc.o(.data)
    RTC_CallBackTable                        0x20000030   Data           4  rtc.o(.data)
    mdays                                    0x20000034   Data          48  rtc.o(.data)
    .data                                    0x20000064   Section       16  enet.o(.data)
    pxENETTxDescriptor                       0x20000064   Data           4  enet.o(.data)
    pxENETRxDescriptors                      0x20000068   Data           4  enet.o(.data)
    ENET_CallBackTxTable                     0x2000006c   Data           4  enet.o(.data)
    ENET_CallBackRxTable                     0x20000070   Data           4  enet.o(.data)
    .data                                    0x20000074   Section       68  tsi.o(.data)
    TSI_CallBackTable                        0x20000074   Data           4  tsi.o(.data)
    TSI_ChlCNTRTable                         0x20000078   Data          64  tsi.o(.data)
    .data                                    0x200000b8   Section        8  can.o(.data)
    CAN_CallBackTable                        0x200000b8   Data           8  can.o(.data)
    .data                                    0x200000c0   Section        8  dac.o(.data)
    DAC_CallBackTable                        0x200000c0   Data           8  dac.o(.data)
    .data                                    0x200000c8   Section        4  pdb.o(.data)
    PDB_CallBackTable                        0x200000c8   Data           4  pdb.o(.data)
    .bss                                     0x200000cc   Section       20  gpio.o(.bss)
    GPIO_CallBackTable                       0x200000cc   Data          20  gpio.o(.bss)
    .bss                                     0x200000e0   Section       48  uart.o(.bss)
    UART_CallBackTxTable                     0x200000e0   Data          24  uart.o(.bss)
    UART_CallBackRxTable                     0x200000f8   Data          24  uart.o(.bss)
    .bss                                     0x20000110   Section       16  pit.o(.bss)
    PIT_CallBackTable                        0x20000110   Data          16  pit.o(.bss)
    .bss                                     0x20000120   Section       12  ftm.o(.bss)
    FTM_CallBackTable                        0x20000120   Data          12  ftm.o(.bss)
    .bss                                     0x2000012c   Section       12  spi.o(.bss)
    SPI_CallBackTable                        0x2000012c   Data          12  spi.o(.bss)
    .bss                                     0x20000138   Section       64  dma.o(.bss)
    DMA_CallBackTable                        0x20000138   Data          64  dma.o(.bss)
    .bss                                     0x20000178   Section     1630  enet.o(.bss)
    xENETTxDescriptors_unaligned             0x20000178   Data          48  enet.o(.bss)
    xENETRxDescriptors_unaligned             0x200001a8   Data          48  enet.o(.bss)
    ucENETRxBuffers                          0x200001d8   Data        1534  enet.o(.bss)
    .bss                                     0x200007d8   Section       96  libspace.o(.bss)
    HEAP                                     0x20000838   Section     1024  startup_mk60d10.o(HEAP)
    Heap_Mem                                 0x20000838   Data        1024  startup_mk60d10.o(HEAP)
    STACK                                    0x20000c38   Section     4096  startup_mk60d10.o(STACK)
    Stack_Mem                                0x20000c38   Data        4096  startup_mk60d10.o(STACK)
    __initial_sp                             0x20001c38   Data           0  startup_mk60d10.o(STACK)

    Global Symbols

    Symbol Name                              Value     Ov Type        Size  Object(Section)

    BuildAttributes$$THM_ISAv4$E$P$D$K$B$S$7EM$PE$A:L22UL41UL21$X:L11$S22US41US21$IEEE1$IW$USESV6$~STKCKD$USESV7$~SHL$OTIME$ROPI$IEEEJ$EBA8$UX$STANDARDLIB$REQ8$PRES8$EABIv2 0x00000000   Number         0  anon$$obj.o ABSOLUTE
    __ARM_use_no_argv                        0x00000000   Number         0  main.o ABSOLUTE
    __Vectors                                0x00000000   Data           4  startup_mk60d10.o(RESET)
    _printf_flags                            0x00000000   Number         0  printf_stubs.o ABSOLUTE
    _printf_return_value                     0x00000000   Number         0  printf_stubs.o ABSOLUTE
    _printf_sizespec                         0x00000000   Number         0  printf_stubs.o ABSOLUTE
    _printf_widthprec                        0x00000000   Number         0  printf_stubs.o ABSOLUTE
    __ARM_exceptions_init                     - Undefined Weak Reference
    __alloca_initialize                       - Undefined Weak Reference
    __arm_preinit_                            - Undefined Weak Reference
    __cpp_initialize__aeabi_                  - Undefined Weak Reference
    __cxa_finalize                            - Undefined Weak Reference
    __sigvec_lookup                           - Undefined Weak Reference
    _atexit_init                              - Undefined Weak Reference
    _call_atexit_fns                          - Undefined Weak Reference
    _clock_init                               - Undefined Weak Reference
    _fp_trap_init                             - Undefined Weak Reference
    _fp_trap_shutdown                         - Undefined Weak Reference
    _get_lc_collate                           - Undefined Weak Reference
    _get_lc_ctype                             - Undefined Weak Reference
    _get_lc_monetary                          - Undefined Weak Reference
    _get_lc_time                              - Undefined Weak Reference
    _getenv_init                              - Undefined Weak Reference
    _handle_redirection                       - Undefined Weak Reference
    _init_alloc                               - Undefined Weak Reference
    _init_user_alloc                          - Undefined Weak Reference
    _initio                                   - Undefined Weak Reference
    _mutex_acquire                            - Undefined Weak Reference
    _mutex_release                            - Undefined Weak Reference
    _printf_truncate_signed                   - Undefined Weak Reference
    _printf_truncate_unsigned                 - Undefined Weak Reference
    _rand_init                                - Undefined Weak Reference
    _signal_finish                            - Undefined Weak Reference
    _signal_init                              - Undefined Weak Reference
    _terminate_alloc                          - Undefined Weak Reference
    _terminate_user_alloc                     - Undefined Weak Reference
    _terminateio                              - Undefined Weak Reference
    __Vectors_End                            0x00000400   Data           0  startup_mk60d10.o(RESET)
    __Vectors_Size                           0x00000400   Number         0  startup_mk60d10.o ABSOLUTE
    __main                                   0x00000411   Thumb Code     8  __main.o(!!!main)
    __scatterload                            0x00000419   Thumb Code     0  __scatter.o(!!!scatter)
    __scatterload_rt2                        0x00000419   Thumb Code    44  __scatter.o(!!!scatter)
    __scatterload_rt2_thumb_only             0x00000419   Thumb Code     0  __scatter.o(!!!scatter)
    __scatterload_null                       0x00000427   Thumb Code     0  __scatter.o(!!!scatter)
    __scatterload_copy                       0x0000044d   Thumb Code    26  __scatter_copy.o(!!handler_copy)
    __scatterload_zeroinit                   0x00000469   Thumb Code    28  __scatter_zi.o(!!handler_zi)
    __rt_lib_init                            0x00000485   Thumb Code     0  libinit.o(.ARM.Collect$$libinit$$00000000)
    __rt_lib_init_alloca_1                   0x00000487   Thumb Code     0  libinit2.o(.ARM.Collect$$libinit$$0000002E)
    __rt_lib_init_argv_1                     0x00000487   Thumb Code     0  libinit2.o(.ARM.Collect$$libinit$$0000002C)
    __rt_lib_init_atexit_1                   0x00000487   Thumb Code     0  libinit2.o(.ARM.Collect$$libinit$$0000001B)
    __rt_lib_init_clock_1                    0x00000487   Thumb Code     0  libinit2.o(.ARM.Collect$$libinit$$00000021)
    __rt_lib_init_cpp_1                      0x00000487   Thumb Code     0  libinit2.o(.ARM.Collect$$libinit$$00000032)
    __rt_lib_init_exceptions_1               0x00000487   Thumb Code     0  libinit2.o(.ARM.Collect$$libinit$$00000030)
    __rt_lib_init_fp_1                       0x00000487   Thumb Code     0  libinit2.o(.ARM.Collect$$libinit$$00000002)
    __rt_lib_init_fp_trap_1                  0x00000487   Thumb Code     0  libinit2.o(.ARM.Collect$$libinit$$0000001F)
    __rt_lib_init_getenv_1                   0x00000487   Thumb Code     0  libinit2.o(.ARM.Collect$$libinit$$00000023)
    __rt_lib_init_heap_1                     0x00000487   Thumb Code     0  libinit2.o(.ARM.Collect$$libinit$$0000000A)
    __rt_lib_init_lc_collate_1               0x00000487   Thumb Code     0  libinit2.o(.ARM.Collect$$libinit$$00000011)
    __rt_lib_init_lc_ctype_1                 0x00000487   Thumb Code     0  libinit2.o(.ARM.Collect$$libinit$$00000013)
    __rt_lib_init_lc_monetary_1              0x00000487   Thumb Code     0  libinit2.o(.ARM.Collect$$libinit$$00000015)
    __rt_lib_init_lc_numeric_1               0x00000487   Thumb Code     0  libinit2.o(.ARM.Collect$$libinit$$00000017)
    __rt_lib_init_lc_time_1                  0x00000487   Thumb Code     0  libinit2.o(.ARM.Collect$$libinit$$00000019)
    __rt_lib_init_preinit_1                  0x00000487   Thumb Code     0  libinit2.o(.ARM.Collect$$libinit$$00000004)
    __rt_lib_init_rand_1                     0x00000487   Thumb Code     0  libinit2.o(.ARM.Collect$$libinit$$0000000E)
    __rt_lib_init_return                     0x00000487   Thumb Code     0  libinit2.o(.ARM.Collect$$libinit$$00000033)
    __rt_lib_init_signal_1                   0x00000487   Thumb Code     0  libinit2.o(.ARM.Collect$$libinit$$0000001D)
    __rt_lib_init_stdio_1                    0x00000487   Thumb Code     0  libinit2.o(.ARM.Collect$$libinit$$00000025)
    __rt_lib_init_user_alloc_1               0x00000487   Thumb Code     0  libinit2.o(.ARM.Collect$$libinit$$0000000C)
    __rt_lib_shutdown                        0x00000489   Thumb Code     0  libshutdown.o(.ARM.Collect$$libshutdown$$00000000)
    __rt_lib_shutdown_cpp_1                  0x0000048b   Thumb Code     0  libshutdown2.o(.ARM.Collect$$libshutdown$$00000002)
    __rt_lib_shutdown_fp_trap_1              0x0000048b   Thumb Code     0  libshutdown2.o(.ARM.Collect$$libshutdown$$00000007)
    __rt_lib_shutdown_heap_1                 0x0000048b   Thumb Code     0  libshutdown2.o(.ARM.Collect$$libshutdown$$0000000F)
    __rt_lib_shutdown_return                 0x0000048b   Thumb Code     0  libshutdown2.o(.ARM.Collect$$libshutdown$$00000010)
    __rt_lib_shutdown_signal_1               0x0000048b   Thumb Code     0  libshutdown2.o(.ARM.Collect$$libshutdown$$0000000A)
    __rt_lib_shutdown_stdio_1                0x0000048b   Thumb Code     0  libshutdown2.o(.ARM.Collect$$libshutdown$$00000004)
    __rt_lib_shutdown_user_alloc_1           0x0000048b   Thumb Code     0  libshutdown2.o(.ARM.Collect$$libshutdown$$0000000C)
    __rt_entry                               0x0000048d   Thumb Code     0  __rtentry.o(.ARM.Collect$$rtentry$$00000000)
    __rt_entry_presh_1                       0x0000048d   Thumb Code     0  __rtentry2.o(.ARM.Collect$$rtentry$$00000002)
    __rt_entry_sh                            0x0000048d   Thumb Code     0  __rtentry4.o(.ARM.Collect$$rtentry$$00000004)
    __rt_entry_li                            0x00000493   Thumb Code     0  __rtentry2.o(.ARM.Collect$$rtentry$$0000000A)
    __rt_entry_postsh_1                      0x00000493   Thumb Code     0  __rtentry2.o(.ARM.Collect$$rtentry$$00000009)
    __rt_entry_main                          0x00000497   Thumb Code     0  __rtentry2.o(.ARM.Collect$$rtentry$$0000000D)
    __rt_entry_postli_1                      0x00000497   Thumb Code     0  __rtentry2.o(.ARM.Collect$$rtentry$$0000000C)
    __rt_exit                                0x0000049f   Thumb Code     0  rtexit.o(.ARM.Collect$$rtexit$$00000000)
    __rt_exit_ls                             0x000004a1   Thumb Code     0  rtexit2.o(.ARM.Collect$$rtexit$$00000003)
    __rt_exit_prels_1                        0x000004a1   Thumb Code     0  rtexit2.o(.ARM.Collect$$rtexit$$00000002)
    __rt_exit_exit                           0x000004a5   Thumb Code     0  rtexit2.o(.ARM.Collect$$rtexit$$00000004)
    __asm___6_enet_c_7a926d92____REVSH       0x000004ad   Thumb Code     4  enet.o(.revsh_text)
    SystemInit                               0x000004b1   Thumb Code    92  system_mk60d10.o(.text)
    SystemCoreClockUpdate                    0x0000050d   Thumb Code   324  system_mk60d10.o(.text)
    Reset_Handler                            0x0000066d   Thumb Code     8  startup_mk60d10.o(.text)
    HardFault_Handler                        0x00000677   Thumb Code     2  startup_mk60d10.o(.text)
    MemManage_Handler                        0x00000679   Thumb Code     2  startup_mk60d10.o(.text)
    BusFault_Handler                         0x0000067b   Thumb Code     2  startup_mk60d10.o(.text)
    UsageFault_Handler                       0x0000067d   Thumb Code     2  startup_mk60d10.o(.text)
    SVC_Handler                              0x0000067f   Thumb Code     2  startup_mk60d10.o(.text)
    DebugMon_Handler                         0x00000681   Thumb Code     2  startup_mk60d10.o(.text)
    PendSV_Handler                           0x00000683   Thumb Code     2  startup_mk60d10.o(.text)
    SysTick_Handler                          0x00000685   Thumb Code     2  startup_mk60d10.o(.text)
    CAN0_Bus_Off_IRQHandler                  0x00000687   Thumb Code     0  startup_mk60d10.o(.text)
    CAN0_Error_IRQHandler                    0x00000687   Thumb Code     0  startup_mk60d10.o(.text)
    CAN0_Rx_Warning_IRQHandler               0x00000687   Thumb Code     0  startup_mk60d10.o(.text)
    CAN0_Tx_Warning_IRQHandler               0x00000687   Thumb Code     0  startup_mk60d10.o(.text)
    CAN0_Wake_Up_IRQHandler                  0x00000687   Thumb Code     0  startup_mk60d10.o(.text)
    CAN1_Bus_Off_IRQHandler                  0x00000687   Thumb Code     0  startup_mk60d10.o(.text)
    CAN1_Error_IRQHandler                    0x00000687   Thumb Code     0  startup_mk60d10.o(.text)
    CAN1_Rx_Warning_IRQHandler               0x00000687   Thumb Code     0  startup_mk60d10.o(.text)
    CAN1_Tx_Warning_IRQHandler               0x00000687   Thumb Code     0  startup_mk60d10.o(.text)
    CAN1_Wake_Up_IRQHandler                  0x00000687   Thumb Code     0  startup_mk60d10.o(.text)
    CMP0_IRQHandler                          0x00000687   Thumb Code     0  startup_mk60d10.o(.text)
    CMP1_IRQHandler                          0x00000687   Thumb Code     0  startup_mk60d10.o(.text)
    CMP2_IRQHandler                          0x00000687   Thumb Code     0  startup_mk60d10.o(.text)
    CMT_IRQHandler                           0x00000687   Thumb Code     0  startup_mk60d10.o(.text)
    DMA_Error_IRQHandler                     0x00000687   Thumb Code     0  startup_mk60d10.o(.text)
    DefaultISR                               0x00000687   Thumb Code     0  startup_mk60d10.o(.text)
    ENET_1588_Timer_IRQHandler               0x00000687   Thumb Code     0  startup_mk60d10.o(.text)
    ENET_Error_IRQHandler                    0x00000687   Thumb Code     0  startup_mk60d10.o(.text)
    FTFL_IRQHandler                          0x00000687   Thumb Code     0  startup_mk60d10.o(.text)
    I2C0_IRQHandler                          0x00000687   Thumb Code     0  startup_mk60d10.o(.text)
    I2C1_IRQHandler                          0x00000687   Thumb Code     0  startup_mk60d10.o(.text)
    I2S0_Rx_IRQHandler                       0x00000687   Thumb Code     0  startup_mk60d10.o(.text)
    I2S0_Tx_IRQHandler                       0x00000687   Thumb Code     0  startup_mk60d10.o(.text)
    LLW_IRQHandler                           0x00000687   Thumb Code     0  startup_mk60d10.o(.text)
    LVD_LVW_IRQHandler                       0x00000687   Thumb Code     0  startup_mk60d10.o(.text)
    MCG_IRQHandler                           0x00000687   Thumb Code     0  startup_mk60d10.o(.text)
    MCM_IRQHandler                           0x00000687   Thumb Code     0  startup_mk60d10.o(.text)
    RNG_IRQHandler                           0x00000687   Thumb Code     0  startup_mk60d10.o(.text)
    RTC_Seconds_IRQHandler                   0x00000687   Thumb Code     0  startup_mk60d10.o(.text)
    Read_Collision_IRQHandler                0x00000687   Thumb Code     0  startup_mk60d10.o(.text)
    Reserved102_IRQHandler                   0x00000687   Thumb Code     0  startup_mk60d10.o(.text)
    Reserved108_IRQHandler                   0x00000687   Thumb Code     0  startup_mk60d10.o(.text)
    Reserved109_IRQHandler                   0x00000687   Thumb Code     0  startup_mk60d10.o(.text)
    Reserved111_IRQHandler                   0x00000687   Thumb Code     0  startup_mk60d10.o(.text)
    Reserved112_IRQHandler                   0x00000687   Thumb Code     0  startup_mk60d10.o(.text)
    Reserved113_IRQHandler                   0x00000687   Thumb Code     0  startup_mk60d10.o(.text)
    Reserved114_IRQHandler                   0x00000687   Thumb Code     0  startup_mk60d10.o(.text)
    Reserved115_IRQHandler                   0x00000687   Thumb Code     0  startup_mk60d10.o(.text)
    Reserved116_IRQHandler                   0x00000687   Thumb Code     0  startup_mk60d10.o(.text)
    Reserved117_IRQHandler                   0x00000687   Thumb Code     0  startup_mk60d10.o(.text)
    Reserved118_IRQHandler                   0x00000687   Thumb Code     0  startup_mk60d10.o(.text)
    Reserved119_IRQHandler                   0x00000687   Thumb Code     0  startup_mk60d10.o(.text)
    Reserved59_IRQHandler                    0x00000687   Thumb Code     0  startup_mk60d10.o(.text)
    Reserved95_IRQHandler                    0x00000687   Thumb Code     0  startup_mk60d10.o(.text)
    SDHC_IRQHandler                          0x00000687   Thumb Code     0  startup_mk60d10.o(.text)
    SWI_IRQHandler                           0x00000687   Thumb Code     0  startup_mk60d10.o(.text)
    UART0_ERR_IRQHandler                     0x00000687   Thumb Code     0  startup_mk60d10.o(.text)
    UART0_LON_IRQHandler                     0x00000687   Thumb Code     0  startup_mk60d10.o(.text)
    UART1_ERR_IRQHandler                     0x00000687   Thumb Code     0  startup_mk60d10.o(.text)
    UART2_ERR_IRQHandler                     0x00000687   Thumb Code     0  startup_mk60d10.o(.text)
    UART3_ERR_IRQHandler                     0x00000687   Thumb Code     0  startup_mk60d10.o(.text)
    UART4_ERR_IRQHandler                     0x00000687   Thumb Code     0  startup_mk60d10.o(.text)
    UART5_ERR_IRQHandler                     0x00000687   Thumb Code     0  startup_mk60d10.o(.text)
    USB0_IRQHandler                          0x00000687   Thumb Code     0  startup_mk60d10.o(.text)
    USBDCD_IRQHandler                        0x00000687   Thumb Code     0  startup_mk60d10.o(.text)
    __user_initial_stackheap                 0x00000689   Thumb Code     0  startup_mk60d10.o(.text)
    Zrq_interupt                             0x000006ad   Thumb Code    22  main.o(.text)
    r_motor                                  0x000006c3   Thumb Code    74  main.o(.text)
    l_motor                                  0x0000070d   Thumb Code    74  main.o(.text)
    motor                                    0x00000757   Thumb Code    32  main.o(.text)
    steer_init                               0x00000777   Thumb Code    26  main.o(.text)
    steer_change                             0x00000791   Thumb Code    80  main.o(.text)
    zhangRuiQing_MotorAndSteer               0x000007e1   Thumb Code   238  main.o(.text)
    main                                     0x000008cf   Thumb Code    12  main.o(.text)
    PORT_PinMuxConfig                        0x000008e5   Thumb Code    74  gpio.o(.text)
    PORT_PinPullConfig                       0x0000092f   Thumb Code   162  gpio.o(.text)
    PORT_PinOpenDrainConfig                  0x000009d1   Thumb Code    72  gpio.o(.text)
    PORT_PinPassiveFilterConfig              0x00000a19   Thumb Code    72  gpio.o(.text)
    GPIO_PinConfig                           0x00000a61   Thumb Code    70  gpio.o(.text)
    GPIO_Init                                0x00000aa7   Thumb Code   196  gpio.o(.text)
    GPIO_QuickInit                           0x00000b6b   Thumb Code    30  gpio.o(.text)
    GPIO_WriteBit                            0x00000b89   Thumb Code    68  gpio.o(.text)
    GPIO_SetBit                              0x00000bcd   Thumb Code    24  gpio.o(.text)
    GPIO_ResetBit                            0x00000be5   Thumb Code    24  gpio.o(.text)
    GPIO_ReadBit                             0x00000bfd   Thumb Code    50  gpio.o(.text)
    GPIO_ToggleBit                           0x00000c2f   Thumb Code    24  gpio.o(.text)
    GPIO_ReadPort                            0x00000c47   Thumb Code    12  gpio.o(.text)
    GPIO_WritePort                           0x00000c53   Thumb Code    10  gpio.o(.text)
    GPIO_ITDMAConfig                         0x00000c5d   Thumb Code   380  gpio.o(.text)
    GPIO_CallbackInstall                     0x00000dd9   Thumb Code    26  gpio.o(.text)
    PORTA_IRQHandler                         0x00000e23   Thumb Code    10  gpio.o(.text)
    PORTB_IRQHandler                         0x00000e2d   Thumb Code    10  gpio.o(.text)
    PORTC_IRQHandler                         0x00000e37   Thumb Code    10  gpio.o(.text)
    PORTD_IRQHandler                         0x00000e41   Thumb Code    10  gpio.o(.text)
    PORTE_IRQHandler                         0x00000e4b   Thumb Code    10  gpio.o(.text)
    UART_GetTxFIFOSize                       0x00000e81   Thumb Code    22  uart.o(.text)
    UART_WriteByte                           0x00000e97   Thumb Code   118  uart.o(.text)
    fputc                                    0x00000f0d   Thumb Code    20  uart.o(.text)
    UART_ReadByte                            0x00000f21   Thumb Code    56  uart.o(.text)
    fgetc                                    0x00000f59   Thumb Code    28  uart.o(.text)
    UART_printf                              0x00000fbf   Thumb Code   110  uart.o(.text)
    UART_Init                                0x0000102d   Thumb Code   742  uart.o(.text)
    UART_DeInit                              0x00001313   Thumb Code    76  uart.o(.text)
    UART_SelectDebugInstance                 0x0000135f   Thumb Code     6  uart.o(.text)
    UART_EnableTxFIFO                        0x00001365   Thumb Code    46  uart.o(.text)
    UART_EnableRxFIFO                        0x00001393   Thumb Code    46  uart.o(.text)
    UART_GetRxFIFOSize                       0x000013c1   Thumb Code    22  uart.o(.text)
    UART_SetTxFIFOWatermark                  0x000013d7   Thumb Code    50  uart.o(.text)
    UART_SetRxFIFOWatermark                  0x00001409   Thumb Code    50  uart.o(.text)
    UART_ITDMAConfig                         0x0000143b   Thumb Code   408  uart.o(.text)
    UART_CallbackTxInstall                   0x000015d3   Thumb Code    48  uart.o(.text)
    UART_CallbackRxInstall                   0x00001603   Thumb Code    48  uart.o(.text)
    UART_QuickInit                           0x00001633   Thumb Code   146  uart.o(.text)
    UART0_RX_TX_IRQHandler                   0x00001783   Thumb Code    10  uart.o(.text)
    UART1_RX_TX_IRQHandler                   0x0000178d   Thumb Code    10  uart.o(.text)
    UART2_RX_TX_IRQHandler                   0x00001797   Thumb Code    10  uart.o(.text)
    UART3_RX_TX_IRQHandler                   0x000017a1   Thumb Code    10  uart.o(.text)
    UART4_RX_TX_IRQHandler                   0x000017ab   Thumb Code    10  uart.o(.text)
    UART5_RX_TX_IRQHandler                   0x000017b5   Thumb Code    10  uart.o(.text)
    WDOG_Init                                0x000017f5   Thumb Code   112  wdog.o(.text)
    WDOG_QuickInit                           0x00001865   Thumb Code    24  wdog.o(.text)
    WDOG_ITDMAConfig                         0x0000187d   Thumb Code    84  wdog.o(.text)
    WDOG_CallbackInstall                     0x000018d1   Thumb Code     8  wdog.o(.text)
    WDOG_GetResetCounter                     0x000018d9   Thumb Code     6  wdog.o(.text)
    WDOG_ClearResetCounter                   0x000018df   Thumb Code    10  wdog.o(.text)
    WDOG_GetCurrentCounter                   0x000018e9   Thumb Code    14  wdog.o(.text)
    WDOG_Refresh                             0x000018f7   Thumb Code    32  wdog.o(.text)
    Watchdog_IRQHandler                      0x00001917   Thumb Code    28  wdog.o(.text)
    PIT_Init                                 0x00001941   Thumb Code    94  pit.o(.text)
    PIT_QuickInit                            0x0000199f   Thumb Code    20  pit.o(.text)
    PIT_ITDMAConfig                          0x000019b3   Thumb Code   114  pit.o(.text)
    PIT_ResetCounter                         0x00001a25   Thumb Code    42  pit.o(.text)
    PIT_GetCounterValue                      0x00001a4f   Thumb Code    12  pit.o(.text)
    PIT_CallbackInstall                      0x00001a5b   Thumb Code    22  pit.o(.text)
    PIT0_IRQHandler                          0x00001a9b   Thumb Code    10  pit.o(.text)
    PIT1_IRQHandler                          0x00001aa5   Thumb Code    10  pit.o(.text)
    PIT2_IRQHandler                          0x00001aaf   Thumb Code    10  pit.o(.text)
    PIT3_IRQHandler                          0x00001ab9   Thumb Code    10  pit.o(.text)
    ADC_IsConversionCompleted                0x00001ae1   Thumb Code    26  adc.o(.text)
    ADC_Calibration                          0x00001afb   Thumb Code   254  adc.o(.text)
    ADC_Init                                 0x00001bf9   Thumb Code   662  adc.o(.text)
    ADC_EnableHardwareTrigger                0x00001e8f   Thumb Code    58  adc.o(.text)
    ADC_ChlMuxConfig                         0x00001ec9   Thumb Code    48  adc.o(.text)
    ADC_QuickInit                            0x00001ef9   Thumb Code   146  adc.o(.text)
    ADC_StartConversion                      0x00001f8b   Thumb Code    54  adc.o(.text)
    ADC_ReadValue                            0x00001fc1   Thumb Code    16  adc.o(.text)
    ADC_QuickReadValue                       0x00001fd1   Thumb Code    54  adc.o(.text)
    ADC_ITDMAConfig                          0x00002007   Thumb Code   170  adc.o(.text)
    ADC_CallbackInstall                      0x000020b1   Thumb Code    10  adc.o(.text)
    ADC0_IRQHandler                          0x000020bb   Thumb Code    16  adc.o(.text)
    ADC1_IRQHandler                          0x000020cb   Thumb Code    16  adc.o(.text)
    FTM_PWM_InvertPolarity                   0x00002237   Thumb Code   132  ftm.o(.text)
    FTM_QD_QuickInit                         0x0000272f   Thumb Code   376  ftm.o(.text)
    FTM_QD_GetData                           0x000028a7   Thumb Code    30  ftm.o(.text)
    FTM_QD_ClearCount                        0x000028c5   Thumb Code    12  ftm.o(.text)
    FTM_PWM_ChangeDuty                       0x000028d1   Thumb Code   156  ftm.o(.text)
    FTM_PWM_QuickInit                        0x0000296d   Thumb Code   452  ftm.o(.text)
    FTM_IC_QuickInit                         0x00002b31   Thumb Code   204  ftm.o(.text)
    FTM_IC_SetTriggerMode                    0x00002bfd   Thumb Code   194  ftm.o(.text)
    FTM_GetChlCounter                        0x00002cbf   Thumb Code    18  ftm.o(.text)
    FTM_SetMoudleCounter                     0x00002cd1   Thumb Code    10  ftm.o(.text)
    FTM_CallbackInstall                      0x00002cdb   Thumb Code    18  ftm.o(.text)
    FTM_ITDMAConfig                          0x00002ced   Thumb Code   358  ftm.o(.text)
    FTM_IsChnInterupt                        0x00002e53   Thumb Code    20  ftm.o(.text)
    FTM_IRQHandler                           0x00002e67   Thumb Code   118  ftm.o(.text)
    FTM0_IRQHandler                          0x00002edd   Thumb Code    10  ftm.o(.text)
    FTM1_IRQHandler                          0x00002ee7   Thumb Code    10  ftm.o(.text)
    FTM2_IRQHandler                          0x00002ef1   Thumb Code    10  ftm.o(.text)
    SPI_CTARConfig                           0x00002fef   Thumb Code   346  spi.o(.text)
    SPI_Init                                 0x00003149   Thumb Code   148  spi.o(.text)
    SPI_QuickInit                            0x000031dd   Thumb Code    98  spi.o(.text)
    SPI_EnableTxFIFO                         0x0000323f   Thumb Code    66  spi.o(.text)
    SPI_EnableRxFIFO                         0x00003281   Thumb Code    66  spi.o(.text)
    SPI_ITDMAConfig                          0x000032c3   Thumb Code   196  spi.o(.text)
    SPI_CallbackInstall                      0x00003387   Thumb Code    10  spi.o(.text)
    SPI_ReadWriteByte                        0x00003391   Thumb Code   114  spi.o(.text)
    SPI0_IRQHandler                          0x0000342d   Thumb Code    10  spi.o(.text)
    SPI1_IRQHandler                          0x00003437   Thumb Code    10  spi.o(.text)
    SPI2_IRQHandler                          0x00003441   Thumb Code    10  spi.o(.text)
    LPTMR_TC_Init                            0x00003455   Thumb Code    78  lptmr.o(.text)
    LPTMR_PC_Init                            0x000034a3   Thumb Code   178  lptmr.o(.text)
    LPTMR_ITDMAConfig                        0x00003555   Thumb Code    92  lptmr.o(.text)
    LPTMR_CallbackInstall                    0x000035b1   Thumb Code    26  lptmr.o(.text)
    LPTMR_PC_ReadCounter                     0x000035cb   Thumb Code    18  lptmr.o(.text)
    LPTMR_PC_QuickInit                       0x000035dd   Thumb Code   110  lptmr.o(.text)
    LPTMR_ClearCounter                       0x0000364b   Thumb Code    24  lptmr.o(.text)
    LPTimer_IRQHandler                       0x00003663   Thumb Code    28  lptmr.o(.text)
    DMA_Init                                 0x00003691   Thumb Code   372  dma.o(.text)
    DMA_ChlAlloc                             0x00003805   Thumb Code    46  dma.o(.text)
    DMA_ChlFree                              0x00003833   Thumb Code    16  dma.o(.text)
    DMA_GetMajorLoopCount                    0x00003843   Thumb Code    16  dma.o(.text)
    DMA_SetMajorLoopCounter                  0x00003853   Thumb Code    44  dma.o(.text)
    DMA_EnableRequest                        0x0000387f   Thumb Code    10  dma.o(.text)
    DMA_DisableRequest                       0x00003889   Thumb Code    10  dma.o(.text)
    DMA_EnableAutoDisableRequest             0x00003893   Thumb Code    46  dma.o(.text)
    DMA_EnableMajorLink                      0x000038c1   Thumb Code    94  dma.o(.text)
    DMA_ITConfig                             0x0000391f   Thumb Code   140  dma.o(.text)
    DMA_CallbackInstall                      0x000039ab   Thumb Code    10  dma.o(.text)
    DMA_IsMajorLoopComplete                  0x000039b5   Thumb Code    56  dma.o(.text)
    DMA_SetDestAddress                       0x000039ed   Thumb Code    10  dma.o(.text)
    DMA_GetDestAddress                       0x000039f7   Thumb Code    12  dma.o(.text)
    DMA_SetSourceAddress                     0x00003a03   Thumb Code    10  dma.o(.text)
    DMA_GetSourceAddress                     0x00003a0d   Thumb Code    12  dma.o(.text)
    DMA_CancelTransfer                       0x00003a19   Thumb Code    14  dma.o(.text)
    DMA0_IRQHandler                          0x00003a45   Thumb Code    10  dma.o(.text)
    DMA1_IRQHandler                          0x00003a4f   Thumb Code    10  dma.o(.text)
    DMA2_IRQHandler                          0x00003a59   Thumb Code    10  dma.o(.text)
    DMA3_IRQHandler                          0x00003a63   Thumb Code    10  dma.o(.text)
    DMA4_IRQHandler                          0x00003a6d   Thumb Code    40  dma.o(.text)
    DMA5_IRQHandler                          0x00003a95   Thumb Code    10  dma.o(.text)
    DMA6_IRQHandler                          0x00003a9f   Thumb Code    10  dma.o(.text)
    DMA7_IRQHandler                          0x00003aa9   Thumb Code    10  dma.o(.text)
    DMA8_IRQHandler                          0x00003ab3   Thumb Code    10  dma.o(.text)
    DMA9_IRQHandler                          0x00003abd   Thumb Code    10  dma.o(.text)
    DMA10_IRQHandler                         0x00003ac7   Thumb Code    10  dma.o(.text)
    DMA11_IRQHandler                         0x00003ad1   Thumb Code    10  dma.o(.text)
    DMA12_IRQHandler                         0x00003adb   Thumb Code    10  dma.o(.text)
    DMA13_IRQHandler                         0x00003ae5   Thumb Code    10  dma.o(.text)
    DMA14_IRQHandler                         0x00003aef   Thumb Code    10  dma.o(.text)
    DMA15_IRQHandler                         0x00003af9   Thumb Code    10  dma.o(.text)
    RTC_GetWeek                              0x00003b05   Thumb Code   108  rtc.o(.text)
    RTC_GetTime                              0x00003c7f   Thumb Code    26  rtc.o(.text)
    RTC_IsTimeValid                          0x00003c99   Thumb Code    14  rtc.o(.text)
    RTC_SetAlarm                             0x00003ca7   Thumb Code    28  rtc.o(.text)
    RTC_SetCompensation                      0x00003cc3   Thumb Code    54  rtc.o(.text)
    RTC_Init                                 0x00003cf9   Thumb Code   162  rtc.o(.text)
    RTC_QuickInit                            0x00003d9b   Thumb Code    14  rtc.o(.text)
    RTC_GetTSR                               0x00003da9   Thumb Code     6  rtc.o(.text)
    RTC_GetTAR                               0x00003daf   Thumb Code     6  rtc.o(.text)
    RTC_SetTime                              0x00003db5   Thumb Code    46  rtc.o(.text)
    RTC_SetTSR                               0x00003de3   Thumb Code    26  rtc.o(.text)
    RTC_ITDMAConfig                          0x00003dfd   Thumb Code   128  rtc.o(.text)
    RTC_CallbackInstall                      0x00003e7d   Thumb Code     8  rtc.o(.text)
    RTC_IRQHandler                           0x00003e85   Thumb Code    72  rtc.o(.text)
    ENET_MII_Init                            0x00004075   Thumb Code    68  enet.o(.text)
    ENET_MII_Write                           0x000040b9   Thumb Code   110  enet.o(.text)
    ENET_MII_Read                            0x00004127   Thumb Code   114  enet.o(.text)
    ENET_Init                                0x00004199   Thumb Code   316  enet.o(.text)
    ENET_MacSendData                         0x000042d5   Thumb Code   150  enet.o(.text)
    ENET_GetReceiveLen                       0x0000436b   Thumb Code    30  enet.o(.text)
    ENET_MacReceiveData                      0x00004389   Thumb Code    78  enet.o(.text)
    ENET_ITDMAConfig                         0x000043d7   Thumb Code    86  enet.o(.text)
    ENET_CallbackTxInstall                   0x0000442d   Thumb Code     8  enet.o(.text)
    ENET_CallbackRxInstall                   0x00004435   Thumb Code     8  enet.o(.text)
    ENET_IsTxTransferComplete                0x0000443d   Thumb Code    30  enet.o(.text)
    ENET_Transmit_IRQHandler                 0x0000445b   Thumb Code    28  enet.o(.text)
    ENET_Receive_IRQHandler                  0x00004477   Thumb Code    28  enet.o(.text)
    TSI_GetCounter                           0x000044bd   Thumb Code    12  tsi.o(.text)
    TSI_Init                                 0x0000451f   Thumb Code   234  tsi.o(.text)
    TSI_QuickInit                            0x00004609   Thumb Code   102  tsi.o(.text)
    TSI_ITDMAConfig                          0x0000466f   Thumb Code    96  tsi.o(.text)
    TSI_CallbackInstall                      0x000046cf   Thumb Code     8  tsi.o(.text)
    TSI0_IRQHandler                          0x000046d7   Thumb Code    38  tsi.o(.text)
    GetClock                                 0x00004729   Thumb Code   104  common.o(.text)
    EnterSTOPMode                            0x00004791   Thumb Code    54  common.o(.text)
    QuickInitEncode                          0x000047c7   Thumb Code     6  common.o(.text)
    GetUID                                   0x000047cd   Thumb Code    16  common.o(.text)
    QuickInitDecode                          0x000047dd   Thumb Code    10  common.o(.text)
    DWT_DelayInit                            0x000047e7   Thumb Code    30  common.o(.text)
    DWT_DelayUs                              0x00004805   Thumb Code    62  common.o(.text)
    DWT_DelayMs                              0x00004843   Thumb Code    18  common.o(.text)
    DelayInit                                0x00004855   Thumb Code     8  common.o(.text)
    DelayMs                                  0x0000485d   Thumb Code    12  common.o(.text)
    DelayUs                                  0x00004869   Thumb Code    12  common.o(.text)
    NMI_isr                                  0x00004875   Thumb Code     2  common.o(.text)
    NMI_Handler                              0x00004877   Thumb Code     8  common.o(.text)
    CAN_SetRxFilterMask                      0x000049d7   Thumb Code   126  can.o(.text)
    CAN_SetRxMB                              0x00004a55   Thumb Code    84  can.o(.text)
    CAN_Init                                 0x00004aa9   Thumb Code   244  can.o(.text)
    CAN_QuickInit                            0x00004b9d   Thumb Code    74  can.o(.text)
    CAN_WriteData                            0x00004c0f   Thumb Code   256  can.o(.text)
    CAN_WriteRemote                          0x00004d0f   Thumb Code   194  can.o(.text)
    CAN_CallbackInstall                      0x00004dd1   Thumb Code    10  can.o(.text)
    CAN_ITDMAConfig                          0x00004ddb   Thumb Code   142  can.o(.text)
    CAN_ReadData                             0x00004e69   Thumb Code   228  can.o(.text)
    CAN_ReadFIFO                             0x00004f4d   Thumb Code   132  can.o(.text)
    CAN_IsRxFIFOEnable                       0x00004fd1   Thumb Code    16  can.o(.text)
    CAN_SetRxFIFO                            0x00004fe1   Thumb Code    82  can.o(.text)
    CAN_IRQHandler                           0x00005033   Thumb Code    22  can.o(.text)
    CAN0_ORed_Message_buffer_IRQHandler      0x00005049   Thumb Code    10  can.o(.text)
    CAN1_ORed_Message_buffer_IRQHandler      0x00005053   Thumb Code    10  can.o(.text)
    DAC_Init                                 0x00005081   Thumb Code   576  dac.o(.text)
    DAC_GetBufferReadPointer                 0x000052c1   Thumb Code    16  dac.o(.text)
    DAC_SetBufferReadPointer                 0x000052d1   Thumb Code    54  dac.o(.text)
    DAC_SetBufferUpperLimit                  0x00005307   Thumb Code    52  dac.o(.text)
    DAC_ITDMAConfig                          0x0000533b   Thumb Code   354  dac.o(.text)
    DAC_SoftwareStartConversion              0x0000549d   Thumb Code    26  dac.o(.text)
    DAC_SetWaterMark                         0x000054b7   Thumb Code   146  dac.o(.text)
    DAC_SetBufferValue                       0x00005549   Thumb Code    50  dac.o(.text)
    DAC_CallbackInstall                      0x0000557b   Thumb Code    10  dac.o(.text)
    DAC0_IRQHandler                          0x000055ff   Thumb Code    10  dac.o(.text)
    DAC1_IRQHandler                          0x00005609   Thumb Code    10  dac.o(.text)
    PDB_SoftwareTrigger                      0x00005631   Thumb Code    14  pdb.o(.text)
    PDB_GetMODValue                          0x000056fb   Thumb Code     6  pdb.o(.text)
    PDB_Init                                 0x00005701   Thumb Code   102  pdb.o(.text)
    PDB_QuickInit                            0x00005767   Thumb Code    38  pdb.o(.text)
    PDB_SetADCPreTrigger                     0x0000578d   Thumb Code   154  pdb.o(.text)
    PDB_SetBackToBackMode                    0x00005827   Thumb Code    86  pdb.o(.text)
    PDB_ITDMAConfig                          0x0000587d   Thumb Code   140  pdb.o(.text)
    PDB_CallbackInstall                      0x00005909   Thumb Code    20  pdb.o(.text)
    PDB0_IRQHandler                          0x0000591d   Thumb Code    28  pdb.o(.text)
    __aeabi_memcpy                           0x00005951   Thumb Code     0  rt_memcpy_v6.o(.text)
    __rt_memcpy                              0x00005951   Thumb Code   138  rt_memcpy_v6.o(.text)
    _memcpy_lastbytes                        0x000059b7   Thumb Code     0  rt_memcpy_v6.o(.text)
    __use_two_region_memory                  0x000059db   Thumb Code     2  heapauxi.o(.text)
    __rt_heap_escrow$2region                 0x000059dd   Thumb Code     2  heapauxi.o(.text)
    __rt_heap_expand$2region                 0x000059df   Thumb Code     2  heapauxi.o(.text)
    __aeabi_memcpy4                          0x000059e1   Thumb Code     0  rt_memcpy_w.o(.text)
    __aeabi_memcpy8                          0x000059e1   Thumb Code     0  rt_memcpy_w.o(.text)
    __rt_memcpy_w                            0x000059e1   Thumb Code   100  rt_memcpy_w.o(.text)
    _memcpy_lastbytes_aligned                0x00005a29   Thumb Code     0  rt_memcpy_w.o(.text)
    __user_libspace                          0x00005a45   Thumb Code     8  libspace.o(.text)
    __user_perproc_libspace                  0x00005a45   Thumb Code     0  libspace.o(.text)
    __user_perthread_libspace                0x00005a45   Thumb Code     0  libspace.o(.text)
    __user_setup_stackheap                   0x00005a4d   Thumb Code    74  sys_stackheap_outer.o(.text)
    exit                                     0x00005a97   Thumb Code    18  exit.o(.text)
    _sys_exit                                0x00005aa9   Thumb Code     8  sys_exit.o(.text)
    __I$use$semihosting                      0x00005ab5   Thumb Code     0  use_no_semi.o(.text)
    __use_no_semihosting_swi                 0x00005ab5   Thumb Code     2  use_no_semi.o(.text)
    __semihosting_library_function           0x00005ab7   Thumb Code     0  indicate_semi.o(.text)
    SPI_InstanceTable                        0x00005be8   Data          12  spi.o(.constdata)
    CANBase                                  0x00005cc4   Data           8  can.o(.constdata)
    Region$$Table$$Base                      0x00005d0c   Number         0  anon$$obj.o(Region$$Table)
    Region$$Table$$Limit                     0x00005d2c   Number         0  anon$$obj.o(Region$$Table)
    SystemCoreClock                          0x20000000   Data           4  system_mk60d10.o(.data)
    __stdout                                 0x20000008   Data           4  uart.o(.data)
    __stdin                                  0x2000000c   Data           4  uart.o(.data)
    __libspace_start                         0x200007d8   Data          96  libspace.o(.bss)
    __temporary_stack_top$libspace           0x20000838   Data           0  libspace.o(.bss)



==============================================================================

Memory Map of the image

  Image Entry point : 0x00000411

  Load Region LR_IROM1 (Base: 0x00000000, Size: 0x00005df8, Max: 0x00080000, ABSOLUTE)

    Execution Region ER_IROM1 (Base: 0x00000000, Size: 0x00005d2c, Max: 0x00080000, ABSOLUTE)

    Base Addr    Size         Type   Attr      Idx    E Section Name        Object

    0x00000000   0x00000400   Data   RO           51    RESET               startup_mk60d10.o
    0x00000400   0x00000010   Code   RO           52    .ARM.__at_0x400     startup_mk60d10.o
    0x00000410   0x00000008   Code   RO          952  * !!!main             c_w.l(__main.o)
    0x00000418   0x00000034   Code   RO         1198    !!!scatter          c_w.l(__scatter.o)
    0x0000044c   0x0000001a   Code   RO         1200    !!handler_copy      c_w.l(__scatter_copy.o)
    0x00000466   0x00000002   PAD
    0x00000468   0x0000001c   Code   RO         1202    !!handler_zi        c_w.l(__scatter_zi.o)
    0x00000484   0x00000002   Code   RO         1071    .ARM.Collect$$libinit$$00000000  c_w.l(libinit.o)
    0x00000486   0x00000000   Code   RO         1073    .ARM.Collect$$libinit$$00000002  c_w.l(libinit2.o)
    0x00000486   0x00000000   Code   RO         1075    .ARM.Collect$$libinit$$00000004  c_w.l(libinit2.o)
    0x00000486   0x00000000   Code   RO         1078    .ARM.Collect$$libinit$$0000000A  c_w.l(libinit2.o)
    0x00000486   0x00000000   Code   RO         1080    .ARM.Collect$$libinit$$0000000C  c_w.l(libinit2.o)
    0x00000486   0x00000000   Code   RO         1082    .ARM.Collect$$libinit$$0000000E  c_w.l(libinit2.o)
    0x00000486   0x00000000   Code   RO         1085    .ARM.Collect$$libinit$$00000011  c_w.l(libinit2.o)
    0x00000486   0x00000000   Code   RO         1087    .ARM.Collect$$libinit$$00000013  c_w.l(libinit2.o)
    0x00000486   0x00000000   Code   RO         1089    .ARM.Collect$$libinit$$00000015  c_w.l(libinit2.o)
    0x00000486   0x00000000   Code   RO         1091    .ARM.Collect$$libinit$$00000017  c_w.l(libinit2.o)
    0x00000486   0x00000000   Code   RO         1093    .ARM.Collect$$libinit$$00000019  c_w.l(libinit2.o)
    0x00000486   0x00000000   Code   RO         1095    .ARM.Collect$$libinit$$0000001B  c_w.l(libinit2.o)
    0x00000486   0x00000000   Code   RO         1097    .ARM.Collect$$libinit$$0000001D  c_w.l(libinit2.o)
    0x00000486   0x00000000   Code   RO         1099    .ARM.Collect$$libinit$$0000001F  c_w.l(libinit2.o)
    0x00000486   0x00000000   Code   RO         1101    .ARM.Collect$$libinit$$00000021  c_w.l(libinit2.o)
    0x00000486   0x00000000   Code   RO         1103    .ARM.Collect$$libinit$$00000023  c_w.l(libinit2.o)
    0x00000486   0x00000000   Code   RO         1105    .ARM.Collect$$libinit$$00000025  c_w.l(libinit2.o)
    0x00000486   0x00000000   Code   RO         1109    .ARM.Collect$$libinit$$0000002C  c_w.l(libinit2.o)
    0x00000486   0x00000000   Code   RO         1111    .ARM.Collect$$libinit$$0000002E  c_w.l(libinit2.o)
    0x00000486   0x00000000   Code   RO         1113    .ARM.Collect$$libinit$$00000030  c_w.l(libinit2.o)
    0x00000486   0x00000000   Code   RO         1115    .ARM.Collect$$libinit$$00000032  c_w.l(libinit2.o)
    0x00000486   0x00000002   Code   RO         1116    .ARM.Collect$$libinit$$00000033  c_w.l(libinit2.o)
    0x00000488   0x00000002   Code   RO         1146    .ARM.Collect$$libshutdown$$00000000  c_w.l(libshutdown.o)
    0x0000048a   0x00000000   Code   RO         1157    .ARM.Collect$$libshutdown$$00000002  c_w.l(libshutdown2.o)
    0x0000048a   0x00000000   Code   RO         1159    .ARM.Collect$$libshutdown$$00000004  c_w.l(libshutdown2.o)
    0x0000048a   0x00000000   Code   RO         1162    .ARM.Collect$$libshutdown$$00000007  c_w.l(libshutdown2.o)
    0x0000048a   0x00000000   Code   RO         1165    .ARM.Collect$$libshutdown$$0000000A  c_w.l(libshutdown2.o)
    0x0000048a   0x00000000   Code   RO         1167    .ARM.Collect$$libshutdown$$0000000C  c_w.l(libshutdown2.o)
    0x0000048a   0x00000000   Code   RO         1170    .ARM.Collect$$libshutdown$$0000000F  c_w.l(libshutdown2.o)
    0x0000048a   0x00000002   Code   RO         1171    .ARM.Collect$$libshutdown$$00000010  c_w.l(libshutdown2.o)
    0x0000048c   0x00000000   Code   RO          976    .ARM.Collect$$rtentry$$00000000  c_w.l(__rtentry.o)
    0x0000048c   0x00000000   Code   RO          994    .ARM.Collect$$rtentry$$00000002  c_w.l(__rtentry2.o)
    0x0000048c   0x00000006   Code   RO         1006    .ARM.Collect$$rtentry$$00000004  c_w.l(__rtentry4.o)
    0x00000492   0x00000000   Code   RO          996    .ARM.Collect$$rtentry$$00000009  c_w.l(__rtentry2.o)
    0x00000492   0x00000004   Code   RO          997    .ARM.Collect$$rtentry$$0000000A  c_w.l(__rtentry2.o)
    0x00000496   0x00000000   Code   RO          999    .ARM.Collect$$rtentry$$0000000C  c_w.l(__rtentry2.o)
    0x00000496   0x00000008   Code   RO         1000    .ARM.Collect$$rtentry$$0000000D  c_w.l(__rtentry2.o)
    0x0000049e   0x00000002   Code   RO         1117    .ARM.Collect$$rtexit$$00000000  c_w.l(rtexit.o)
    0x000004a0   0x00000000   Code   RO         1124    .ARM.Collect$$rtexit$$00000002  c_w.l(rtexit2.o)
    0x000004a0   0x00000004   Code   RO         1125    .ARM.Collect$$rtexit$$00000003  c_w.l(rtexit2.o)
    0x000004a4   0x00000006   Code   RO         1126    .ARM.Collect$$rtexit$$00000004  c_w.l(rtexit2.o)
    0x000004aa   0x00000002   PAD
    0x000004ac   0x00000004   Code   RO          670    .revsh_text         enet.o
    0x000004b0   0x000001bc   Code   RO            3    .text               system_mk60d10.o
    0x0000066c   0x00000040   Code   RO           53    .text               startup_mk60d10.o
    0x000006ac   0x00000238   Code   RO           61    .text               main.o
    0x000008e4   0x0000059c   Code   RO          308    .text               gpio.o
    0x00000e80   0x00000960   Code   RO          335    .text               uart.o
    0x000017e0   0x00000160   Code   RO          369    .text               wdog.o
    0x00001940   0x000001a0   Code   RO          394    .text               pit.o
    0x00001ae0   0x0000060c   Code   RO          445    .text               adc.o
    0x000020ec   0x00000e20   Code   RO          468    .text               ftm.o
    0x00002f0c   0x00000548   Code   RO          520    .text               spi.o
    0x00003454   0x0000023c   Code   RO          547    .text               lptmr.o
    0x00003690   0x00000472   Code   RO          573    .text               dma.o
    0x00003b02   0x00000002   PAD
    0x00003b04   0x00000400   Code   RO          645    .text               rtc.o
    0x00003f04   0x000005b8   Code   RO          671    .text               enet.o
    0x000044bc   0x0000026c   Code   RO          700    .text               tsi.o
    0x00004728   0x00000170   Code   RO          725    .text               common.o
    0x00004898   0x000007e8   Code   RO          771    .text               can.o
    0x00005080   0x000005b0   Code   RO          838    .text               dac.o
    0x00005630   0x00000320   Code   RO          864    .text               pdb.o
    0x00005950   0x0000008a   Code   RO          946    .text               c_w.l(rt_memcpy_v6.o)
    0x000059da   0x00000006   Code   RO          950    .text               c_w.l(heapauxi.o)
    0x000059e0   0x00000064   Code   RO          984    .text               c_w.l(rt_memcpy_w.o)
    0x00005a44   0x00000008   Code   RO         1055    .text               c_w.l(libspace.o)
    0x00005a4c   0x0000004a   Code   RO         1058    .text               c_w.l(sys_stackheap_outer.o)
    0x00005a96   0x00000012   Code   RO         1062    .text               c_w.l(exit.o)
    0x00005aa8   0x0000000c   Code   RO         1136    .text               c_w.l(sys_exit.o)
    0x00005ab4   0x00000002   Code   RO         1147    .text               c_w.l(use_no_semi.o)
    0x00005ab6   0x00000000   Code   RO         1149    .text               c_w.l(indicate_semi.o)
    0x00005ab6   0x00000002   PAD
    0x00005ab8   0x00000041   Data   RO          310    .constdata          gpio.o
    0x00005af9   0x00000003   PAD
    0x00005afc   0x00000084   Data   RO          337    .constdata          uart.o
    0x00005b80   0x00000004   Data   RO          396    .constdata          pit.o
    0x00005b84   0x00000022   Data   RO          446    .constdata          adc.o
    0x00005ba6   0x00000002   PAD
    0x00005ba8   0x0000003f   Data   RO          470    .constdata          ftm.o
    0x00005be7   0x00000001   PAD
    0x00005be8   0x00000084   Data   RO          522    .constdata          spi.o
    0x00005c6c   0x00000010   Data   RO          548    .constdata          lptmr.o
    0x00005c7c   0x00000014   Data   RO          575    .constdata          dma.o
    0x00005c90   0x00000034   Data   RO          646    .constdata          rtc.o
    0x00005cc4   0x00000022   Data   RO          772    .constdata          can.o
    0x00005ce6   0x00000002   PAD
    0x00005ce8   0x0000000a   Data   RO          839    .constdata          dac.o
    0x00005cf2   0x00000004   Data   RO          865    .constdata          pdb.o
    0x00005cf6   0x00000002   PAD
    0x00005cf8   0x00000011   Data   RO          338    .conststring        uart.o
    0x00005d09   0x00000003   PAD
    0x00005d0c   0x00000020   Data   RO         1196    Region$$Table       anon$$obj.o


    Execution Region RW_IRAM1 (Base: 0x20000000, Size: 0x00001c38, Max: 0x00010000, ABSOLUTE)

    Base Addr    Size         Type   Attr      Idx    E Section Name        Object

    0x20000000   0x00000004   Data   RW            4    .data               system_mk60d10.o
    0x20000004   0x00000011   Data   RW          339    .data               uart.o
    0x20000015   0x00000003   PAD
    0x20000018   0x00000004   Data   RW          370    .data               wdog.o
    0x2000001c   0x00000004   Data   RW          397    .data               pit.o
    0x20000020   0x00000008   Data   RW          447    .data               adc.o
    0x20000028   0x00000004   Data   RW          549    .data               lptmr.o
    0x2000002c   0x00000004   Data   RW          576    .data               dma.o
    0x20000030   0x00000034   Data   RW          647    .data               rtc.o
    0x20000064   0x00000010   Data   RW          673    .data               enet.o
    0x20000074   0x00000044   Data   RW          701    .data               tsi.o
    0x200000b8   0x00000008   Data   RW          773    .data               can.o
    0x200000c0   0x00000008   Data   RW          840    .data               dac.o
    0x200000c8   0x00000004   Data   RW          866    .data               pdb.o
    0x200000cc   0x00000014   Zero   RW          309    .bss                gpio.o
    0x200000e0   0x00000030   Zero   RW          336    .bss                uart.o
    0x20000110   0x00000010   Zero   RW          395    .bss                pit.o
    0x20000120   0x0000000c   Zero   RW          469    .bss                ftm.o
    0x2000012c   0x0000000c   Zero   RW          521    .bss                spi.o
    0x20000138   0x00000040   Zero   RW          574    .bss                dma.o
    0x20000178   0x0000065e   Zero   RW          672    .bss                enet.o
    0x200007d6   0x00000002   PAD
    0x200007d8   0x00000060   Zero   RW         1056    .bss                c_w.l(libspace.o)
    0x20000838   0x00000400   Zero   RW           50    HEAP                startup_mk60d10.o
    0x20000c38   0x00001000   Zero   RW           49    STACK               startup_mk60d10.o


==============================================================================

Image component sizes


      Code (inc. data)   RO Data    RW Data    ZI Data      Debug   Object Name

      1548         36         34          8          0       4759   adc.o
      2024         26         34          8          0       8631   can.o
       368         26          0          0          0       3712   common.o
      1456         34         10          8          0       5341   dac.o
      1138         30         20          4         64       7018   dma.o
      1468         74          0         16       1630       8129   enet.o
      3616         70         63          0         12       7315   ftm.o
      1436         62         65          0         20      28622   gpio.o
       572         18         16          4          0       4012   lptmr.o
       568         10          0          0          0      18757   main.o
       800         24          4          4          0       4832   pdb.o
       416         30          4          4         16       3302   pit.o
      1024         34         52         52          0       5922   rtc.o
      1352         44        132          0         12       7172   spi.o
        80         42       1024          0       5120       1212   startup_mk60d10.o
       444         36          0          4          0     241097   system_mk60d10.o
       620         22          0         68          0       5188   tsi.o
      2400         70        149         17         48      31389   uart.o
       352         14          0          4          0       3681   wdog.o

    ----------------------------------------------------------------------
     21684        702       1652        204       6924     400091   Object Totals
         0          0         32          0          0          0   (incl. Generated)
         2          0         13          3          2          0   (incl. Padding)

    ----------------------------------------------------------------------

      Code (inc. data)   RO Data    RW Data    ZI Data      Debug   Library Member Name

         8          0          0          0          0         68   __main.o
         0          0          0          0          0          0   __rtentry.o
        12          0          0          0          0          0   __rtentry2.o
         6          0          0          0          0          0   __rtentry4.o
        52          8          0          0          0          0   __scatter.o
        26          0          0          0          0          0   __scatter_copy.o
        28          0          0          0          0          0   __scatter_zi.o
        18          0          0          0          0         80   exit.o
         6          0          0          0          0        152   heapauxi.o
         0          0          0          0          0          0   indicate_semi.o
         2          0          0          0          0          0   libinit.o
         2          0          0          0          0          0   libinit2.o
         2          0          0          0          0          0   libshutdown.o
         2          0          0          0          0          0   libshutdown2.o
         8          4          0          0         96         68   libspace.o
       138          0          0          0          0         68   rt_memcpy_v6.o
       100          0          0          0          0         80   rt_memcpy_w.o
         2          0          0          0          0          0   rtexit.o
        10          0          0          0          0          0   rtexit2.o
        12          4          0          0          0         68   sys_exit.o
        74          0          0          0          0         80   sys_stackheap_outer.o
         2          0          0          0          0         68   use_no_semi.o

    ----------------------------------------------------------------------
       516         16          0          0         96        732   Library Totals
         6          0          0          0          0          0   (incl. Padding)

    ----------------------------------------------------------------------

      Code (inc. data)   RO Data    RW Data    ZI Data      Debug   Library Name

       510         16          0          0         96        732   c_w.l

    ----------------------------------------------------------------------
       516         16          0          0         96        732   Library Totals

    ----------------------------------------------------------------------

==============================================================================


      Code (inc. data)   RO Data    RW Data    ZI Data      Debug   

     22200        718       1652        204       7020     398219   Grand Totals
     22200        718       1652        204       7020     398219   ELF Image Totals
     22200        718       1652        204          0          0   ROM Totals

==============================================================================

    Total RO  Size (Code + RO Data)                23852 (  23.29kB)
    Total RW  Size (RW Data + ZI Data)              7224 (   7.05kB)
    Total ROM Size (Code + RO Data + RW Data)      24056 (  23.49kB)

==============================================================================

